CRITICAL - 2024-12-19 09:40:33 --> ParseError: syntax error, unexpected token ";", expecting "]"
[Method: GET, Route: get-appointment-price/46]
in APPPATH\Controllers\Home.php on line 2488.
 1 SYSTEMPATH\Autoloader\Autoloader.php(296): CodeIgniter\Autoloader\Autoloader->includeFile('C:\\xampp\\htdocs\\OPDClinic\\app\\Controllers\\Home.php')
 2 SYSTEMPATH\Autoloader\Autoloader.php(272): CodeIgniter\Autoloader\Autoloader->loadInNamespace('App\\Controllers\\Home')
 3 [internal function]: CodeIgniter\Autoloader\Autoloader->loadClass('App\\Controllers\\Home')
 4 SYSTEMPATH\CodeIgniter.php(887): class_exists('\\App\\Controllers\\Home', true)
 5 SYSTEMPATH\CodeIgniter.php(496): CodeIgniter\CodeIgniter->startController()
 6 SYSTEMPATH\CodeIgniter.php(355): CodeIgniter\CodeIgniter->handleRequest(null, Object(Config\Cache), false)
 7 SYSTEMPATH\Boot.php(312): CodeIgniter\CodeIgniter->run()
 8 SYSTEMPATH\Boot.php(67): CodeIgniter\Boot::runCodeIgniter(Object(CodeIgniter\CodeIgniter))
 9 FCPATH\index.php(56): CodeIgniter\Boot::bootWeb(Object(Config\Paths))
CRITICAL - 2024-12-19 09:40:33 --> ParseError: syntax error, unexpected token ";", expecting "]"
[Method: GET, Route: read/tbl_radiologytest]
in APPPATH\Controllers\Home.php on line 2488.
 1 SYSTEMPATH\Autoloader\Autoloader.php(296): CodeIgniter\Autoloader\Autoloader->includeFile('C:\\xampp\\htdocs\\OPDClinic\\app\\Controllers\\Home.php')
 2 SYSTEMPATH\Autoloader\Autoloader.php(272): CodeIgniter\Autoloader\Autoloader->loadInNamespace('App\\Controllers\\Home')
 3 [internal function]: CodeIgniter\Autoloader\Autoloader->loadClass('App\\Controllers\\Home')
 4 SYSTEMPATH\CodeIgniter.php(887): class_exists('\\App\\Controllers\\Home', true)
 5 SYSTEMPATH\CodeIgniter.php(496): CodeIgniter\CodeIgniter->startController()
 6 SYSTEMPATH\CodeIgniter.php(355): CodeIgniter\CodeIgniter->handleRequest(null, Object(Config\Cache), false)
 7 SYSTEMPATH\Boot.php(312): CodeIgniter\CodeIgniter->run()
 8 SYSTEMPATH\Boot.php(67): CodeIgniter\Boot::runCodeIgniter(Object(CodeIgniter\CodeIgniter))
 9 FCPATH\index.php(56): CodeIgniter\Boot::bootWeb(Object(Config\Paths))
CRITICAL - 2024-12-19 09:40:33 --> ParseError: syntax error, unexpected token ";", expecting "]"
[Method: GET, Route: complete-patient-details/46]
in APPPATH\Controllers\Home.php on line 2488.
 1 SYSTEMPATH\Autoloader\Autoloader.php(296): CodeIgniter\Autoloader\Autoloader->includeFile('C:\\xampp\\htdocs\\OPDClinic\\app\\Controllers\\Home.php')
 2 SYSTEMPATH\Autoloader\Autoloader.php(272): CodeIgniter\Autoloader\Autoloader->loadInNamespace('App\\Controllers\\Home')
 3 [internal function]: CodeIgniter\Autoloader\Autoloader->loadClass('App\\Controllers\\Home')
 4 SYSTEMPATH\CodeIgniter.php(887): class_exists('\\App\\Controllers\\Home', true)
 5 SYSTEMPATH\CodeIgniter.php(496): CodeIgniter\CodeIgniter->startController()
 6 SYSTEMPATH\CodeIgniter.php(355): CodeIgniter\CodeIgniter->handleRequest(null, Object(Config\Cache), false)
 7 SYSTEMPATH\Boot.php(312): CodeIgniter\CodeIgniter->run()
 8 SYSTEMPATH\Boot.php(67): CodeIgniter\Boot::runCodeIgniter(Object(CodeIgniter\CodeIgniter))
 9 FCPATH\index.php(56): CodeIgniter\Boot::bootWeb(Object(Config\Paths))
CRITICAL - 2024-12-19 09:40:33 --> ParseError: syntax error, unexpected token ";", expecting "]"
[Method: GET, Route: read/tbl_labtest]
in APPPATH\Controllers\Home.php on line 2488.
 1 SYSTEMPATH\Autoloader\Autoloader.php(296): CodeIgniter\Autoloader\Autoloader->includeFile('C:\\xampp\\htdocs\\OPDClinic\\app\\Controllers\\Home.php')
 2 SYSTEMPATH\Autoloader\Autoloader.php(272): CodeIgniter\Autoloader\Autoloader->loadInNamespace('App\\Controllers\\Home')
 3 [internal function]: CodeIgniter\Autoloader\Autoloader->loadClass('App\\Controllers\\Home')
 4 SYSTEMPATH\CodeIgniter.php(887): class_exists('\\App\\Controllers\\Home', true)
 5 SYSTEMPATH\CodeIgniter.php(496): CodeIgniter\CodeIgniter->startController()
 6 SYSTEMPATH\CodeIgniter.php(355): CodeIgniter\CodeIgniter->handleRequest(null, Object(Config\Cache), false)
 7 SYSTEMPATH\Boot.php(312): CodeIgniter\CodeIgniter->run()
 8 SYSTEMPATH\Boot.php(67): CodeIgniter\Boot::runCodeIgniter(Object(CodeIgniter\CodeIgniter))
 9 FCPATH\index.php(56): CodeIgniter\Boot::bootWeb(Object(Config\Paths))
CRITICAL - 2024-12-19 09:40:52 --> ParseError: syntax error, unexpected token ";", expecting "]"
[Method: POST, Route: submit-prescriptions]
in APPPATH\Controllers\Home.php on line 2488.
 1 SYSTEMPATH\Autoloader\Autoloader.php(296): CodeIgniter\Autoloader\Autoloader->includeFile('C:\\xampp\\htdocs\\OPDClinic\\app\\Controllers\\Home.php')
 2 SYSTEMPATH\Autoloader\Autoloader.php(272): CodeIgniter\Autoloader\Autoloader->loadInNamespace('App\\Controllers\\Home')
 3 [internal function]: CodeIgniter\Autoloader\Autoloader->loadClass('App\\Controllers\\Home')
 4 SYSTEMPATH\CodeIgniter.php(887): class_exists('\\App\\Controllers\\Home', true)
 5 SYSTEMPATH\CodeIgniter.php(496): CodeIgniter\CodeIgniter->startController()
 6 SYSTEMPATH\CodeIgniter.php(355): CodeIgniter\CodeIgniter->handleRequest(null, Object(Config\Cache), false)
 7 SYSTEMPATH\Boot.php(312): CodeIgniter\CodeIgniter->run()
 8 SYSTEMPATH\Boot.php(67): CodeIgniter\Boot::runCodeIgniter(Object(CodeIgniter\CodeIgniter))
 9 FCPATH\index.php(56): CodeIgniter\Boot::bootWeb(Object(Config\Paths))
ERROR - 2024-12-19 10:21:36 --> ErrorException: pg_query(): Query failed: ERROR:  invalid input syntax for type integer: &quot;&quot;
LINE 1: ... &quot;fees&quot;, &quot;appointment_id&quot;, &quot;record_date&quot;) VALUES ('', '', ''...
                                                             ^ in C:\xampp\htdocs\OPDClinic\system\Database\Postgre\Connection.php:193
Stack trace:
#0 [internal function]: CodeIgniter\Debug\Exceptions->errorHandler(2, 'pg_query(): Que...', 'C:\\xampp\\htdocs...', 193)
#1 C:\xampp\htdocs\OPDClinic\system\Database\Postgre\Connection.php(193): pg_query(Object(PgSql\Connection), 'INSERT INTO "tb...')
#2 C:\xampp\htdocs\OPDClinic\system\Database\BaseConnection.php(722): CodeIgniter\Database\Postgre\Connection->execute('INSERT INTO "tb...')
#3 C:\xampp\htdocs\OPDClinic\system\Database\BaseConnection.php(636): CodeIgniter\Database\BaseConnection->simpleQuery('INSERT INTO "tb...')
#4 C:\xampp\htdocs\OPDClinic\system\Database\BaseBuilder.php(2325): CodeIgniter\Database\BaseConnection->query('INSERT INTO "tb...', Array, false)
#5 C:\xampp\htdocs\OPDClinic\app\Controllers\Home.php(2324): CodeIgniter\Database\BaseBuilder->insert(Array)
#6 C:\xampp\htdocs\OPDClinic\system\CodeIgniter.php(933): App\Controllers\Home->patient_details()
#7 C:\xampp\htdocs\OPDClinic\system\CodeIgniter.php(509): CodeIgniter\CodeIgniter->runController(Object(App\Controllers\Home))
#8 C:\xampp\htdocs\OPDClinic\system\CodeIgniter.php(355): CodeIgniter\CodeIgniter->handleRequest(NULL, Object(Config\Cache), false)
#9 C:\xampp\htdocs\OPDClinic\system\Boot.php(312): CodeIgniter\CodeIgniter->run()
#10 C:\xampp\htdocs\OPDClinic\system\Boot.php(67): CodeIgniter\Boot::runCodeIgniter(Object(CodeIgniter\CodeIgniter))
#11 C:\xampp\htdocs\OPDClinic\index.php(56): CodeIgniter\Boot::bootWeb(Object(Config\Paths))
#12 {main}
CRITICAL - 2024-12-19 10:21:36 --> CodeIgniter\Database\Exceptions\DatabaseException: pg_query(): Query failed: ERROR:  invalid input syntax for type integer: &quot;&quot;
LINE 1: ... &quot;fees&quot;, &quot;appointment_id&quot;, &quot;record_date&quot;) VALUES ('', '', ''...
                                                             ^
[Method: POST, Route: patient-details]
in SYSTEMPATH\Database\BaseConnection.php on line 676.
 1 SYSTEMPATH\Database\BaseBuilder.php(2325): CodeIgniter\Database\BaseConnection->query('INSERT INTO "tbl_patient_records" ("systolic", "diastolic", "fasting", "pp", "weight", "bmi", "illness", "symptoms", "treatment", "followUpDate", "fees", "appointment_id", "record_date") VALUES (:systolic:, :diastolic:, :fasting:, :pp:, :weight:, :bmi:, :illness:, :symptoms:, :treatment:, :followUpDate:, :fees:, :appointment_id:, :record_date:)', [...], false)
 2 APPPATH\Controllers\Home.php(2324): CodeIgniter\Database\BaseBuilder->insert([...])
 3 SYSTEMPATH\CodeIgniter.php(933): App\Controllers\Home->patient_details()
 4 SYSTEMPATH\CodeIgniter.php(509): CodeIgniter\CodeIgniter->runController(Object(App\Controllers\Home))
 5 SYSTEMPATH\CodeIgniter.php(355): CodeIgniter\CodeIgniter->handleRequest(null, Object(Config\Cache), false)
 6 SYSTEMPATH\Boot.php(312): CodeIgniter\CodeIgniter->run()
 7 SYSTEMPATH\Boot.php(67): CodeIgniter\Boot::runCodeIgniter(Object(CodeIgniter\CodeIgniter))
 8 FCPATH\index.php(56): CodeIgniter\Boot::bootWeb(Object(Config\Paths))
CRITICAL - 2024-12-19 10:21:36 --> [Caused by] CodeIgniter\Database\Exceptions\DatabaseException: pg_query(): Query failed: ERROR:  invalid input syntax for type integer: &quot;&quot;
LINE 1: ... &quot;fees&quot;, &quot;appointment_id&quot;, &quot;record_date&quot;) VALUES ('', '', ''...
                                                             ^
in SYSTEMPATH\Database\Postgre\Connection.php on line 198.
 1 SYSTEMPATH\Database\BaseConnection.php(722): CodeIgniter\Database\Postgre\Connection->execute('INSERT INTO "tbl_patient_records" ("systolic", "diastolic", "fasting", "pp", "weight", "bmi", "illness", "symptoms", "treatment", "followUpDate", "fees", "appointment_id", "record_date") VALUES (\'\', \'\', \'\', \'\', \'\', \'\', \'rr\', \'\', \'\', \'\', \'1000\', \'47\', \'2024-12-19\')')
 2 SYSTEMPATH\Database\BaseConnection.php(636): CodeIgniter\Database\BaseConnection->simpleQuery('INSERT INTO "tbl_patient_records" ("systolic", "diastolic", "fasting", "pp", "weight", "bmi", "illness", "symptoms", "treatment", "followUpDate", "fees", "appointment_id", "record_date") VALUES (\'\', \'\', \'\', \'\', \'\', \'\', \'rr\', \'\', \'\', \'\', \'1000\', \'47\', \'2024-12-19\')')
 3 SYSTEMPATH\Database\BaseBuilder.php(2325): CodeIgniter\Database\BaseConnection->query('INSERT INTO "tbl_patient_records" ("systolic", "diastolic", "fasting", "pp", "weight", "bmi", "illness", "symptoms", "treatment", "followUpDate", "fees", "appointment_id", "record_date") VALUES (:systolic:, :diastolic:, :fasting:, :pp:, :weight:, :bmi:, :illness:, :symptoms:, :treatment:, :followUpDate:, :fees:, :appointment_id:, :record_date:)', [...], false)
 4 APPPATH\Controllers\Home.php(2324): CodeIgniter\Database\BaseBuilder->insert([...])
 5 SYSTEMPATH\CodeIgniter.php(933): App\Controllers\Home->patient_details()
 6 SYSTEMPATH\CodeIgniter.php(509): CodeIgniter\CodeIgniter->runController(Object(App\Controllers\Home))
 7 SYSTEMPATH\CodeIgniter.php(355): CodeIgniter\CodeIgniter->handleRequest(null, Object(Config\Cache), false)
 8 SYSTEMPATH\Boot.php(312): CodeIgniter\CodeIgniter->run()
 9 SYSTEMPATH\Boot.php(67): CodeIgniter\Boot::runCodeIgniter(Object(CodeIgniter\CodeIgniter))
10 FCPATH\index.php(56): CodeIgniter\Boot::bootWeb(Object(Config\Paths))
CRITICAL - 2024-12-19 10:21:36 --> [Caused by] ErrorException: pg_query(): Query failed: ERROR:  invalid input syntax for type integer: &quot;&quot;
LINE 1: ... &quot;fees&quot;, &quot;appointment_id&quot;, &quot;record_date&quot;) VALUES ('', '', ''...
                                                             ^
in SYSTEMPATH\Database\Postgre\Connection.php on line 193.
 1 [internal function]: CodeIgniter\Debug\Exceptions->errorHandler(2, 'pg_query(): Query failed: ERROR:  invalid input syntax for type integer: &quot;&quot;
LINE 1: ... &quot;fees&quot;, &quot;appointment_id&quot;, &quot;record_date&quot;) VALUES (\'\', \'\', \'\'...
                                                             ^', 'C:\\xampp\\htdocs\\OPDClinic\\system\\Database\\Postgre\\Connection.php', 193)
 2 SYSTEMPATH\Database\Postgre\Connection.php(193): pg_query(Object(PgSql\Connection), 'INSERT INTO "tbl_patient_records" ("systolic", "diastolic", "fasting", "pp", "weight", "bmi", "illness", "symptoms", "treatment", "followUpDate", "fees", "appointment_id", "record_date") VALUES (\'\', \'\', \'\', \'\', \'\', \'\', \'rr\', \'\', \'\', \'\', \'1000\', \'47\', \'2024-12-19\')')
 3 SYSTEMPATH\Database\BaseConnection.php(722): CodeIgniter\Database\Postgre\Connection->execute('INSERT INTO "tbl_patient_records" ("systolic", "diastolic", "fasting", "pp", "weight", "bmi", "illness", "symptoms", "treatment", "followUpDate", "fees", "appointment_id", "record_date") VALUES (\'\', \'\', \'\', \'\', \'\', \'\', \'rr\', \'\', \'\', \'\', \'1000\', \'47\', \'2024-12-19\')')
 4 SYSTEMPATH\Database\BaseConnection.php(636): CodeIgniter\Database\BaseConnection->simpleQuery('INSERT INTO "tbl_patient_records" ("systolic", "diastolic", "fasting", "pp", "weight", "bmi", "illness", "symptoms", "treatment", "followUpDate", "fees", "appointment_id", "record_date") VALUES (\'\', \'\', \'\', \'\', \'\', \'\', \'rr\', \'\', \'\', \'\', \'1000\', \'47\', \'2024-12-19\')')
 5 SYSTEMPATH\Database\BaseBuilder.php(2325): CodeIgniter\Database\BaseConnection->query('INSERT INTO "tbl_patient_records" ("systolic", "diastolic", "fasting", "pp", "weight", "bmi", "illness", "symptoms", "treatment", "followUpDate", "fees", "appointment_id", "record_date") VALUES (:systolic:, :diastolic:, :fasting:, :pp:, :weight:, :bmi:, :illness:, :symptoms:, :treatment:, :followUpDate:, :fees:, :appointment_id:, :record_date:)', [...], false)
 6 APPPATH\Controllers\Home.php(2324): CodeIgniter\Database\BaseBuilder->insert([...])
 7 SYSTEMPATH\CodeIgniter.php(933): App\Controllers\Home->patient_details()
 8 SYSTEMPATH\CodeIgniter.php(509): CodeIgniter\CodeIgniter->runController(Object(App\Controllers\Home))
 9 SYSTEMPATH\CodeIgniter.php(355): CodeIgniter\CodeIgniter->handleRequest(null, Object(Config\Cache), false)
10 SYSTEMPATH\Boot.php(312): CodeIgniter\CodeIgniter->run()
11 SYSTEMPATH\Boot.php(67): CodeIgniter\Boot::runCodeIgniter(Object(CodeIgniter\CodeIgniter))
12 FCPATH\index.php(56): CodeIgniter\Boot::bootWeb(Object(Config\Paths))
ERROR - 2024-12-19 10:27:48 --> ErrorException: pg_query(): Query failed: ERROR:  invalid input syntax for type integer: &quot;&quot;
LINE 1: ... &quot;fees&quot;, &quot;appointment_id&quot;, &quot;record_date&quot;) VALUES ('', '', ''...
                                                             ^ in C:\xampp\htdocs\OPDClinic\system\Database\Postgre\Connection.php:193
Stack trace:
#0 [internal function]: CodeIgniter\Debug\Exceptions->errorHandler(2, 'pg_query(): Que...', 'C:\\xampp\\htdocs...', 193)
#1 C:\xampp\htdocs\OPDClinic\system\Database\Postgre\Connection.php(193): pg_query(Object(PgSql\Connection), 'INSERT INTO "tb...')
#2 C:\xampp\htdocs\OPDClinic\system\Database\BaseConnection.php(722): CodeIgniter\Database\Postgre\Connection->execute('INSERT INTO "tb...')
#3 C:\xampp\htdocs\OPDClinic\system\Database\BaseConnection.php(636): CodeIgniter\Database\BaseConnection->simpleQuery('INSERT INTO "tb...')
#4 C:\xampp\htdocs\OPDClinic\system\Database\BaseBuilder.php(2325): CodeIgniter\Database\BaseConnection->query('INSERT INTO "tb...', Array, false)
#5 C:\xampp\htdocs\OPDClinic\app\Controllers\Home.php(2324): CodeIgniter\Database\BaseBuilder->insert(Array)
#6 C:\xampp\htdocs\OPDClinic\system\CodeIgniter.php(933): App\Controllers\Home->patient_details()
#7 C:\xampp\htdocs\OPDClinic\system\CodeIgniter.php(509): CodeIgniter\CodeIgniter->runController(Object(App\Controllers\Home))
#8 C:\xampp\htdocs\OPDClinic\system\CodeIgniter.php(355): CodeIgniter\CodeIgniter->handleRequest(NULL, Object(Config\Cache), false)
#9 C:\xampp\htdocs\OPDClinic\system\Boot.php(312): CodeIgniter\CodeIgniter->run()
#10 C:\xampp\htdocs\OPDClinic\system\Boot.php(67): CodeIgniter\Boot::runCodeIgniter(Object(CodeIgniter\CodeIgniter))
#11 C:\xampp\htdocs\OPDClinic\index.php(56): CodeIgniter\Boot::bootWeb(Object(Config\Paths))
#12 {main}
CRITICAL - 2024-12-19 10:27:48 --> CodeIgniter\Database\Exceptions\DatabaseException: pg_query(): Query failed: ERROR:  invalid input syntax for type integer: &quot;&quot;
LINE 1: ... &quot;fees&quot;, &quot;appointment_id&quot;, &quot;record_date&quot;) VALUES ('', '', ''...
                                                             ^
[Method: POST, Route: patient-details]
in SYSTEMPATH\Database\BaseConnection.php on line 676.
 1 SYSTEMPATH\Database\BaseBuilder.php(2325): CodeIgniter\Database\BaseConnection->query('INSERT INTO "tbl_patient_records" ("systolic", "diastolic", "fasting", "pp", "weight", "bmi", "illness", "symptoms", "treatment", "followUpDate", "fees", "appointment_id", "record_date") VALUES (:systolic:, :diastolic:, :fasting:, :pp:, :weight:, :bmi:, :illness:, :symptoms:, :treatment:, :followUpDate:, :fees:, :appointment_id:, :record_date:)', [...], false)
 2 APPPATH\Controllers\Home.php(2324): CodeIgniter\Database\BaseBuilder->insert([...])
 3 SYSTEMPATH\CodeIgniter.php(933): App\Controllers\Home->patient_details()
 4 SYSTEMPATH\CodeIgniter.php(509): CodeIgniter\CodeIgniter->runController(Object(App\Controllers\Home))
 5 SYSTEMPATH\CodeIgniter.php(355): CodeIgniter\CodeIgniter->handleRequest(null, Object(Config\Cache), false)
 6 SYSTEMPATH\Boot.php(312): CodeIgniter\CodeIgniter->run()
 7 SYSTEMPATH\Boot.php(67): CodeIgniter\Boot::runCodeIgniter(Object(CodeIgniter\CodeIgniter))
 8 FCPATH\index.php(56): CodeIgniter\Boot::bootWeb(Object(Config\Paths))
CRITICAL - 2024-12-19 10:27:48 --> [Caused by] CodeIgniter\Database\Exceptions\DatabaseException: pg_query(): Query failed: ERROR:  invalid input syntax for type integer: &quot;&quot;
LINE 1: ... &quot;fees&quot;, &quot;appointment_id&quot;, &quot;record_date&quot;) VALUES ('', '', ''...
                                                             ^
in SYSTEMPATH\Database\Postgre\Connection.php on line 198.
 1 SYSTEMPATH\Database\BaseConnection.php(722): CodeIgniter\Database\Postgre\Connection->execute('INSERT INTO "tbl_patient_records" ("systolic", "diastolic", "fasting", "pp", "weight", "bmi", "illness", "symptoms", "treatment", "followUpDate", "fees", "appointment_id", "record_date") VALUES (\'\', \'\', \'\', \'\', \'\', \'\', \'test\', \'\', \'\', \'\', \'1000\', \'47\', \'2024-12-19\')')
 2 SYSTEMPATH\Database\BaseConnection.php(636): CodeIgniter\Database\BaseConnection->simpleQuery('INSERT INTO "tbl_patient_records" ("systolic", "diastolic", "fasting", "pp", "weight", "bmi", "illness", "symptoms", "treatment", "followUpDate", "fees", "appointment_id", "record_date") VALUES (\'\', \'\', \'\', \'\', \'\', \'\', \'test\', \'\', \'\', \'\', \'1000\', \'47\', \'2024-12-19\')')
 3 SYSTEMPATH\Database\BaseBuilder.php(2325): CodeIgniter\Database\BaseConnection->query('INSERT INTO "tbl_patient_records" ("systolic", "diastolic", "fasting", "pp", "weight", "bmi", "illness", "symptoms", "treatment", "followUpDate", "fees", "appointment_id", "record_date") VALUES (:systolic:, :diastolic:, :fasting:, :pp:, :weight:, :bmi:, :illness:, :symptoms:, :treatment:, :followUpDate:, :fees:, :appointment_id:, :record_date:)', [...], false)
 4 APPPATH\Controllers\Home.php(2324): CodeIgniter\Database\BaseBuilder->insert([...])
 5 SYSTEMPATH\CodeIgniter.php(933): App\Controllers\Home->patient_details()
 6 SYSTEMPATH\CodeIgniter.php(509): CodeIgniter\CodeIgniter->runController(Object(App\Controllers\Home))
 7 SYSTEMPATH\CodeIgniter.php(355): CodeIgniter\CodeIgniter->handleRequest(null, Object(Config\Cache), false)
 8 SYSTEMPATH\Boot.php(312): CodeIgniter\CodeIgniter->run()
 9 SYSTEMPATH\Boot.php(67): CodeIgniter\Boot::runCodeIgniter(Object(CodeIgniter\CodeIgniter))
10 FCPATH\index.php(56): CodeIgniter\Boot::bootWeb(Object(Config\Paths))
CRITICAL - 2024-12-19 10:27:48 --> [Caused by] ErrorException: pg_query(): Query failed: ERROR:  invalid input syntax for type integer: &quot;&quot;
LINE 1: ... &quot;fees&quot;, &quot;appointment_id&quot;, &quot;record_date&quot;) VALUES ('', '', ''...
                                                             ^
in SYSTEMPATH\Database\Postgre\Connection.php on line 193.
 1 [internal function]: CodeIgniter\Debug\Exceptions->errorHandler(2, 'pg_query(): Query failed: ERROR:  invalid input syntax for type integer: &quot;&quot;
LINE 1: ... &quot;fees&quot;, &quot;appointment_id&quot;, &quot;record_date&quot;) VALUES (\'\', \'\', \'\'...
                                                             ^', 'C:\\xampp\\htdocs\\OPDClinic\\system\\Database\\Postgre\\Connection.php', 193)
 2 SYSTEMPATH\Database\Postgre\Connection.php(193): pg_query(Object(PgSql\Connection), 'INSERT INTO "tbl_patient_records" ("systolic", "diastolic", "fasting", "pp", "weight", "bmi", "illness", "symptoms", "treatment", "followUpDate", "fees", "appointment_id", "record_date") VALUES (\'\', \'\', \'\', \'\', \'\', \'\', \'test\', \'\', \'\', \'\', \'1000\', \'47\', \'2024-12-19\')')
 3 SYSTEMPATH\Database\BaseConnection.php(722): CodeIgniter\Database\Postgre\Connection->execute('INSERT INTO "tbl_patient_records" ("systolic", "diastolic", "fasting", "pp", "weight", "bmi", "illness", "symptoms", "treatment", "followUpDate", "fees", "appointment_id", "record_date") VALUES (\'\', \'\', \'\', \'\', \'\', \'\', \'test\', \'\', \'\', \'\', \'1000\', \'47\', \'2024-12-19\')')
 4 SYSTEMPATH\Database\BaseConnection.php(636): CodeIgniter\Database\BaseConnection->simpleQuery('INSERT INTO "tbl_patient_records" ("systolic", "diastolic", "fasting", "pp", "weight", "bmi", "illness", "symptoms", "treatment", "followUpDate", "fees", "appointment_id", "record_date") VALUES (\'\', \'\', \'\', \'\', \'\', \'\', \'test\', \'\', \'\', \'\', \'1000\', \'47\', \'2024-12-19\')')
 5 SYSTEMPATH\Database\BaseBuilder.php(2325): CodeIgniter\Database\BaseConnection->query('INSERT INTO "tbl_patient_records" ("systolic", "diastolic", "fasting", "pp", "weight", "bmi", "illness", "symptoms", "treatment", "followUpDate", "fees", "appointment_id", "record_date") VALUES (:systolic:, :diastolic:, :fasting:, :pp:, :weight:, :bmi:, :illness:, :symptoms:, :treatment:, :followUpDate:, :fees:, :appointment_id:, :record_date:)', [...], false)
 6 APPPATH\Controllers\Home.php(2324): CodeIgniter\Database\BaseBuilder->insert([...])
 7 SYSTEMPATH\CodeIgniter.php(933): App\Controllers\Home->patient_details()
 8 SYSTEMPATH\CodeIgniter.php(509): CodeIgniter\CodeIgniter->runController(Object(App\Controllers\Home))
 9 SYSTEMPATH\CodeIgniter.php(355): CodeIgniter\CodeIgniter->handleRequest(null, Object(Config\Cache), false)
10 SYSTEMPATH\Boot.php(312): CodeIgniter\CodeIgniter->run()
11 SYSTEMPATH\Boot.php(67): CodeIgniter\Boot::runCodeIgniter(Object(CodeIgniter\CodeIgniter))
12 FCPATH\index.php(56): CodeIgniter\Boot::bootWeb(Object(Config\Paths))
ERROR - 2024-12-19 10:32:24 --> ErrorException: pg_query(): Query failed: ERROR:  invalid input syntax for type integer: &quot;&quot;
LINE 1: ... &quot;fees&quot;, &quot;appointment_id&quot;, &quot;record_date&quot;) VALUES ('', '', ''...
                                                             ^ in C:\xampp\htdocs\OPDClinic\system\Database\Postgre\Connection.php:193
Stack trace:
#0 [internal function]: CodeIgniter\Debug\Exceptions->errorHandler(2, 'pg_query(): Que...', 'C:\\xampp\\htdocs...', 193)
#1 C:\xampp\htdocs\OPDClinic\system\Database\Postgre\Connection.php(193): pg_query(Object(PgSql\Connection), 'INSERT INTO "tb...')
#2 C:\xampp\htdocs\OPDClinic\system\Database\BaseConnection.php(722): CodeIgniter\Database\Postgre\Connection->execute('INSERT INTO "tb...')
#3 C:\xampp\htdocs\OPDClinic\system\Database\BaseConnection.php(636): CodeIgniter\Database\BaseConnection->simpleQuery('INSERT INTO "tb...')
#4 C:\xampp\htdocs\OPDClinic\system\Database\BaseBuilder.php(2325): CodeIgniter\Database\BaseConnection->query('INSERT INTO "tb...', Array, false)
#5 C:\xampp\htdocs\OPDClinic\app\Controllers\Home.php(2324): CodeIgniter\Database\BaseBuilder->insert(Array)
#6 C:\xampp\htdocs\OPDClinic\system\CodeIgniter.php(933): App\Controllers\Home->patient_details()
#7 C:\xampp\htdocs\OPDClinic\system\CodeIgniter.php(509): CodeIgniter\CodeIgniter->runController(Object(App\Controllers\Home))
#8 C:\xampp\htdocs\OPDClinic\system\CodeIgniter.php(355): CodeIgniter\CodeIgniter->handleRequest(NULL, Object(Config\Cache), false)
#9 C:\xampp\htdocs\OPDClinic\system\Boot.php(312): CodeIgniter\CodeIgniter->run()
#10 C:\xampp\htdocs\OPDClinic\system\Boot.php(67): CodeIgniter\Boot::runCodeIgniter(Object(CodeIgniter\CodeIgniter))
#11 C:\xampp\htdocs\OPDClinic\index.php(56): CodeIgniter\Boot::bootWeb(Object(Config\Paths))
#12 {main}
CRITICAL - 2024-12-19 10:32:24 --> CodeIgniter\Database\Exceptions\DatabaseException: pg_query(): Query failed: ERROR:  invalid input syntax for type integer: &quot;&quot;
LINE 1: ... &quot;fees&quot;, &quot;appointment_id&quot;, &quot;record_date&quot;) VALUES ('', '', ''...
                                                             ^
[Method: POST, Route: patient-details]
in SYSTEMPATH\Database\BaseConnection.php on line 676.
 1 SYSTEMPATH\Database\BaseBuilder.php(2325): CodeIgniter\Database\BaseConnection->query('INSERT INTO "tbl_patient_records" ("systolic", "diastolic", "fasting", "pp", "weight", "bmi", "illness", "symptoms", "treatment", "followUpDate", "fees", "appointment_id", "record_date") VALUES (:systolic:, :diastolic:, :fasting:, :pp:, :weight:, :bmi:, :illness:, :symptoms:, :treatment:, :followUpDate:, :fees:, :appointment_id:, :record_date:)', [...], false)
 2 APPPATH\Controllers\Home.php(2324): CodeIgniter\Database\BaseBuilder->insert([...])
 3 SYSTEMPATH\CodeIgniter.php(933): App\Controllers\Home->patient_details()
 4 SYSTEMPATH\CodeIgniter.php(509): CodeIgniter\CodeIgniter->runController(Object(App\Controllers\Home))
 5 SYSTEMPATH\CodeIgniter.php(355): CodeIgniter\CodeIgniter->handleRequest(null, Object(Config\Cache), false)
 6 SYSTEMPATH\Boot.php(312): CodeIgniter\CodeIgniter->run()
 7 SYSTEMPATH\Boot.php(67): CodeIgniter\Boot::runCodeIgniter(Object(CodeIgniter\CodeIgniter))
 8 FCPATH\index.php(56): CodeIgniter\Boot::bootWeb(Object(Config\Paths))
CRITICAL - 2024-12-19 10:32:24 --> [Caused by] CodeIgniter\Database\Exceptions\DatabaseException: pg_query(): Query failed: ERROR:  invalid input syntax for type integer: &quot;&quot;
LINE 1: ... &quot;fees&quot;, &quot;appointment_id&quot;, &quot;record_date&quot;) VALUES ('', '', ''...
                                                             ^
in SYSTEMPATH\Database\Postgre\Connection.php on line 198.
 1 SYSTEMPATH\Database\BaseConnection.php(722): CodeIgniter\Database\Postgre\Connection->execute('INSERT INTO "tbl_patient_records" ("systolic", "diastolic", "fasting", "pp", "weight", "bmi", "illness", "symptoms", "treatment", "followUpDate", "fees", "appointment_id", "record_date") VALUES (\'\', \'\', \'\', \'\', \'\', \'\', \'asd\', \'\', \'\', \'\', \'1000\', \'47\', \'2024-12-19\')')
 2 SYSTEMPATH\Database\BaseConnection.php(636): CodeIgniter\Database\BaseConnection->simpleQuery('INSERT INTO "tbl_patient_records" ("systolic", "diastolic", "fasting", "pp", "weight", "bmi", "illness", "symptoms", "treatment", "followUpDate", "fees", "appointment_id", "record_date") VALUES (\'\', \'\', \'\', \'\', \'\', \'\', \'asd\', \'\', \'\', \'\', \'1000\', \'47\', \'2024-12-19\')')
 3 SYSTEMPATH\Database\BaseBuilder.php(2325): CodeIgniter\Database\BaseConnection->query('INSERT INTO "tbl_patient_records" ("systolic", "diastolic", "fasting", "pp", "weight", "bmi", "illness", "symptoms", "treatment", "followUpDate", "fees", "appointment_id", "record_date") VALUES (:systolic:, :diastolic:, :fasting:, :pp:, :weight:, :bmi:, :illness:, :symptoms:, :treatment:, :followUpDate:, :fees:, :appointment_id:, :record_date:)', [...], false)
 4 APPPATH\Controllers\Home.php(2324): CodeIgniter\Database\BaseBuilder->insert([...])
 5 SYSTEMPATH\CodeIgniter.php(933): App\Controllers\Home->patient_details()
 6 SYSTEMPATH\CodeIgniter.php(509): CodeIgniter\CodeIgniter->runController(Object(App\Controllers\Home))
 7 SYSTEMPATH\CodeIgniter.php(355): CodeIgniter\CodeIgniter->handleRequest(null, Object(Config\Cache), false)
 8 SYSTEMPATH\Boot.php(312): CodeIgniter\CodeIgniter->run()
 9 SYSTEMPATH\Boot.php(67): CodeIgniter\Boot::runCodeIgniter(Object(CodeIgniter\CodeIgniter))
10 FCPATH\index.php(56): CodeIgniter\Boot::bootWeb(Object(Config\Paths))
CRITICAL - 2024-12-19 10:32:24 --> [Caused by] ErrorException: pg_query(): Query failed: ERROR:  invalid input syntax for type integer: &quot;&quot;
LINE 1: ... &quot;fees&quot;, &quot;appointment_id&quot;, &quot;record_date&quot;) VALUES ('', '', ''...
                                                             ^
in SYSTEMPATH\Database\Postgre\Connection.php on line 193.
 1 [internal function]: CodeIgniter\Debug\Exceptions->errorHandler(2, 'pg_query(): Query failed: ERROR:  invalid input syntax for type integer: &quot;&quot;
LINE 1: ... &quot;fees&quot;, &quot;appointment_id&quot;, &quot;record_date&quot;) VALUES (\'\', \'\', \'\'...
                                                             ^', 'C:\\xampp\\htdocs\\OPDClinic\\system\\Database\\Postgre\\Connection.php', 193)
 2 SYSTEMPATH\Database\Postgre\Connection.php(193): pg_query(Object(PgSql\Connection), 'INSERT INTO "tbl_patient_records" ("systolic", "diastolic", "fasting", "pp", "weight", "bmi", "illness", "symptoms", "treatment", "followUpDate", "fees", "appointment_id", "record_date") VALUES (\'\', \'\', \'\', \'\', \'\', \'\', \'asd\', \'\', \'\', \'\', \'1000\', \'47\', \'2024-12-19\')')
 3 SYSTEMPATH\Database\BaseConnection.php(722): CodeIgniter\Database\Postgre\Connection->execute('INSERT INTO "tbl_patient_records" ("systolic", "diastolic", "fasting", "pp", "weight", "bmi", "illness", "symptoms", "treatment", "followUpDate", "fees", "appointment_id", "record_date") VALUES (\'\', \'\', \'\', \'\', \'\', \'\', \'asd\', \'\', \'\', \'\', \'1000\', \'47\', \'2024-12-19\')')
 4 SYSTEMPATH\Database\BaseConnection.php(636): CodeIgniter\Database\BaseConnection->simpleQuery('INSERT INTO "tbl_patient_records" ("systolic", "diastolic", "fasting", "pp", "weight", "bmi", "illness", "symptoms", "treatment", "followUpDate", "fees", "appointment_id", "record_date") VALUES (\'\', \'\', \'\', \'\', \'\', \'\', \'asd\', \'\', \'\', \'\', \'1000\', \'47\', \'2024-12-19\')')
 5 SYSTEMPATH\Database\BaseBuilder.php(2325): CodeIgniter\Database\BaseConnection->query('INSERT INTO "tbl_patient_records" ("systolic", "diastolic", "fasting", "pp", "weight", "bmi", "illness", "symptoms", "treatment", "followUpDate", "fees", "appointment_id", "record_date") VALUES (:systolic:, :diastolic:, :fasting:, :pp:, :weight:, :bmi:, :illness:, :symptoms:, :treatment:, :followUpDate:, :fees:, :appointment_id:, :record_date:)', [...], false)
 6 APPPATH\Controllers\Home.php(2324): CodeIgniter\Database\BaseBuilder->insert([...])
 7 SYSTEMPATH\CodeIgniter.php(933): App\Controllers\Home->patient_details()
 8 SYSTEMPATH\CodeIgniter.php(509): CodeIgniter\CodeIgniter->runController(Object(App\Controllers\Home))
 9 SYSTEMPATH\CodeIgniter.php(355): CodeIgniter\CodeIgniter->handleRequest(null, Object(Config\Cache), false)
10 SYSTEMPATH\Boot.php(312): CodeIgniter\CodeIgniter->run()
11 SYSTEMPATH\Boot.php(67): CodeIgniter\Boot::runCodeIgniter(Object(CodeIgniter\CodeIgniter))
12 FCPATH\index.php(56): CodeIgniter\Boot::bootWeb(Object(Config\Paths))
DEBUG - 2024-12-19 11:03:23 --> Received data: Array
(
    [systolic] => 
    [diastolic] => 
    [fasting] => 
    [pp] => 
    [weight] => 
    [bmi] => 
    [illness] => asadsadsdsa
    [symptoms] => 
    [treatment] => 
    [followUpDate] => 
    [fees] => 1000
    [appointment_id] => 47
    [record_date] => 2024-12-19
)

DEBUG - 2024-12-19 11:03:23 --> Appointment ID: 47
DEBUG - 2024-12-19 11:03:23 --> Fees: 1000
ERROR - 2024-12-19 11:03:25 --> ErrorException: pg_query(): Query failed: ERROR:  invalid input syntax for type integer: &quot;&quot;
LINE 1: ... &quot;fees&quot;, &quot;appointment_id&quot;, &quot;record_date&quot;) VALUES ('', '', ''...
                                                             ^ in C:\xampp\htdocs\OPDClinic\system\Database\Postgre\Connection.php:193
Stack trace:
#0 [internal function]: CodeIgniter\Debug\Exceptions->errorHandler(2, 'pg_query(): Que...', 'C:\\xampp\\htdocs...', 193)
#1 C:\xampp\htdocs\OPDClinic\system\Database\Postgre\Connection.php(193): pg_query(Object(PgSql\Connection), 'INSERT INTO "tb...')
#2 C:\xampp\htdocs\OPDClinic\system\Database\BaseConnection.php(722): CodeIgniter\Database\Postgre\Connection->execute('INSERT INTO "tb...')
#3 C:\xampp\htdocs\OPDClinic\system\Database\BaseConnection.php(636): CodeIgniter\Database\BaseConnection->simpleQuery('INSERT INTO "tb...')
#4 C:\xampp\htdocs\OPDClinic\system\Database\BaseBuilder.php(2325): CodeIgniter\Database\BaseConnection->query('INSERT INTO "tb...', Array, false)
#5 C:\xampp\htdocs\OPDClinic\app\Controllers\Home.php(2332): CodeIgniter\Database\BaseBuilder->insert(Array)
#6 C:\xampp\htdocs\OPDClinic\system\CodeIgniter.php(933): App\Controllers\Home->patient_details()
#7 C:\xampp\htdocs\OPDClinic\system\CodeIgniter.php(509): CodeIgniter\CodeIgniter->runController(Object(App\Controllers\Home))
#8 C:\xampp\htdocs\OPDClinic\system\CodeIgniter.php(355): CodeIgniter\CodeIgniter->handleRequest(NULL, Object(Config\Cache), false)
#9 C:\xampp\htdocs\OPDClinic\system\Boot.php(312): CodeIgniter\CodeIgniter->run()
#10 C:\xampp\htdocs\OPDClinic\system\Boot.php(67): CodeIgniter\Boot::runCodeIgniter(Object(CodeIgniter\CodeIgniter))
#11 C:\xampp\htdocs\OPDClinic\index.php(56): CodeIgniter\Boot::bootWeb(Object(Config\Paths))
#12 {main}
CRITICAL - 2024-12-19 11:03:25 --> CodeIgniter\Database\Exceptions\DatabaseException: pg_query(): Query failed: ERROR:  invalid input syntax for type integer: &quot;&quot;
LINE 1: ... &quot;fees&quot;, &quot;appointment_id&quot;, &quot;record_date&quot;) VALUES ('', '', ''...
                                                             ^
[Method: POST, Route: patient-details]
in SYSTEMPATH\Database\BaseConnection.php on line 676.
 1 SYSTEMPATH\Database\BaseBuilder.php(2325): CodeIgniter\Database\BaseConnection->query('INSERT INTO "tbl_patient_records" ("systolic", "diastolic", "fasting", "pp", "weight", "bmi", "illness", "symptoms", "treatment", "followUpDate", "fees", "appointment_id", "record_date") VALUES (:systolic:, :diastolic:, :fasting:, :pp:, :weight:, :bmi:, :illness:, :symptoms:, :treatment:, :followUpDate:, :fees:, :appointment_id:, :record_date:)', [...], false)
 2 APPPATH\Controllers\Home.php(2332): CodeIgniter\Database\BaseBuilder->insert([...])
 3 SYSTEMPATH\CodeIgniter.php(933): App\Controllers\Home->patient_details()
 4 SYSTEMPATH\CodeIgniter.php(509): CodeIgniter\CodeIgniter->runController(Object(App\Controllers\Home))
 5 SYSTEMPATH\CodeIgniter.php(355): CodeIgniter\CodeIgniter->handleRequest(null, Object(Config\Cache), false)
 6 SYSTEMPATH\Boot.php(312): CodeIgniter\CodeIgniter->run()
 7 SYSTEMPATH\Boot.php(67): CodeIgniter\Boot::runCodeIgniter(Object(CodeIgniter\CodeIgniter))
 8 FCPATH\index.php(56): CodeIgniter\Boot::bootWeb(Object(Config\Paths))
CRITICAL - 2024-12-19 11:03:25 --> [Caused by] CodeIgniter\Database\Exceptions\DatabaseException: pg_query(): Query failed: ERROR:  invalid input syntax for type integer: &quot;&quot;
LINE 1: ... &quot;fees&quot;, &quot;appointment_id&quot;, &quot;record_date&quot;) VALUES ('', '', ''...
                                                             ^
in SYSTEMPATH\Database\Postgre\Connection.php on line 198.
 1 SYSTEMPATH\Database\BaseConnection.php(722): CodeIgniter\Database\Postgre\Connection->execute('INSERT INTO "tbl_patient_records" ("systolic", "diastolic", "fasting", "pp", "weight", "bmi", "illness", "symptoms", "treatment", "followUpDate", "fees", "appointment_id", "record_date") VALUES (\'\', \'\', \'\', \'\', \'\', \'\', \'asadsadsdsa\', \'\', \'\', \'\', \'1000\', \'47\', \'2024-12-19\')')
 2 SYSTEMPATH\Database\BaseConnection.php(636): CodeIgniter\Database\BaseConnection->simpleQuery('INSERT INTO "tbl_patient_records" ("systolic", "diastolic", "fasting", "pp", "weight", "bmi", "illness", "symptoms", "treatment", "followUpDate", "fees", "appointment_id", "record_date") VALUES (\'\', \'\', \'\', \'\', \'\', \'\', \'asadsadsdsa\', \'\', \'\', \'\', \'1000\', \'47\', \'2024-12-19\')')
 3 SYSTEMPATH\Database\BaseBuilder.php(2325): CodeIgniter\Database\BaseConnection->query('INSERT INTO "tbl_patient_records" ("systolic", "diastolic", "fasting", "pp", "weight", "bmi", "illness", "symptoms", "treatment", "followUpDate", "fees", "appointment_id", "record_date") VALUES (:systolic:, :diastolic:, :fasting:, :pp:, :weight:, :bmi:, :illness:, :symptoms:, :treatment:, :followUpDate:, :fees:, :appointment_id:, :record_date:)', [...], false)
 4 APPPATH\Controllers\Home.php(2332): CodeIgniter\Database\BaseBuilder->insert([...])
 5 SYSTEMPATH\CodeIgniter.php(933): App\Controllers\Home->patient_details()
 6 SYSTEMPATH\CodeIgniter.php(509): CodeIgniter\CodeIgniter->runController(Object(App\Controllers\Home))
 7 SYSTEMPATH\CodeIgniter.php(355): CodeIgniter\CodeIgniter->handleRequest(null, Object(Config\Cache), false)
 8 SYSTEMPATH\Boot.php(312): CodeIgniter\CodeIgniter->run()
 9 SYSTEMPATH\Boot.php(67): CodeIgniter\Boot::runCodeIgniter(Object(CodeIgniter\CodeIgniter))
10 FCPATH\index.php(56): CodeIgniter\Boot::bootWeb(Object(Config\Paths))
CRITICAL - 2024-12-19 11:03:25 --> [Caused by] ErrorException: pg_query(): Query failed: ERROR:  invalid input syntax for type integer: &quot;&quot;
LINE 1: ... &quot;fees&quot;, &quot;appointment_id&quot;, &quot;record_date&quot;) VALUES ('', '', ''...
                                                             ^
in SYSTEMPATH\Database\Postgre\Connection.php on line 193.
 1 [internal function]: CodeIgniter\Debug\Exceptions->errorHandler(2, 'pg_query(): Query failed: ERROR:  invalid input syntax for type integer: &quot;&quot;
LINE 1: ... &quot;fees&quot;, &quot;appointment_id&quot;, &quot;record_date&quot;) VALUES (\'\', \'\', \'\'...
                                                             ^', 'C:\\xampp\\htdocs\\OPDClinic\\system\\Database\\Postgre\\Connection.php', 193)
 2 SYSTEMPATH\Database\Postgre\Connection.php(193): pg_query(Object(PgSql\Connection), 'INSERT INTO "tbl_patient_records" ("systolic", "diastolic", "fasting", "pp", "weight", "bmi", "illness", "symptoms", "treatment", "followUpDate", "fees", "appointment_id", "record_date") VALUES (\'\', \'\', \'\', \'\', \'\', \'\', \'asadsadsdsa\', \'\', \'\', \'\', \'1000\', \'47\', \'2024-12-19\')')
 3 SYSTEMPATH\Database\BaseConnection.php(722): CodeIgniter\Database\Postgre\Connection->execute('INSERT INTO "tbl_patient_records" ("systolic", "diastolic", "fasting", "pp", "weight", "bmi", "illness", "symptoms", "treatment", "followUpDate", "fees", "appointment_id", "record_date") VALUES (\'\', \'\', \'\', \'\', \'\', \'\', \'asadsadsdsa\', \'\', \'\', \'\', \'1000\', \'47\', \'2024-12-19\')')
 4 SYSTEMPATH\Database\BaseConnection.php(636): CodeIgniter\Database\BaseConnection->simpleQuery('INSERT INTO "tbl_patient_records" ("systolic", "diastolic", "fasting", "pp", "weight", "bmi", "illness", "symptoms", "treatment", "followUpDate", "fees", "appointment_id", "record_date") VALUES (\'\', \'\', \'\', \'\', \'\', \'\', \'asadsadsdsa\', \'\', \'\', \'\', \'1000\', \'47\', \'2024-12-19\')')
 5 SYSTEMPATH\Database\BaseBuilder.php(2325): CodeIgniter\Database\BaseConnection->query('INSERT INTO "tbl_patient_records" ("systolic", "diastolic", "fasting", "pp", "weight", "bmi", "illness", "symptoms", "treatment", "followUpDate", "fees", "appointment_id", "record_date") VALUES (:systolic:, :diastolic:, :fasting:, :pp:, :weight:, :bmi:, :illness:, :symptoms:, :treatment:, :followUpDate:, :fees:, :appointment_id:, :record_date:)', [...], false)
 6 APPPATH\Controllers\Home.php(2332): CodeIgniter\Database\BaseBuilder->insert([...])
 7 SYSTEMPATH\CodeIgniter.php(933): App\Controllers\Home->patient_details()
 8 SYSTEMPATH\CodeIgniter.php(509): CodeIgniter\CodeIgniter->runController(Object(App\Controllers\Home))
 9 SYSTEMPATH\CodeIgniter.php(355): CodeIgniter\CodeIgniter->handleRequest(null, Object(Config\Cache), false)
10 SYSTEMPATH\Boot.php(312): CodeIgniter\CodeIgniter->run()
11 SYSTEMPATH\Boot.php(67): CodeIgniter\Boot::runCodeIgniter(Object(CodeIgniter\CodeIgniter))
12 FCPATH\index.php(56): CodeIgniter\Boot::bootWeb(Object(Config\Paths))
DEBUG - 2024-12-19 11:24:19 --> Received data: Array
(
    [systolic] => 
    [diastolic] => 
    [fasting] => 
    [pp] => 
    [weight] => 
    [bmi] => 
    [illness] => asdsad
    [symptoms] => 
    [treatment] => 
    [followUpDate] => 
    [fees] => 1000
    [appointment_id] => 47
    [record_date] => 2024-12-19
)

DEBUG - 2024-12-19 11:24:19 --> Appointment ID: 47
DEBUG - 2024-12-19 11:24:19 --> Fees: 1000
ERROR - 2024-12-19 11:24:21 --> ErrorException: pg_query(): Query failed: ERROR:  invalid input syntax for type integer: &quot;&quot;
LINE 1: ... &quot;fees&quot;, &quot;appointment_id&quot;, &quot;record_date&quot;) VALUES ('', '', ''...
                                                             ^ in C:\xampp\htdocs\OPDClinic\system\Database\Postgre\Connection.php:193
Stack trace:
#0 [internal function]: CodeIgniter\Debug\Exceptions->errorHandler(2, 'pg_query(): Que...', 'C:\\xampp\\htdocs...', 193)
#1 C:\xampp\htdocs\OPDClinic\system\Database\Postgre\Connection.php(193): pg_query(Object(PgSql\Connection), 'INSERT INTO "tb...')
#2 C:\xampp\htdocs\OPDClinic\system\Database\BaseConnection.php(722): CodeIgniter\Database\Postgre\Connection->execute('INSERT INTO "tb...')
#3 C:\xampp\htdocs\OPDClinic\system\Database\BaseConnection.php(636): CodeIgniter\Database\BaseConnection->simpleQuery('INSERT INTO "tb...')
#4 C:\xampp\htdocs\OPDClinic\system\Database\BaseBuilder.php(2325): CodeIgniter\Database\BaseConnection->query('INSERT INTO "tb...', Array, false)
#5 C:\xampp\htdocs\OPDClinic\app\Controllers\Home.php(2332): CodeIgniter\Database\BaseBuilder->insert(Array)
#6 C:\xampp\htdocs\OPDClinic\system\CodeIgniter.php(933): App\Controllers\Home->patient_details()
#7 C:\xampp\htdocs\OPDClinic\system\CodeIgniter.php(509): CodeIgniter\CodeIgniter->runController(Object(App\Controllers\Home))
#8 C:\xampp\htdocs\OPDClinic\system\CodeIgniter.php(355): CodeIgniter\CodeIgniter->handleRequest(NULL, Object(Config\Cache), false)
#9 C:\xampp\htdocs\OPDClinic\system\Boot.php(312): CodeIgniter\CodeIgniter->run()
#10 C:\xampp\htdocs\OPDClinic\system\Boot.php(67): CodeIgniter\Boot::runCodeIgniter(Object(CodeIgniter\CodeIgniter))
#11 C:\xampp\htdocs\OPDClinic\index.php(56): CodeIgniter\Boot::bootWeb(Object(Config\Paths))
#12 {main}
CRITICAL - 2024-12-19 11:24:21 --> CodeIgniter\Database\Exceptions\DatabaseException: pg_query(): Query failed: ERROR:  invalid input syntax for type integer: &quot;&quot;
LINE 1: ... &quot;fees&quot;, &quot;appointment_id&quot;, &quot;record_date&quot;) VALUES ('', '', ''...
                                                             ^
[Method: POST, Route: patient-details]
in SYSTEMPATH\Database\BaseConnection.php on line 676.
 1 SYSTEMPATH\Database\BaseBuilder.php(2325): CodeIgniter\Database\BaseConnection->query('INSERT INTO "tbl_patient_records" ("systolic", "diastolic", "fasting", "pp", "weight", "bmi", "illness", "symptoms", "treatment", "followUpDate", "fees", "appointment_id", "record_date") VALUES (:systolic:, :diastolic:, :fasting:, :pp:, :weight:, :bmi:, :illness:, :symptoms:, :treatment:, :followUpDate:, :fees:, :appointment_id:, :record_date:)', [...], false)
 2 APPPATH\Controllers\Home.php(2332): CodeIgniter\Database\BaseBuilder->insert([...])
 3 SYSTEMPATH\CodeIgniter.php(933): App\Controllers\Home->patient_details()
 4 SYSTEMPATH\CodeIgniter.php(509): CodeIgniter\CodeIgniter->runController(Object(App\Controllers\Home))
 5 SYSTEMPATH\CodeIgniter.php(355): CodeIgniter\CodeIgniter->handleRequest(null, Object(Config\Cache), false)
 6 SYSTEMPATH\Boot.php(312): CodeIgniter\CodeIgniter->run()
 7 SYSTEMPATH\Boot.php(67): CodeIgniter\Boot::runCodeIgniter(Object(CodeIgniter\CodeIgniter))
 8 FCPATH\index.php(56): CodeIgniter\Boot::bootWeb(Object(Config\Paths))
CRITICAL - 2024-12-19 11:24:21 --> [Caused by] CodeIgniter\Database\Exceptions\DatabaseException: pg_query(): Query failed: ERROR:  invalid input syntax for type integer: &quot;&quot;
LINE 1: ... &quot;fees&quot;, &quot;appointment_id&quot;, &quot;record_date&quot;) VALUES ('', '', ''...
                                                             ^
in SYSTEMPATH\Database\Postgre\Connection.php on line 198.
 1 SYSTEMPATH\Database\BaseConnection.php(722): CodeIgniter\Database\Postgre\Connection->execute('INSERT INTO "tbl_patient_records" ("systolic", "diastolic", "fasting", "pp", "weight", "bmi", "illness", "symptoms", "treatment", "followUpDate", "fees", "appointment_id", "record_date") VALUES (\'\', \'\', \'\', \'\', \'\', \'\', \'asdsad\', \'\', \'\', \'\', \'1000\', \'47\', \'2024-12-19\')')
 2 SYSTEMPATH\Database\BaseConnection.php(636): CodeIgniter\Database\BaseConnection->simpleQuery('INSERT INTO "tbl_patient_records" ("systolic", "diastolic", "fasting", "pp", "weight", "bmi", "illness", "symptoms", "treatment", "followUpDate", "fees", "appointment_id", "record_date") VALUES (\'\', \'\', \'\', \'\', \'\', \'\', \'asdsad\', \'\', \'\', \'\', \'1000\', \'47\', \'2024-12-19\')')
 3 SYSTEMPATH\Database\BaseBuilder.php(2325): CodeIgniter\Database\BaseConnection->query('INSERT INTO "tbl_patient_records" ("systolic", "diastolic", "fasting", "pp", "weight", "bmi", "illness", "symptoms", "treatment", "followUpDate", "fees", "appointment_id", "record_date") VALUES (:systolic:, :diastolic:, :fasting:, :pp:, :weight:, :bmi:, :illness:, :symptoms:, :treatment:, :followUpDate:, :fees:, :appointment_id:, :record_date:)', [...], false)
 4 APPPATH\Controllers\Home.php(2332): CodeIgniter\Database\BaseBuilder->insert([...])
 5 SYSTEMPATH\CodeIgniter.php(933): App\Controllers\Home->patient_details()
 6 SYSTEMPATH\CodeIgniter.php(509): CodeIgniter\CodeIgniter->runController(Object(App\Controllers\Home))
 7 SYSTEMPATH\CodeIgniter.php(355): CodeIgniter\CodeIgniter->handleRequest(null, Object(Config\Cache), false)
 8 SYSTEMPATH\Boot.php(312): CodeIgniter\CodeIgniter->run()
 9 SYSTEMPATH\Boot.php(67): CodeIgniter\Boot::runCodeIgniter(Object(CodeIgniter\CodeIgniter))
10 FCPATH\index.php(56): CodeIgniter\Boot::bootWeb(Object(Config\Paths))
CRITICAL - 2024-12-19 11:24:21 --> [Caused by] ErrorException: pg_query(): Query failed: ERROR:  invalid input syntax for type integer: &quot;&quot;
LINE 1: ... &quot;fees&quot;, &quot;appointment_id&quot;, &quot;record_date&quot;) VALUES ('', '', ''...
                                                             ^
in SYSTEMPATH\Database\Postgre\Connection.php on line 193.
 1 [internal function]: CodeIgniter\Debug\Exceptions->errorHandler(2, 'pg_query(): Query failed: ERROR:  invalid input syntax for type integer: &quot;&quot;
LINE 1: ... &quot;fees&quot;, &quot;appointment_id&quot;, &quot;record_date&quot;) VALUES (\'\', \'\', \'\'...
                                                             ^', 'C:\\xampp\\htdocs\\OPDClinic\\system\\Database\\Postgre\\Connection.php', 193)
 2 SYSTEMPATH\Database\Postgre\Connection.php(193): pg_query(Object(PgSql\Connection), 'INSERT INTO "tbl_patient_records" ("systolic", "diastolic", "fasting", "pp", "weight", "bmi", "illness", "symptoms", "treatment", "followUpDate", "fees", "appointment_id", "record_date") VALUES (\'\', \'\', \'\', \'\', \'\', \'\', \'asdsad\', \'\', \'\', \'\', \'1000\', \'47\', \'2024-12-19\')')
 3 SYSTEMPATH\Database\BaseConnection.php(722): CodeIgniter\Database\Postgre\Connection->execute('INSERT INTO "tbl_patient_records" ("systolic", "diastolic", "fasting", "pp", "weight", "bmi", "illness", "symptoms", "treatment", "followUpDate", "fees", "appointment_id", "record_date") VALUES (\'\', \'\', \'\', \'\', \'\', \'\', \'asdsad\', \'\', \'\', \'\', \'1000\', \'47\', \'2024-12-19\')')
 4 SYSTEMPATH\Database\BaseConnection.php(636): CodeIgniter\Database\BaseConnection->simpleQuery('INSERT INTO "tbl_patient_records" ("systolic", "diastolic", "fasting", "pp", "weight", "bmi", "illness", "symptoms", "treatment", "followUpDate", "fees", "appointment_id", "record_date") VALUES (\'\', \'\', \'\', \'\', \'\', \'\', \'asdsad\', \'\', \'\', \'\', \'1000\', \'47\', \'2024-12-19\')')
 5 SYSTEMPATH\Database\BaseBuilder.php(2325): CodeIgniter\Database\BaseConnection->query('INSERT INTO "tbl_patient_records" ("systolic", "diastolic", "fasting", "pp", "weight", "bmi", "illness", "symptoms", "treatment", "followUpDate", "fees", "appointment_id", "record_date") VALUES (:systolic:, :diastolic:, :fasting:, :pp:, :weight:, :bmi:, :illness:, :symptoms:, :treatment:, :followUpDate:, :fees:, :appointment_id:, :record_date:)', [...], false)
 6 APPPATH\Controllers\Home.php(2332): CodeIgniter\Database\BaseBuilder->insert([...])
 7 SYSTEMPATH\CodeIgniter.php(933): App\Controllers\Home->patient_details()
 8 SYSTEMPATH\CodeIgniter.php(509): CodeIgniter\CodeIgniter->runController(Object(App\Controllers\Home))
 9 SYSTEMPATH\CodeIgniter.php(355): CodeIgniter\CodeIgniter->handleRequest(null, Object(Config\Cache), false)
10 SYSTEMPATH\Boot.php(312): CodeIgniter\CodeIgniter->run()
11 SYSTEMPATH\Boot.php(67): CodeIgniter\Boot::runCodeIgniter(Object(CodeIgniter\CodeIgniter))
12 FCPATH\index.php(56): CodeIgniter\Boot::bootWeb(Object(Config\Paths))
DEBUG - 2024-12-19 11:40:39 --> Received data: Array
(
    [systolic] => 
    [diastolic] => 
    [fasting] => 
    [pp] => 
    [weight] => 
    [bmi] => 
    [illness] => test19
    [symptoms] => 
    [treatment] => 
    [followUpDate] => 
    [fees] => 1000
    [appointment_id] => 47
    [record_date] => 2024-12-19
)

DEBUG - 2024-12-19 11:40:39 --> Appointment ID: 47
DEBUG - 2024-12-19 11:40:39 --> Fees: 1000
ERROR - 2024-12-19 11:40:41 --> ErrorException: pg_query(): Query failed: ERROR:  invalid input syntax for type integer: &quot;&quot;
LINE 1: ... &quot;fees&quot;, &quot;appointment_id&quot;, &quot;record_date&quot;) VALUES ('', '', ''...
                                                             ^ in C:\xampp\htdocs\OPDClinic\system\Database\Postgre\Connection.php:193
Stack trace:
#0 [internal function]: CodeIgniter\Debug\Exceptions->errorHandler(2, 'pg_query(): Que...', 'C:\\xampp\\htdocs...', 193)
#1 C:\xampp\htdocs\OPDClinic\system\Database\Postgre\Connection.php(193): pg_query(Object(PgSql\Connection), 'INSERT INTO "tb...')
#2 C:\xampp\htdocs\OPDClinic\system\Database\BaseConnection.php(722): CodeIgniter\Database\Postgre\Connection->execute('INSERT INTO "tb...')
#3 C:\xampp\htdocs\OPDClinic\system\Database\BaseConnection.php(636): CodeIgniter\Database\BaseConnection->simpleQuery('INSERT INTO "tb...')
#4 C:\xampp\htdocs\OPDClinic\system\Database\BaseBuilder.php(2325): CodeIgniter\Database\BaseConnection->query('INSERT INTO "tb...', Array, false)
#5 C:\xampp\htdocs\OPDClinic\app\Controllers\Home.php(2332): CodeIgniter\Database\BaseBuilder->insert(Array)
#6 C:\xampp\htdocs\OPDClinic\system\CodeIgniter.php(933): App\Controllers\Home->patient_details()
#7 C:\xampp\htdocs\OPDClinic\system\CodeIgniter.php(509): CodeIgniter\CodeIgniter->runController(Object(App\Controllers\Home))
#8 C:\xampp\htdocs\OPDClinic\system\CodeIgniter.php(355): CodeIgniter\CodeIgniter->handleRequest(NULL, Object(Config\Cache), false)
#9 C:\xampp\htdocs\OPDClinic\system\Boot.php(312): CodeIgniter\CodeIgniter->run()
#10 C:\xampp\htdocs\OPDClinic\system\Boot.php(67): CodeIgniter\Boot::runCodeIgniter(Object(CodeIgniter\CodeIgniter))
#11 C:\xampp\htdocs\OPDClinic\index.php(56): CodeIgniter\Boot::bootWeb(Object(Config\Paths))
#12 {main}
CRITICAL - 2024-12-19 11:40:41 --> CodeIgniter\Database\Exceptions\DatabaseException: pg_query(): Query failed: ERROR:  invalid input syntax for type integer: &quot;&quot;
LINE 1: ... &quot;fees&quot;, &quot;appointment_id&quot;, &quot;record_date&quot;) VALUES ('', '', ''...
                                                             ^
[Method: POST, Route: patient-details]
in SYSTEMPATH\Database\BaseConnection.php on line 676.
 1 SYSTEMPATH\Database\BaseBuilder.php(2325): CodeIgniter\Database\BaseConnection->query('INSERT INTO "tbl_patient_records" ("systolic", "diastolic", "fasting", "pp", "weight", "bmi", "illness", "symptoms", "treatment", "followUpDate", "fees", "appointment_id", "record_date") VALUES (:systolic:, :diastolic:, :fasting:, :pp:, :weight:, :bmi:, :illness:, :symptoms:, :treatment:, :followUpDate:, :fees:, :appointment_id:, :record_date:)', [...], false)
 2 APPPATH\Controllers\Home.php(2332): CodeIgniter\Database\BaseBuilder->insert([...])
 3 SYSTEMPATH\CodeIgniter.php(933): App\Controllers\Home->patient_details()
 4 SYSTEMPATH\CodeIgniter.php(509): CodeIgniter\CodeIgniter->runController(Object(App\Controllers\Home))
 5 SYSTEMPATH\CodeIgniter.php(355): CodeIgniter\CodeIgniter->handleRequest(null, Object(Config\Cache), false)
 6 SYSTEMPATH\Boot.php(312): CodeIgniter\CodeIgniter->run()
 7 SYSTEMPATH\Boot.php(67): CodeIgniter\Boot::runCodeIgniter(Object(CodeIgniter\CodeIgniter))
 8 FCPATH\index.php(56): CodeIgniter\Boot::bootWeb(Object(Config\Paths))
CRITICAL - 2024-12-19 11:40:41 --> [Caused by] CodeIgniter\Database\Exceptions\DatabaseException: pg_query(): Query failed: ERROR:  invalid input syntax for type integer: &quot;&quot;
LINE 1: ... &quot;fees&quot;, &quot;appointment_id&quot;, &quot;record_date&quot;) VALUES ('', '', ''...
                                                             ^
in SYSTEMPATH\Database\Postgre\Connection.php on line 198.
 1 SYSTEMPATH\Database\BaseConnection.php(722): CodeIgniter\Database\Postgre\Connection->execute('INSERT INTO "tbl_patient_records" ("systolic", "diastolic", "fasting", "pp", "weight", "bmi", "illness", "symptoms", "treatment", "followUpDate", "fees", "appointment_id", "record_date") VALUES (\'\', \'\', \'\', \'\', \'\', \'\', \'test19\', \'\', \'\', \'\', \'1000\', 47, \'2024-12-19\')')
 2 SYSTEMPATH\Database\BaseConnection.php(636): CodeIgniter\Database\BaseConnection->simpleQuery('INSERT INTO "tbl_patient_records" ("systolic", "diastolic", "fasting", "pp", "weight", "bmi", "illness", "symptoms", "treatment", "followUpDate", "fees", "appointment_id", "record_date") VALUES (\'\', \'\', \'\', \'\', \'\', \'\', \'test19\', \'\', \'\', \'\', \'1000\', 47, \'2024-12-19\')')
 3 SYSTEMPATH\Database\BaseBuilder.php(2325): CodeIgniter\Database\BaseConnection->query('INSERT INTO "tbl_patient_records" ("systolic", "diastolic", "fasting", "pp", "weight", "bmi", "illness", "symptoms", "treatment", "followUpDate", "fees", "appointment_id", "record_date") VALUES (:systolic:, :diastolic:, :fasting:, :pp:, :weight:, :bmi:, :illness:, :symptoms:, :treatment:, :followUpDate:, :fees:, :appointment_id:, :record_date:)', [...], false)
 4 APPPATH\Controllers\Home.php(2332): CodeIgniter\Database\BaseBuilder->insert([...])
 5 SYSTEMPATH\CodeIgniter.php(933): App\Controllers\Home->patient_details()
 6 SYSTEMPATH\CodeIgniter.php(509): CodeIgniter\CodeIgniter->runController(Object(App\Controllers\Home))
 7 SYSTEMPATH\CodeIgniter.php(355): CodeIgniter\CodeIgniter->handleRequest(null, Object(Config\Cache), false)
 8 SYSTEMPATH\Boot.php(312): CodeIgniter\CodeIgniter->run()
 9 SYSTEMPATH\Boot.php(67): CodeIgniter\Boot::runCodeIgniter(Object(CodeIgniter\CodeIgniter))
10 FCPATH\index.php(56): CodeIgniter\Boot::bootWeb(Object(Config\Paths))
CRITICAL - 2024-12-19 11:40:41 --> [Caused by] ErrorException: pg_query(): Query failed: ERROR:  invalid input syntax for type integer: &quot;&quot;
LINE 1: ... &quot;fees&quot;, &quot;appointment_id&quot;, &quot;record_date&quot;) VALUES ('', '', ''...
                                                             ^
in SYSTEMPATH\Database\Postgre\Connection.php on line 193.
 1 [internal function]: CodeIgniter\Debug\Exceptions->errorHandler(2, 'pg_query(): Query failed: ERROR:  invalid input syntax for type integer: &quot;&quot;
LINE 1: ... &quot;fees&quot;, &quot;appointment_id&quot;, &quot;record_date&quot;) VALUES (\'\', \'\', \'\'...
                                                             ^', 'C:\\xampp\\htdocs\\OPDClinic\\system\\Database\\Postgre\\Connection.php', 193)
 2 SYSTEMPATH\Database\Postgre\Connection.php(193): pg_query(Object(PgSql\Connection), 'INSERT INTO "tbl_patient_records" ("systolic", "diastolic", "fasting", "pp", "weight", "bmi", "illness", "symptoms", "treatment", "followUpDate", "fees", "appointment_id", "record_date") VALUES (\'\', \'\', \'\', \'\', \'\', \'\', \'test19\', \'\', \'\', \'\', \'1000\', 47, \'2024-12-19\')')
 3 SYSTEMPATH\Database\BaseConnection.php(722): CodeIgniter\Database\Postgre\Connection->execute('INSERT INTO "tbl_patient_records" ("systolic", "diastolic", "fasting", "pp", "weight", "bmi", "illness", "symptoms", "treatment", "followUpDate", "fees", "appointment_id", "record_date") VALUES (\'\', \'\', \'\', \'\', \'\', \'\', \'test19\', \'\', \'\', \'\', \'1000\', 47, \'2024-12-19\')')
 4 SYSTEMPATH\Database\BaseConnection.php(636): CodeIgniter\Database\BaseConnection->simpleQuery('INSERT INTO "tbl_patient_records" ("systolic", "diastolic", "fasting", "pp", "weight", "bmi", "illness", "symptoms", "treatment", "followUpDate", "fees", "appointment_id", "record_date") VALUES (\'\', \'\', \'\', \'\', \'\', \'\', \'test19\', \'\', \'\', \'\', \'1000\', 47, \'2024-12-19\')')
 5 SYSTEMPATH\Database\BaseBuilder.php(2325): CodeIgniter\Database\BaseConnection->query('INSERT INTO "tbl_patient_records" ("systolic", "diastolic", "fasting", "pp", "weight", "bmi", "illness", "symptoms", "treatment", "followUpDate", "fees", "appointment_id", "record_date") VALUES (:systolic:, :diastolic:, :fasting:, :pp:, :weight:, :bmi:, :illness:, :symptoms:, :treatment:, :followUpDate:, :fees:, :appointment_id:, :record_date:)', [...], false)
 6 APPPATH\Controllers\Home.php(2332): CodeIgniter\Database\BaseBuilder->insert([...])
 7 SYSTEMPATH\CodeIgniter.php(933): App\Controllers\Home->patient_details()
 8 SYSTEMPATH\CodeIgniter.php(509): CodeIgniter\CodeIgniter->runController(Object(App\Controllers\Home))
 9 SYSTEMPATH\CodeIgniter.php(355): CodeIgniter\CodeIgniter->handleRequest(null, Object(Config\Cache), false)
10 SYSTEMPATH\Boot.php(312): CodeIgniter\CodeIgniter->run()
11 SYSTEMPATH\Boot.php(67): CodeIgniter\Boot::runCodeIgniter(Object(CodeIgniter\CodeIgniter))
12 FCPATH\index.php(56): CodeIgniter\Boot::bootWeb(Object(Config\Paths))
DEBUG - 2024-12-19 11:49:29 --> Received data: Array
(
    [systolic] => 
    [diastolic] => 
    [fasting] => 
    [pp] => 
    [weight] => 
    [bmi] => 
    [illness] => test17_19
    [symptoms] => 
    [treatment] => 
    [followUpDate] => 
    [fees] => 1000
    [appointment_id] => 47
    [record_date] => 2024-12-19
)

DEBUG - 2024-12-19 11:49:29 --> Appointment ID: 47
DEBUG - 2024-12-19 11:49:29 --> Fees: 1000
ERROR - 2024-12-19 11:49:31 --> ErrorException: pg_query(): Query failed: ERROR:  invalid input syntax for type date: &quot;&quot;
LINE 1: ...ULL, NULL, NULL, NULL, NULL, 'test17_19', '', '', '', '1000'...
                                                             ^ in C:\xampp\htdocs\OPDClinic\system\Database\Postgre\Connection.php:193
Stack trace:
#0 [internal function]: CodeIgniter\Debug\Exceptions->errorHandler(2, 'pg_query(): Que...', 'C:\\xampp\\htdocs...', 193)
#1 C:\xampp\htdocs\OPDClinic\system\Database\Postgre\Connection.php(193): pg_query(Object(PgSql\Connection), 'INSERT INTO "tb...')
#2 C:\xampp\htdocs\OPDClinic\system\Database\BaseConnection.php(722): CodeIgniter\Database\Postgre\Connection->execute('INSERT INTO "tb...')
#3 C:\xampp\htdocs\OPDClinic\system\Database\BaseConnection.php(636): CodeIgniter\Database\BaseConnection->simpleQuery('INSERT INTO "tb...')
#4 C:\xampp\htdocs\OPDClinic\system\Database\BaseBuilder.php(2325): CodeIgniter\Database\BaseConnection->query('INSERT INTO "tb...', Array, false)
#5 C:\xampp\htdocs\OPDClinic\app\Controllers\Home.php(2342): CodeIgniter\Database\BaseBuilder->insert(Array)
#6 C:\xampp\htdocs\OPDClinic\system\CodeIgniter.php(933): App\Controllers\Home->patient_details()
#7 C:\xampp\htdocs\OPDClinic\system\CodeIgniter.php(509): CodeIgniter\CodeIgniter->runController(Object(App\Controllers\Home))
#8 C:\xampp\htdocs\OPDClinic\system\CodeIgniter.php(355): CodeIgniter\CodeIgniter->handleRequest(NULL, Object(Config\Cache), false)
#9 C:\xampp\htdocs\OPDClinic\system\Boot.php(312): CodeIgniter\CodeIgniter->run()
#10 C:\xampp\htdocs\OPDClinic\system\Boot.php(67): CodeIgniter\Boot::runCodeIgniter(Object(CodeIgniter\CodeIgniter))
#11 C:\xampp\htdocs\OPDClinic\index.php(56): CodeIgniter\Boot::bootWeb(Object(Config\Paths))
#12 {main}
CRITICAL - 2024-12-19 11:49:31 --> CodeIgniter\Database\Exceptions\DatabaseException: pg_query(): Query failed: ERROR:  invalid input syntax for type date: &quot;&quot;
LINE 1: ...ULL, NULL, NULL, NULL, NULL, 'test17_19', '', '', '', '1000'...
                                                             ^
[Method: POST, Route: patient-details]
in SYSTEMPATH\Database\BaseConnection.php on line 676.
 1 SYSTEMPATH\Database\BaseBuilder.php(2325): CodeIgniter\Database\BaseConnection->query('INSERT INTO "tbl_patient_records" ("systolic", "diastolic", "fasting", "pp", "weight", "bmi", "illness", "symptoms", "treatment", "followUpDate", "fees", "appointment_id", "record_date") VALUES (:systolic:, :diastolic:, :fasting:, :pp:, :weight:, :bmi:, :illness:, :symptoms:, :treatment:, :followUpDate:, :fees:, :appointment_id:, :record_date:)', [...], false)
 2 APPPATH\Controllers\Home.php(2342): CodeIgniter\Database\BaseBuilder->insert([...])
 3 SYSTEMPATH\CodeIgniter.php(933): App\Controllers\Home->patient_details()
 4 SYSTEMPATH\CodeIgniter.php(509): CodeIgniter\CodeIgniter->runController(Object(App\Controllers\Home))
 5 SYSTEMPATH\CodeIgniter.php(355): CodeIgniter\CodeIgniter->handleRequest(null, Object(Config\Cache), false)
 6 SYSTEMPATH\Boot.php(312): CodeIgniter\CodeIgniter->run()
 7 SYSTEMPATH\Boot.php(67): CodeIgniter\Boot::runCodeIgniter(Object(CodeIgniter\CodeIgniter))
 8 FCPATH\index.php(56): CodeIgniter\Boot::bootWeb(Object(Config\Paths))
CRITICAL - 2024-12-19 11:49:31 --> [Caused by] CodeIgniter\Database\Exceptions\DatabaseException: pg_query(): Query failed: ERROR:  invalid input syntax for type date: &quot;&quot;
LINE 1: ...ULL, NULL, NULL, NULL, NULL, 'test17_19', '', '', '', '1000'...
                                                             ^
in SYSTEMPATH\Database\Postgre\Connection.php on line 198.
 1 SYSTEMPATH\Database\BaseConnection.php(722): CodeIgniter\Database\Postgre\Connection->execute('INSERT INTO "tbl_patient_records" ("systolic", "diastolic", "fasting", "pp", "weight", "bmi", "illness", "symptoms", "treatment", "followUpDate", "fees", "appointment_id", "record_date") VALUES (NULL, NULL, NULL, NULL, NULL, NULL, \'test17_19\', \'\', \'\', \'\', \'1000\', 47, \'2024-12-19\')')
 2 SYSTEMPATH\Database\BaseConnection.php(636): CodeIgniter\Database\BaseConnection->simpleQuery('INSERT INTO "tbl_patient_records" ("systolic", "diastolic", "fasting", "pp", "weight", "bmi", "illness", "symptoms", "treatment", "followUpDate", "fees", "appointment_id", "record_date") VALUES (NULL, NULL, NULL, NULL, NULL, NULL, \'test17_19\', \'\', \'\', \'\', \'1000\', 47, \'2024-12-19\')')
 3 SYSTEMPATH\Database\BaseBuilder.php(2325): CodeIgniter\Database\BaseConnection->query('INSERT INTO "tbl_patient_records" ("systolic", "diastolic", "fasting", "pp", "weight", "bmi", "illness", "symptoms", "treatment", "followUpDate", "fees", "appointment_id", "record_date") VALUES (:systolic:, :diastolic:, :fasting:, :pp:, :weight:, :bmi:, :illness:, :symptoms:, :treatment:, :followUpDate:, :fees:, :appointment_id:, :record_date:)', [...], false)
 4 APPPATH\Controllers\Home.php(2342): CodeIgniter\Database\BaseBuilder->insert([...])
 5 SYSTEMPATH\CodeIgniter.php(933): App\Controllers\Home->patient_details()
 6 SYSTEMPATH\CodeIgniter.php(509): CodeIgniter\CodeIgniter->runController(Object(App\Controllers\Home))
 7 SYSTEMPATH\CodeIgniter.php(355): CodeIgniter\CodeIgniter->handleRequest(null, Object(Config\Cache), false)
 8 SYSTEMPATH\Boot.php(312): CodeIgniter\CodeIgniter->run()
 9 SYSTEMPATH\Boot.php(67): CodeIgniter\Boot::runCodeIgniter(Object(CodeIgniter\CodeIgniter))
10 FCPATH\index.php(56): CodeIgniter\Boot::bootWeb(Object(Config\Paths))
CRITICAL - 2024-12-19 11:49:31 --> [Caused by] ErrorException: pg_query(): Query failed: ERROR:  invalid input syntax for type date: &quot;&quot;
LINE 1: ...ULL, NULL, NULL, NULL, NULL, 'test17_19', '', '', '', '1000'...
                                                             ^
in SYSTEMPATH\Database\Postgre\Connection.php on line 193.
 1 [internal function]: CodeIgniter\Debug\Exceptions->errorHandler(2, 'pg_query(): Query failed: ERROR:  invalid input syntax for type date: &quot;&quot;
LINE 1: ...ULL, NULL, NULL, NULL, NULL, \'test17_19\', \'\', \'\', \'\', \'1000\'...
                                                             ^', 'C:\\xampp\\htdocs\\OPDClinic\\system\\Database\\Postgre\\Connection.php', 193)
 2 SYSTEMPATH\Database\Postgre\Connection.php(193): pg_query(Object(PgSql\Connection), 'INSERT INTO "tbl_patient_records" ("systolic", "diastolic", "fasting", "pp", "weight", "bmi", "illness", "symptoms", "treatment", "followUpDate", "fees", "appointment_id", "record_date") VALUES (NULL, NULL, NULL, NULL, NULL, NULL, \'test17_19\', \'\', \'\', \'\', \'1000\', 47, \'2024-12-19\')')
 3 SYSTEMPATH\Database\BaseConnection.php(722): CodeIgniter\Database\Postgre\Connection->execute('INSERT INTO "tbl_patient_records" ("systolic", "diastolic", "fasting", "pp", "weight", "bmi", "illness", "symptoms", "treatment", "followUpDate", "fees", "appointment_id", "record_date") VALUES (NULL, NULL, NULL, NULL, NULL, NULL, \'test17_19\', \'\', \'\', \'\', \'1000\', 47, \'2024-12-19\')')
 4 SYSTEMPATH\Database\BaseConnection.php(636): CodeIgniter\Database\BaseConnection->simpleQuery('INSERT INTO "tbl_patient_records" ("systolic", "diastolic", "fasting", "pp", "weight", "bmi", "illness", "symptoms", "treatment", "followUpDate", "fees", "appointment_id", "record_date") VALUES (NULL, NULL, NULL, NULL, NULL, NULL, \'test17_19\', \'\', \'\', \'\', \'1000\', 47, \'2024-12-19\')')
 5 SYSTEMPATH\Database\BaseBuilder.php(2325): CodeIgniter\Database\BaseConnection->query('INSERT INTO "tbl_patient_records" ("systolic", "diastolic", "fasting", "pp", "weight", "bmi", "illness", "symptoms", "treatment", "followUpDate", "fees", "appointment_id", "record_date") VALUES (:systolic:, :diastolic:, :fasting:, :pp:, :weight:, :bmi:, :illness:, :symptoms:, :treatment:, :followUpDate:, :fees:, :appointment_id:, :record_date:)', [...], false)
 6 APPPATH\Controllers\Home.php(2342): CodeIgniter\Database\BaseBuilder->insert([...])
 7 SYSTEMPATH\CodeIgniter.php(933): App\Controllers\Home->patient_details()
 8 SYSTEMPATH\CodeIgniter.php(509): CodeIgniter\CodeIgniter->runController(Object(App\Controllers\Home))
 9 SYSTEMPATH\CodeIgniter.php(355): CodeIgniter\CodeIgniter->handleRequest(null, Object(Config\Cache), false)
10 SYSTEMPATH\Boot.php(312): CodeIgniter\CodeIgniter->run()
11 SYSTEMPATH\Boot.php(67): CodeIgniter\Boot::runCodeIgniter(Object(CodeIgniter\CodeIgniter))
12 FCPATH\index.php(56): CodeIgniter\Boot::bootWeb(Object(Config\Paths))
DEBUG - 2024-12-19 11:58:46 --> Received data: Array
(
    [systolic] => 
    [diastolic] => 
    [fasting] => 
    [pp] => 
    [weight] => 
    [bmi] => 
    [illness] => test17_28
    [symptoms] => 
    [treatment] => 
    [followUpDate] => 
    [fees] => 1000
    [appointment_id] => 47
    [record_date] => 2024-12-19
)

DEBUG - 2024-12-19 11:58:46 --> Appointment ID: 47
DEBUG - 2024-12-19 11:58:46 --> Fees: 1000
DEBUG - 2024-12-19 12:02:04 --> Received data: Array
(
    [systolic] => 
    [diastolic] => 
    [fasting] => 
    [pp] => 
    [weight] => 
    [bmi] => 
    [illness] => test17_28
    [symptoms] => 
    [treatment] => 
    [followUpDate] => 
    [fees] => 1000
    [appointment_id] => 47
    [record_date] => 2024-12-19
)

DEBUG - 2024-12-19 12:02:04 --> Appointment ID: 47
DEBUG - 2024-12-19 12:02:04 --> Fees: 1000
DEBUG - 2024-12-19 12:31:30 --> Received data: Array
(
    [systolic] => 120
    [diastolic] => 80
    [fasting] => 90
    [pp] => 110
    [weight] => 50
    [bmi] => 7.5
    [illness] => safdfs weast4wrefdvcdfg esdrv eewvr wea  ew qew wq  qwqe f dcs edf
    [symptoms] => sadsa qcads wasdq2 ew dsw dw cdgf  h hytfdd r 
    [treatment] => qewwqe fgertyjy fbryjn vd 53rtb qeht43twe vcfd5efd cdf gwrefd desasd frewst4we
    [followUpDate] => 2024-12-23
    [fees] => 1000
    [appointment_id] => 47
    [record_date] => 2024-12-19
)

DEBUG - 2024-12-19 12:31:30 --> Appointment ID: 47
DEBUG - 2024-12-19 12:31:30 --> Fees: 1000
DEBUG - 2024-12-19 14:22:39 --> Received data: Array
(
    [systolic] => 120
    [diastolic] => 80
    [fasting] => 90
    [pp] => 110
    [weight] => 50
    [bmi] => 7.5
    [illness] => safdfs weast4wrefdvcdfg esdrv eewvr wea  ew qew wq  qwqe f dcs edf
    [symptoms] => sadsa qcads wasdq2 ew dsw dw cdgf  h hytfdd r 
    [treatment] => qewwqe fgertyjy fbryjn vd 53rtb qeht43twe vcfd5efd cdf gwrefd desasd frewst4we
    [followUpDate] => 2024-12-23
    [fees] => 1000
    [appointment_id] => 47
    [record_date] => 2024-12-19
)

DEBUG - 2024-12-19 14:22:39 --> Appointment ID: 47
DEBUG - 2024-12-19 14:22:39 --> Fees: 1000
