CRITICAL - 2024-12-10 05:32:11 --> CodeIgniter\Database\Exceptions\DatabaseException: You must use the "set" method to insert an entry.
[Method: POST, Route: patient-details]
in SYSTEMPATH\Database\BaseBuilder.php on line 2367.
 1 SYSTEMPATH\Database\BaseBuilder.php(2307): CodeIgniter\Database\BaseBuilder->validateInsert()
 2 APPPATH\Controllers\Home.php(1900): CodeIgniter\Database\BaseBuilder->insert([])
 3 SYSTEMPATH\CodeIgniter.php(933): App\Controllers\Home->patient_details()
 4 SYSTEMPATH\CodeIgniter.php(509): CodeIgniter\CodeIgniter->runController(Object(App\Controllers\Home))
 5 SYSTEMPATH\CodeIgniter.php(355): CodeIgniter\CodeIgniter->handleRequest(null, Object(Config\Cache), false)
 6 SYSTEMPATH\Boot.php(312): CodeIgniter\CodeIgniter->run()
 7 SYSTEMPATH\Boot.php(67): CodeIgniter\Boot::runCodeIgniter(Object(CodeIgniter\CodeIgniter))
 8 FCPATH\index.php(56): CodeIgniter\Boot::bootWeb(Object(Config\Paths))
ERROR - 2024-12-10 05:39:19 --> ErrorException: pg_query(): Query failed: ERROR:  relation &quot;tbl_patient_details&quot; does not exist
LINE 1: INSERT INTO &quot;tbl_patient_details&quot; (&quot;systolic&quot;, &quot;diastolic&quot;, ...
                    ^ in C:\xampp\htdocs\OPDClinic\system\Database\Postgre\Connection.php:193
Stack trace:
#0 [internal function]: CodeIgniter\Debug\Exceptions->errorHandler(2, 'pg_query(): Que...', 'C:\\xampp\\htdocs...', 193)
#1 C:\xampp\htdocs\OPDClinic\system\Database\Postgre\Connection.php(193): pg_query(Object(PgSql\Connection), 'INSERT INTO "tb...')
#2 C:\xampp\htdocs\OPDClinic\system\Database\BaseConnection.php(722): CodeIgniter\Database\Postgre\Connection->execute('INSERT INTO "tb...')
#3 C:\xampp\htdocs\OPDClinic\system\Database\BaseConnection.php(636): CodeIgniter\Database\BaseConnection->simpleQuery('INSERT INTO "tb...')
#4 C:\xampp\htdocs\OPDClinic\system\Database\BaseBuilder.php(2325): CodeIgniter\Database\BaseConnection->query('INSERT INTO "tb...', Array, false)
#5 C:\xampp\htdocs\OPDClinic\app\Controllers\Home.php(1903): CodeIgniter\Database\BaseBuilder->insert(Array)
#6 C:\xampp\htdocs\OPDClinic\system\CodeIgniter.php(933): App\Controllers\Home->patient_details()
#7 C:\xampp\htdocs\OPDClinic\system\CodeIgniter.php(509): CodeIgniter\CodeIgniter->runController(Object(App\Controllers\Home))
#8 C:\xampp\htdocs\OPDClinic\system\CodeIgniter.php(355): CodeIgniter\CodeIgniter->handleRequest(NULL, Object(Config\Cache), false)
#9 C:\xampp\htdocs\OPDClinic\system\Boot.php(312): CodeIgniter\CodeIgniter->run()
#10 C:\xampp\htdocs\OPDClinic\system\Boot.php(67): CodeIgniter\Boot::runCodeIgniter(Object(CodeIgniter\CodeIgniter))
#11 C:\xampp\htdocs\OPDClinic\index.php(56): CodeIgniter\Boot::bootWeb(Object(Config\Paths))
#12 {main}
CRITICAL - 2024-12-10 05:39:19 --> CodeIgniter\Database\Exceptions\DatabaseException: pg_query(): Query failed: ERROR:  relation &quot;tbl_patient_details&quot; does not exist
LINE 1: INSERT INTO &quot;tbl_patient_details&quot; (&quot;systolic&quot;, &quot;diastolic&quot;, ...
                    ^
[Method: POST, Route: patient-details]
in SYSTEMPATH\Database\BaseConnection.php on line 676.
 1 SYSTEMPATH\Database\BaseBuilder.php(2325): CodeIgniter\Database\BaseConnection->query('INSERT INTO "tbl_patient_details" ("systolic", "diastolic", "fasting", "pp", "weight", "bmi", "illness", "symptoms", "treatment", "followUpDate", "fees") VALUES (:systolic:, :diastolic:, :fasting:, :pp:, :weight:, :bmi:, :illness:, :symptoms:, :treatment:, :followUpDate:, :fees:)', [...], false)
 2 APPPATH\Controllers\Home.php(1903): CodeIgniter\Database\BaseBuilder->insert([...])
 3 SYSTEMPATH\CodeIgniter.php(933): App\Controllers\Home->patient_details()
 4 SYSTEMPATH\CodeIgniter.php(509): CodeIgniter\CodeIgniter->runController(Object(App\Controllers\Home))
 5 SYSTEMPATH\CodeIgniter.php(355): CodeIgniter\CodeIgniter->handleRequest(null, Object(Config\Cache), false)
 6 SYSTEMPATH\Boot.php(312): CodeIgniter\CodeIgniter->run()
 7 SYSTEMPATH\Boot.php(67): CodeIgniter\Boot::runCodeIgniter(Object(CodeIgniter\CodeIgniter))
 8 FCPATH\index.php(56): CodeIgniter\Boot::bootWeb(Object(Config\Paths))
CRITICAL - 2024-12-10 05:39:19 --> [Caused by] CodeIgniter\Database\Exceptions\DatabaseException: pg_query(): Query failed: ERROR:  relation &quot;tbl_patient_details&quot; does not exist
LINE 1: INSERT INTO &quot;tbl_patient_details&quot; (&quot;systolic&quot;, &quot;diastolic&quot;, ...
                    ^
in SYSTEMPATH\Database\Postgre\Connection.php on line 198.
 1 SYSTEMPATH\Database\BaseConnection.php(722): CodeIgniter\Database\Postgre\Connection->execute('INSERT INTO "tbl_patient_details" ("systolic", "diastolic", "fasting", "pp", "weight", "bmi", "illness", "symptoms", "treatment", "followUpDate", "fees") VALUES (\'120\', \'80\', \'90\', \'110\', \'50\', \'7.5\', \'asdaasd\', \'zcxzcqweqqw\', \'qweqwe\', \'2024-12-16\', \'300\')')
 2 SYSTEMPATH\Database\BaseConnection.php(636): CodeIgniter\Database\BaseConnection->simpleQuery('INSERT INTO "tbl_patient_details" ("systolic", "diastolic", "fasting", "pp", "weight", "bmi", "illness", "symptoms", "treatment", "followUpDate", "fees") VALUES (\'120\', \'80\', \'90\', \'110\', \'50\', \'7.5\', \'asdaasd\', \'zcxzcqweqqw\', \'qweqwe\', \'2024-12-16\', \'300\')')
 3 SYSTEMPATH\Database\BaseBuilder.php(2325): CodeIgniter\Database\BaseConnection->query('INSERT INTO "tbl_patient_details" ("systolic", "diastolic", "fasting", "pp", "weight", "bmi", "illness", "symptoms", "treatment", "followUpDate", "fees") VALUES (:systolic:, :diastolic:, :fasting:, :pp:, :weight:, :bmi:, :illness:, :symptoms:, :treatment:, :followUpDate:, :fees:)', [...], false)
 4 APPPATH\Controllers\Home.php(1903): CodeIgniter\Database\BaseBuilder->insert([...])
 5 SYSTEMPATH\CodeIgniter.php(933): App\Controllers\Home->patient_details()
 6 SYSTEMPATH\CodeIgniter.php(509): CodeIgniter\CodeIgniter->runController(Object(App\Controllers\Home))
 7 SYSTEMPATH\CodeIgniter.php(355): CodeIgniter\CodeIgniter->handleRequest(null, Object(Config\Cache), false)
 8 SYSTEMPATH\Boot.php(312): CodeIgniter\CodeIgniter->run()
 9 SYSTEMPATH\Boot.php(67): CodeIgniter\Boot::runCodeIgniter(Object(CodeIgniter\CodeIgniter))
10 FCPATH\index.php(56): CodeIgniter\Boot::bootWeb(Object(Config\Paths))
CRITICAL - 2024-12-10 05:39:19 --> [Caused by] ErrorException: pg_query(): Query failed: ERROR:  relation &quot;tbl_patient_details&quot; does not exist
LINE 1: INSERT INTO &quot;tbl_patient_details&quot; (&quot;systolic&quot;, &quot;diastolic&quot;, ...
                    ^
in SYSTEMPATH\Database\Postgre\Connection.php on line 193.
 1 [internal function]: CodeIgniter\Debug\Exceptions->errorHandler(2, 'pg_query(): Query failed: ERROR:  relation &quot;tbl_patient_details&quot; does not exist
LINE 1: INSERT INTO &quot;tbl_patient_details&quot; (&quot;systolic&quot;, &quot;diastolic&quot;, ...
                    ^', 'C:\\xampp\\htdocs\\OPDClinic\\system\\Database\\Postgre\\Connection.php', 193)
 2 SYSTEMPATH\Database\Postgre\Connection.php(193): pg_query(Object(PgSql\Connection), 'INSERT INTO "tbl_patient_details" ("systolic", "diastolic", "fasting", "pp", "weight", "bmi", "illness", "symptoms", "treatment", "followUpDate", "fees") VALUES (\'120\', \'80\', \'90\', \'110\', \'50\', \'7.5\', \'asdaasd\', \'zcxzcqweqqw\', \'qweqwe\', \'2024-12-16\', \'300\')')
 3 SYSTEMPATH\Database\BaseConnection.php(722): CodeIgniter\Database\Postgre\Connection->execute('INSERT INTO "tbl_patient_details" ("systolic", "diastolic", "fasting", "pp", "weight", "bmi", "illness", "symptoms", "treatment", "followUpDate", "fees") VALUES (\'120\', \'80\', \'90\', \'110\', \'50\', \'7.5\', \'asdaasd\', \'zcxzcqweqqw\', \'qweqwe\', \'2024-12-16\', \'300\')')
 4 SYSTEMPATH\Database\BaseConnection.php(636): CodeIgniter\Database\BaseConnection->simpleQuery('INSERT INTO "tbl_patient_details" ("systolic", "diastolic", "fasting", "pp", "weight", "bmi", "illness", "symptoms", "treatment", "followUpDate", "fees") VALUES (\'120\', \'80\', \'90\', \'110\', \'50\', \'7.5\', \'asdaasd\', \'zcxzcqweqqw\', \'qweqwe\', \'2024-12-16\', \'300\')')
 5 SYSTEMPATH\Database\BaseBuilder.php(2325): CodeIgniter\Database\BaseConnection->query('INSERT INTO "tbl_patient_details" ("systolic", "diastolic", "fasting", "pp", "weight", "bmi", "illness", "symptoms", "treatment", "followUpDate", "fees") VALUES (:systolic:, :diastolic:, :fasting:, :pp:, :weight:, :bmi:, :illness:, :symptoms:, :treatment:, :followUpDate:, :fees:)', [...], false)
 6 APPPATH\Controllers\Home.php(1903): CodeIgniter\Database\BaseBuilder->insert([...])
 7 SYSTEMPATH\CodeIgniter.php(933): App\Controllers\Home->patient_details()
 8 SYSTEMPATH\CodeIgniter.php(509): CodeIgniter\CodeIgniter->runController(Object(App\Controllers\Home))
 9 SYSTEMPATH\CodeIgniter.php(355): CodeIgniter\CodeIgniter->handleRequest(null, Object(Config\Cache), false)
10 SYSTEMPATH\Boot.php(312): CodeIgniter\CodeIgniter->run()
11 SYSTEMPATH\Boot.php(67): CodeIgniter\Boot::runCodeIgniter(Object(CodeIgniter\CodeIgniter))
12 FCPATH\index.php(56): CodeIgniter\Boot::bootWeb(Object(Config\Paths))
ERROR - 2024-12-10 05:39:56 --> ErrorException: pg_query(): Query failed: ERROR:  column &quot;systolic&quot; of relation &quot;tbl_patient_records&quot; does not exist
LINE 1: INSERT INTO &quot;tbl_patient_records&quot; (&quot;systolic&quot;, &quot;diastolic&quot;, ...
                                           ^ in C:\xampp\htdocs\OPDClinic\system\Database\Postgre\Connection.php:193
Stack trace:
#0 [internal function]: CodeIgniter\Debug\Exceptions->errorHandler(2, 'pg_query(): Que...', 'C:\\xampp\\htdocs...', 193)
#1 C:\xampp\htdocs\OPDClinic\system\Database\Postgre\Connection.php(193): pg_query(Object(PgSql\Connection), 'INSERT INTO "tb...')
#2 C:\xampp\htdocs\OPDClinic\system\Database\BaseConnection.php(722): CodeIgniter\Database\Postgre\Connection->execute('INSERT INTO "tb...')
#3 C:\xampp\htdocs\OPDClinic\system\Database\BaseConnection.php(636): CodeIgniter\Database\BaseConnection->simpleQuery('INSERT INTO "tb...')
#4 C:\xampp\htdocs\OPDClinic\system\Database\BaseBuilder.php(2325): CodeIgniter\Database\BaseConnection->query('INSERT INTO "tb...', Array, false)
#5 C:\xampp\htdocs\OPDClinic\app\Controllers\Home.php(1903): CodeIgniter\Database\BaseBuilder->insert(Array)
#6 C:\xampp\htdocs\OPDClinic\system\CodeIgniter.php(933): App\Controllers\Home->patient_details()
#7 C:\xampp\htdocs\OPDClinic\system\CodeIgniter.php(509): CodeIgniter\CodeIgniter->runController(Object(App\Controllers\Home))
#8 C:\xampp\htdocs\OPDClinic\system\CodeIgniter.php(355): CodeIgniter\CodeIgniter->handleRequest(NULL, Object(Config\Cache), false)
#9 C:\xampp\htdocs\OPDClinic\system\Boot.php(312): CodeIgniter\CodeIgniter->run()
#10 C:\xampp\htdocs\OPDClinic\system\Boot.php(67): CodeIgniter\Boot::runCodeIgniter(Object(CodeIgniter\CodeIgniter))
#11 C:\xampp\htdocs\OPDClinic\index.php(56): CodeIgniter\Boot::bootWeb(Object(Config\Paths))
#12 {main}
CRITICAL - 2024-12-10 05:39:56 --> CodeIgniter\Database\Exceptions\DatabaseException: pg_query(): Query failed: ERROR:  column &quot;systolic&quot; of relation &quot;tbl_patient_records&quot; does not exist
LINE 1: INSERT INTO &quot;tbl_patient_records&quot; (&quot;systolic&quot;, &quot;diastolic&quot;, ...
                                           ^
[Method: POST, Route: patient-details]
in SYSTEMPATH\Database\BaseConnection.php on line 676.
 1 SYSTEMPATH\Database\BaseBuilder.php(2325): CodeIgniter\Database\BaseConnection->query('INSERT INTO "tbl_patient_records" ("systolic", "diastolic", "fasting", "pp", "weight", "bmi", "illness", "symptoms", "treatment", "followUpDate", "fees") VALUES (:systolic:, :diastolic:, :fasting:, :pp:, :weight:, :bmi:, :illness:, :symptoms:, :treatment:, :followUpDate:, :fees:)', [...], false)
 2 APPPATH\Controllers\Home.php(1903): CodeIgniter\Database\BaseBuilder->insert([...])
 3 SYSTEMPATH\CodeIgniter.php(933): App\Controllers\Home->patient_details()
 4 SYSTEMPATH\CodeIgniter.php(509): CodeIgniter\CodeIgniter->runController(Object(App\Controllers\Home))
 5 SYSTEMPATH\CodeIgniter.php(355): CodeIgniter\CodeIgniter->handleRequest(null, Object(Config\Cache), false)
 6 SYSTEMPATH\Boot.php(312): CodeIgniter\CodeIgniter->run()
 7 SYSTEMPATH\Boot.php(67): CodeIgniter\Boot::runCodeIgniter(Object(CodeIgniter\CodeIgniter))
 8 FCPATH\index.php(56): CodeIgniter\Boot::bootWeb(Object(Config\Paths))
CRITICAL - 2024-12-10 05:39:56 --> [Caused by] CodeIgniter\Database\Exceptions\DatabaseException: pg_query(): Query failed: ERROR:  column &quot;systolic&quot; of relation &quot;tbl_patient_records&quot; does not exist
LINE 1: INSERT INTO &quot;tbl_patient_records&quot; (&quot;systolic&quot;, &quot;diastolic&quot;, ...
                                           ^
in SYSTEMPATH\Database\Postgre\Connection.php on line 198.
 1 SYSTEMPATH\Database\BaseConnection.php(722): CodeIgniter\Database\Postgre\Connection->execute('INSERT INTO "tbl_patient_records" ("systolic", "diastolic", "fasting", "pp", "weight", "bmi", "illness", "symptoms", "treatment", "followUpDate", "fees") VALUES (\'120\', \'80\', \'90\', \'110\', \'50\', \'7.5\', \'asdaasd\', \'zcxzcqweqqw\', \'qweqwe\', \'2024-12-16\', \'300\')')
 2 SYSTEMPATH\Database\BaseConnection.php(636): CodeIgniter\Database\BaseConnection->simpleQuery('INSERT INTO "tbl_patient_records" ("systolic", "diastolic", "fasting", "pp", "weight", "bmi", "illness", "symptoms", "treatment", "followUpDate", "fees") VALUES (\'120\', \'80\', \'90\', \'110\', \'50\', \'7.5\', \'asdaasd\', \'zcxzcqweqqw\', \'qweqwe\', \'2024-12-16\', \'300\')')
 3 SYSTEMPATH\Database\BaseBuilder.php(2325): CodeIgniter\Database\BaseConnection->query('INSERT INTO "tbl_patient_records" ("systolic", "diastolic", "fasting", "pp", "weight", "bmi", "illness", "symptoms", "treatment", "followUpDate", "fees") VALUES (:systolic:, :diastolic:, :fasting:, :pp:, :weight:, :bmi:, :illness:, :symptoms:, :treatment:, :followUpDate:, :fees:)', [...], false)
 4 APPPATH\Controllers\Home.php(1903): CodeIgniter\Database\BaseBuilder->insert([...])
 5 SYSTEMPATH\CodeIgniter.php(933): App\Controllers\Home->patient_details()
 6 SYSTEMPATH\CodeIgniter.php(509): CodeIgniter\CodeIgniter->runController(Object(App\Controllers\Home))
 7 SYSTEMPATH\CodeIgniter.php(355): CodeIgniter\CodeIgniter->handleRequest(null, Object(Config\Cache), false)
 8 SYSTEMPATH\Boot.php(312): CodeIgniter\CodeIgniter->run()
 9 SYSTEMPATH\Boot.php(67): CodeIgniter\Boot::runCodeIgniter(Object(CodeIgniter\CodeIgniter))
10 FCPATH\index.php(56): CodeIgniter\Boot::bootWeb(Object(Config\Paths))
CRITICAL - 2024-12-10 05:39:56 --> [Caused by] ErrorException: pg_query(): Query failed: ERROR:  column &quot;systolic&quot; of relation &quot;tbl_patient_records&quot; does not exist
LINE 1: INSERT INTO &quot;tbl_patient_records&quot; (&quot;systolic&quot;, &quot;diastolic&quot;, ...
                                           ^
in SYSTEMPATH\Database\Postgre\Connection.php on line 193.
 1 [internal function]: CodeIgniter\Debug\Exceptions->errorHandler(2, 'pg_query(): Query failed: ERROR:  column &quot;systolic&quot; of relation &quot;tbl_patient_records&quot; does not exist
LINE 1: INSERT INTO &quot;tbl_patient_records&quot; (&quot;systolic&quot;, &quot;diastolic&quot;, ...
                                           ^', 'C:\\xampp\\htdocs\\OPDClinic\\system\\Database\\Postgre\\Connection.php', 193)
 2 SYSTEMPATH\Database\Postgre\Connection.php(193): pg_query(Object(PgSql\Connection), 'INSERT INTO "tbl_patient_records" ("systolic", "diastolic", "fasting", "pp", "weight", "bmi", "illness", "symptoms", "treatment", "followUpDate", "fees") VALUES (\'120\', \'80\', \'90\', \'110\', \'50\', \'7.5\', \'asdaasd\', \'zcxzcqweqqw\', \'qweqwe\', \'2024-12-16\', \'300\')')
 3 SYSTEMPATH\Database\BaseConnection.php(722): CodeIgniter\Database\Postgre\Connection->execute('INSERT INTO "tbl_patient_records" ("systolic", "diastolic", "fasting", "pp", "weight", "bmi", "illness", "symptoms", "treatment", "followUpDate", "fees") VALUES (\'120\', \'80\', \'90\', \'110\', \'50\', \'7.5\', \'asdaasd\', \'zcxzcqweqqw\', \'qweqwe\', \'2024-12-16\', \'300\')')
 4 SYSTEMPATH\Database\BaseConnection.php(636): CodeIgniter\Database\BaseConnection->simpleQuery('INSERT INTO "tbl_patient_records" ("systolic", "diastolic", "fasting", "pp", "weight", "bmi", "illness", "symptoms", "treatment", "followUpDate", "fees") VALUES (\'120\', \'80\', \'90\', \'110\', \'50\', \'7.5\', \'asdaasd\', \'zcxzcqweqqw\', \'qweqwe\', \'2024-12-16\', \'300\')')
 5 SYSTEMPATH\Database\BaseBuilder.php(2325): CodeIgniter\Database\BaseConnection->query('INSERT INTO "tbl_patient_records" ("systolic", "diastolic", "fasting", "pp", "weight", "bmi", "illness", "symptoms", "treatment", "followUpDate", "fees") VALUES (:systolic:, :diastolic:, :fasting:, :pp:, :weight:, :bmi:, :illness:, :symptoms:, :treatment:, :followUpDate:, :fees:)', [...], false)
 6 APPPATH\Controllers\Home.php(1903): CodeIgniter\Database\BaseBuilder->insert([...])
 7 SYSTEMPATH\CodeIgniter.php(933): App\Controllers\Home->patient_details()
 8 SYSTEMPATH\CodeIgniter.php(509): CodeIgniter\CodeIgniter->runController(Object(App\Controllers\Home))
 9 SYSTEMPATH\CodeIgniter.php(355): CodeIgniter\CodeIgniter->handleRequest(null, Object(Config\Cache), false)
10 SYSTEMPATH\Boot.php(312): CodeIgniter\CodeIgniter->run()
11 SYSTEMPATH\Boot.php(67): CodeIgniter\Boot::runCodeIgniter(Object(CodeIgniter\CodeIgniter))
12 FCPATH\index.php(56): CodeIgniter\Boot::bootWeb(Object(Config\Paths))
ERROR - 2024-12-10 05:45:14 --> ErrorException: pg_query(): Query failed: ERROR:  column &quot;followUpDate&quot; of relation &quot;tbl_patient_records&quot; does not exist
LINE 1: ...ight&quot;, &quot;bmi&quot;, &quot;illness&quot;, &quot;symptoms&quot;, &quot;treatment&quot;, &quot;followUpD...
                                                             ^ in C:\xampp\htdocs\OPDClinic\system\Database\Postgre\Connection.php:193
Stack trace:
#0 [internal function]: CodeIgniter\Debug\Exceptions->errorHandler(2, 'pg_query(): Que...', 'C:\\xampp\\htdocs...', 193)
#1 C:\xampp\htdocs\OPDClinic\system\Database\Postgre\Connection.php(193): pg_query(Object(PgSql\Connection), 'INSERT INTO "tb...')
#2 C:\xampp\htdocs\OPDClinic\system\Database\BaseConnection.php(722): CodeIgniter\Database\Postgre\Connection->execute('INSERT INTO "tb...')
#3 C:\xampp\htdocs\OPDClinic\system\Database\BaseConnection.php(636): CodeIgniter\Database\BaseConnection->simpleQuery('INSERT INTO "tb...')
#4 C:\xampp\htdocs\OPDClinic\system\Database\BaseBuilder.php(2325): CodeIgniter\Database\BaseConnection->query('INSERT INTO "tb...', Array, false)
#5 C:\xampp\htdocs\OPDClinic\app\Controllers\Home.php(1903): CodeIgniter\Database\BaseBuilder->insert(Array)
#6 C:\xampp\htdocs\OPDClinic\system\CodeIgniter.php(933): App\Controllers\Home->patient_details()
#7 C:\xampp\htdocs\OPDClinic\system\CodeIgniter.php(509): CodeIgniter\CodeIgniter->runController(Object(App\Controllers\Home))
#8 C:\xampp\htdocs\OPDClinic\system\CodeIgniter.php(355): CodeIgniter\CodeIgniter->handleRequest(NULL, Object(Config\Cache), false)
#9 C:\xampp\htdocs\OPDClinic\system\Boot.php(312): CodeIgniter\CodeIgniter->run()
#10 C:\xampp\htdocs\OPDClinic\system\Boot.php(67): CodeIgniter\Boot::runCodeIgniter(Object(CodeIgniter\CodeIgniter))
#11 C:\xampp\htdocs\OPDClinic\index.php(56): CodeIgniter\Boot::bootWeb(Object(Config\Paths))
#12 {main}
CRITICAL - 2024-12-10 05:45:14 --> CodeIgniter\Database\Exceptions\DatabaseException: pg_query(): Query failed: ERROR:  column &quot;followUpDate&quot; of relation &quot;tbl_patient_records&quot; does not exist
LINE 1: ...ight&quot;, &quot;bmi&quot;, &quot;illness&quot;, &quot;symptoms&quot;, &quot;treatment&quot;, &quot;followUpD...
                                                             ^
[Method: POST, Route: patient-details]
in SYSTEMPATH\Database\BaseConnection.php on line 676.
 1 SYSTEMPATH\Database\BaseBuilder.php(2325): CodeIgniter\Database\BaseConnection->query('INSERT INTO "tbl_patient_records" ("systolic", "diastolic", "fasting", "pp", "weight", "bmi", "illness", "symptoms", "treatment", "followUpDate", "fees") VALUES (:systolic:, :diastolic:, :fasting:, :pp:, :weight:, :bmi:, :illness:, :symptoms:, :treatment:, :followUpDate:, :fees:)', [...], false)
 2 APPPATH\Controllers\Home.php(1903): CodeIgniter\Database\BaseBuilder->insert([...])
 3 SYSTEMPATH\CodeIgniter.php(933): App\Controllers\Home->patient_details()
 4 SYSTEMPATH\CodeIgniter.php(509): CodeIgniter\CodeIgniter->runController(Object(App\Controllers\Home))
 5 SYSTEMPATH\CodeIgniter.php(355): CodeIgniter\CodeIgniter->handleRequest(null, Object(Config\Cache), false)
 6 SYSTEMPATH\Boot.php(312): CodeIgniter\CodeIgniter->run()
 7 SYSTEMPATH\Boot.php(67): CodeIgniter\Boot::runCodeIgniter(Object(CodeIgniter\CodeIgniter))
 8 FCPATH\index.php(56): CodeIgniter\Boot::bootWeb(Object(Config\Paths))
CRITICAL - 2024-12-10 05:45:14 --> [Caused by] CodeIgniter\Database\Exceptions\DatabaseException: pg_query(): Query failed: ERROR:  column &quot;followUpDate&quot; of relation &quot;tbl_patient_records&quot; does not exist
LINE 1: ...ight&quot;, &quot;bmi&quot;, &quot;illness&quot;, &quot;symptoms&quot;, &quot;treatment&quot;, &quot;followUpD...
                                                             ^
in SYSTEMPATH\Database\Postgre\Connection.php on line 198.
 1 SYSTEMPATH\Database\BaseConnection.php(722): CodeIgniter\Database\Postgre\Connection->execute('INSERT INTO "tbl_patient_records" ("systolic", "diastolic", "fasting", "pp", "weight", "bmi", "illness", "symptoms", "treatment", "followUpDate", "fees") VALUES (\'120\', \'80\', \'90\', \'110\', \'50\', \'7.5\', \'asdaasd\', \'zcxzcqweqqw\', \'qweqwe\', \'2024-12-16\', \'300\')')
 2 SYSTEMPATH\Database\BaseConnection.php(636): CodeIgniter\Database\BaseConnection->simpleQuery('INSERT INTO "tbl_patient_records" ("systolic", "diastolic", "fasting", "pp", "weight", "bmi", "illness", "symptoms", "treatment", "followUpDate", "fees") VALUES (\'120\', \'80\', \'90\', \'110\', \'50\', \'7.5\', \'asdaasd\', \'zcxzcqweqqw\', \'qweqwe\', \'2024-12-16\', \'300\')')
 3 SYSTEMPATH\Database\BaseBuilder.php(2325): CodeIgniter\Database\BaseConnection->query('INSERT INTO "tbl_patient_records" ("systolic", "diastolic", "fasting", "pp", "weight", "bmi", "illness", "symptoms", "treatment", "followUpDate", "fees") VALUES (:systolic:, :diastolic:, :fasting:, :pp:, :weight:, :bmi:, :illness:, :symptoms:, :treatment:, :followUpDate:, :fees:)', [...], false)
 4 APPPATH\Controllers\Home.php(1903): CodeIgniter\Database\BaseBuilder->insert([...])
 5 SYSTEMPATH\CodeIgniter.php(933): App\Controllers\Home->patient_details()
 6 SYSTEMPATH\CodeIgniter.php(509): CodeIgniter\CodeIgniter->runController(Object(App\Controllers\Home))
 7 SYSTEMPATH\CodeIgniter.php(355): CodeIgniter\CodeIgniter->handleRequest(null, Object(Config\Cache), false)
 8 SYSTEMPATH\Boot.php(312): CodeIgniter\CodeIgniter->run()
 9 SYSTEMPATH\Boot.php(67): CodeIgniter\Boot::runCodeIgniter(Object(CodeIgniter\CodeIgniter))
10 FCPATH\index.php(56): CodeIgniter\Boot::bootWeb(Object(Config\Paths))
CRITICAL - 2024-12-10 05:45:14 --> [Caused by] ErrorException: pg_query(): Query failed: ERROR:  column &quot;followUpDate&quot; of relation &quot;tbl_patient_records&quot; does not exist
LINE 1: ...ight&quot;, &quot;bmi&quot;, &quot;illness&quot;, &quot;symptoms&quot;, &quot;treatment&quot;, &quot;followUpD...
                                                             ^
in SYSTEMPATH\Database\Postgre\Connection.php on line 193.
 1 [internal function]: CodeIgniter\Debug\Exceptions->errorHandler(2, 'pg_query(): Query failed: ERROR:  column &quot;followUpDate&quot; of relation &quot;tbl_patient_records&quot; does not exist
LINE 1: ...ight&quot;, &quot;bmi&quot;, &quot;illness&quot;, &quot;symptoms&quot;, &quot;treatment&quot;, &quot;followUpD...
                                                             ^', 'C:\\xampp\\htdocs\\OPDClinic\\system\\Database\\Postgre\\Connection.php', 193)
 2 SYSTEMPATH\Database\Postgre\Connection.php(193): pg_query(Object(PgSql\Connection), 'INSERT INTO "tbl_patient_records" ("systolic", "diastolic", "fasting", "pp", "weight", "bmi", "illness", "symptoms", "treatment", "followUpDate", "fees") VALUES (\'120\', \'80\', \'90\', \'110\', \'50\', \'7.5\', \'asdaasd\', \'zcxzcqweqqw\', \'qweqwe\', \'2024-12-16\', \'300\')')
 3 SYSTEMPATH\Database\BaseConnection.php(722): CodeIgniter\Database\Postgre\Connection->execute('INSERT INTO "tbl_patient_records" ("systolic", "diastolic", "fasting", "pp", "weight", "bmi", "illness", "symptoms", "treatment", "followUpDate", "fees") VALUES (\'120\', \'80\', \'90\', \'110\', \'50\', \'7.5\', \'asdaasd\', \'zcxzcqweqqw\', \'qweqwe\', \'2024-12-16\', \'300\')')
 4 SYSTEMPATH\Database\BaseConnection.php(636): CodeIgniter\Database\BaseConnection->simpleQuery('INSERT INTO "tbl_patient_records" ("systolic", "diastolic", "fasting", "pp", "weight", "bmi", "illness", "symptoms", "treatment", "followUpDate", "fees") VALUES (\'120\', \'80\', \'90\', \'110\', \'50\', \'7.5\', \'asdaasd\', \'zcxzcqweqqw\', \'qweqwe\', \'2024-12-16\', \'300\')')
 5 SYSTEMPATH\Database\BaseBuilder.php(2325): CodeIgniter\Database\BaseConnection->query('INSERT INTO "tbl_patient_records" ("systolic", "diastolic", "fasting", "pp", "weight", "bmi", "illness", "symptoms", "treatment", "followUpDate", "fees") VALUES (:systolic:, :diastolic:, :fasting:, :pp:, :weight:, :bmi:, :illness:, :symptoms:, :treatment:, :followUpDate:, :fees:)', [...], false)
 6 APPPATH\Controllers\Home.php(1903): CodeIgniter\Database\BaseBuilder->insert([...])
 7 SYSTEMPATH\CodeIgniter.php(933): App\Controllers\Home->patient_details()
 8 SYSTEMPATH\CodeIgniter.php(509): CodeIgniter\CodeIgniter->runController(Object(App\Controllers\Home))
 9 SYSTEMPATH\CodeIgniter.php(355): CodeIgniter\CodeIgniter->handleRequest(null, Object(Config\Cache), false)
10 SYSTEMPATH\Boot.php(312): CodeIgniter\CodeIgniter->run()
11 SYSTEMPATH\Boot.php(67): CodeIgniter\Boot::runCodeIgniter(Object(CodeIgniter\CodeIgniter))
12 FCPATH\index.php(56): CodeIgniter\Boot::bootWeb(Object(Config\Paths))
ERROR - 2024-12-10 05:46:03 --> ErrorException: pg_query(): Query failed: ERROR:  null value in column &quot;id&quot; of relation &quot;tbl_patient_records&quot; violates not-null constraint
DETAIL:  Failing row contains (null, null, null, 120, 80, 50, 90, 110, 7.5, asdaasd, zcxzcqweqqw, qweqwe, 2024-12-16, 300, null, null, null, null, null). in C:\xampp\htdocs\OPDClinic\system\Database\Postgre\Connection.php:193
Stack trace:
#0 [internal function]: CodeIgniter\Debug\Exceptions->errorHandler(2, 'pg_query(): Que...', 'C:\\xampp\\htdocs...', 193)
#1 C:\xampp\htdocs\OPDClinic\system\Database\Postgre\Connection.php(193): pg_query(Object(PgSql\Connection), 'INSERT INTO "tb...')
#2 C:\xampp\htdocs\OPDClinic\system\Database\BaseConnection.php(722): CodeIgniter\Database\Postgre\Connection->execute('INSERT INTO "tb...')
#3 C:\xampp\htdocs\OPDClinic\system\Database\BaseConnection.php(636): CodeIgniter\Database\BaseConnection->simpleQuery('INSERT INTO "tb...')
#4 C:\xampp\htdocs\OPDClinic\system\Database\BaseBuilder.php(2325): CodeIgniter\Database\BaseConnection->query('INSERT INTO "tb...', Array, false)
#5 C:\xampp\htdocs\OPDClinic\app\Controllers\Home.php(1903): CodeIgniter\Database\BaseBuilder->insert(Array)
#6 C:\xampp\htdocs\OPDClinic\system\CodeIgniter.php(933): App\Controllers\Home->patient_details()
#7 C:\xampp\htdocs\OPDClinic\system\CodeIgniter.php(509): CodeIgniter\CodeIgniter->runController(Object(App\Controllers\Home))
#8 C:\xampp\htdocs\OPDClinic\system\CodeIgniter.php(355): CodeIgniter\CodeIgniter->handleRequest(NULL, Object(Config\Cache), false)
#9 C:\xampp\htdocs\OPDClinic\system\Boot.php(312): CodeIgniter\CodeIgniter->run()
#10 C:\xampp\htdocs\OPDClinic\system\Boot.php(67): CodeIgniter\Boot::runCodeIgniter(Object(CodeIgniter\CodeIgniter))
#11 C:\xampp\htdocs\OPDClinic\index.php(56): CodeIgniter\Boot::bootWeb(Object(Config\Paths))
#12 {main}
CRITICAL - 2024-12-10 05:46:03 --> CodeIgniter\Database\Exceptions\DatabaseException: pg_query(): Query failed: ERROR:  null value in column &quot;id&quot; of relation &quot;tbl_patient_records&quot; violates not-null constraint
DETAIL:  Failing row contains (null, null, null, 120, 80, 50, 90, 110, 7.5, asdaasd, zcxzcqweqqw, qweqwe, 2024-12-16, 300, null, null, null, null, null).
[Method: POST, Route: patient-details]
in SYSTEMPATH\Database\BaseConnection.php on line 676.
 1 SYSTEMPATH\Database\BaseBuilder.php(2325): CodeIgniter\Database\BaseConnection->query('INSERT INTO "tbl_patient_records" ("systolic", "diastolic", "fasting", "pp", "weight", "bmi", "illness", "symptoms", "treatment", "followUpDate", "fees") VALUES (:systolic:, :diastolic:, :fasting:, :pp:, :weight:, :bmi:, :illness:, :symptoms:, :treatment:, :followUpDate:, :fees:)', [...], false)
 2 APPPATH\Controllers\Home.php(1903): CodeIgniter\Database\BaseBuilder->insert([...])
 3 SYSTEMPATH\CodeIgniter.php(933): App\Controllers\Home->patient_details()
 4 SYSTEMPATH\CodeIgniter.php(509): CodeIgniter\CodeIgniter->runController(Object(App\Controllers\Home))
 5 SYSTEMPATH\CodeIgniter.php(355): CodeIgniter\CodeIgniter->handleRequest(null, Object(Config\Cache), false)
 6 SYSTEMPATH\Boot.php(312): CodeIgniter\CodeIgniter->run()
 7 SYSTEMPATH\Boot.php(67): CodeIgniter\Boot::runCodeIgniter(Object(CodeIgniter\CodeIgniter))
 8 FCPATH\index.php(56): CodeIgniter\Boot::bootWeb(Object(Config\Paths))
CRITICAL - 2024-12-10 05:46:03 --> [Caused by] CodeIgniter\Database\Exceptions\DatabaseException: pg_query(): Query failed: ERROR:  null value in column &quot;id&quot; of relation &quot;tbl_patient_records&quot; violates not-null constraint
DETAIL:  Failing row contains (null, null, null, 120, 80, 50, 90, 110, 7.5, asdaasd, zcxzcqweqqw, qweqwe, 2024-12-16, 300, null, null, null, null, null).
in SYSTEMPATH\Database\Postgre\Connection.php on line 198.
 1 SYSTEMPATH\Database\BaseConnection.php(722): CodeIgniter\Database\Postgre\Connection->execute('INSERT INTO "tbl_patient_records" ("systolic", "diastolic", "fasting", "pp", "weight", "bmi", "illness", "symptoms", "treatment", "followUpDate", "fees") VALUES (\'120\', \'80\', \'90\', \'110\', \'50\', \'7.5\', \'asdaasd\', \'zcxzcqweqqw\', \'qweqwe\', \'2024-12-16\', \'300\')')
 2 SYSTEMPATH\Database\BaseConnection.php(636): CodeIgniter\Database\BaseConnection->simpleQuery('INSERT INTO "tbl_patient_records" ("systolic", "diastolic", "fasting", "pp", "weight", "bmi", "illness", "symptoms", "treatment", "followUpDate", "fees") VALUES (\'120\', \'80\', \'90\', \'110\', \'50\', \'7.5\', \'asdaasd\', \'zcxzcqweqqw\', \'qweqwe\', \'2024-12-16\', \'300\')')
 3 SYSTEMPATH\Database\BaseBuilder.php(2325): CodeIgniter\Database\BaseConnection->query('INSERT INTO "tbl_patient_records" ("systolic", "diastolic", "fasting", "pp", "weight", "bmi", "illness", "symptoms", "treatment", "followUpDate", "fees") VALUES (:systolic:, :diastolic:, :fasting:, :pp:, :weight:, :bmi:, :illness:, :symptoms:, :treatment:, :followUpDate:, :fees:)', [...], false)
 4 APPPATH\Controllers\Home.php(1903): CodeIgniter\Database\BaseBuilder->insert([...])
 5 SYSTEMPATH\CodeIgniter.php(933): App\Controllers\Home->patient_details()
 6 SYSTEMPATH\CodeIgniter.php(509): CodeIgniter\CodeIgniter->runController(Object(App\Controllers\Home))
 7 SYSTEMPATH\CodeIgniter.php(355): CodeIgniter\CodeIgniter->handleRequest(null, Object(Config\Cache), false)
 8 SYSTEMPATH\Boot.php(312): CodeIgniter\CodeIgniter->run()
 9 SYSTEMPATH\Boot.php(67): CodeIgniter\Boot::runCodeIgniter(Object(CodeIgniter\CodeIgniter))
10 FCPATH\index.php(56): CodeIgniter\Boot::bootWeb(Object(Config\Paths))
CRITICAL - 2024-12-10 05:46:03 --> [Caused by] ErrorException: pg_query(): Query failed: ERROR:  null value in column &quot;id&quot; of relation &quot;tbl_patient_records&quot; violates not-null constraint
DETAIL:  Failing row contains (null, null, null, 120, 80, 50, 90, 110, 7.5, asdaasd, zcxzcqweqqw, qweqwe, 2024-12-16, 300, null, null, null, null, null).
in SYSTEMPATH\Database\Postgre\Connection.php on line 193.
 1 [internal function]: CodeIgniter\Debug\Exceptions->errorHandler(2, 'pg_query(): Query failed: ERROR:  null value in column &quot;id&quot; of relation &quot;tbl_patient_records&quot; violates not-null constraint
DETAIL:  Failing row contains (null, null, null, 120, 80, 50, 90, 110, 7.5, asdaasd, zcxzcqweqqw, qweqwe, 2024-12-16, 300, null, null, null, null, null).', 'C:\\xampp\\htdocs\\OPDClinic\\system\\Database\\Postgre\\Connection.php', 193)
 2 SYSTEMPATH\Database\Postgre\Connection.php(193): pg_query(Object(PgSql\Connection), 'INSERT INTO "tbl_patient_records" ("systolic", "diastolic", "fasting", "pp", "weight", "bmi", "illness", "symptoms", "treatment", "followUpDate", "fees") VALUES (\'120\', \'80\', \'90\', \'110\', \'50\', \'7.5\', \'asdaasd\', \'zcxzcqweqqw\', \'qweqwe\', \'2024-12-16\', \'300\')')
 3 SYSTEMPATH\Database\BaseConnection.php(722): CodeIgniter\Database\Postgre\Connection->execute('INSERT INTO "tbl_patient_records" ("systolic", "diastolic", "fasting", "pp", "weight", "bmi", "illness", "symptoms", "treatment", "followUpDate", "fees") VALUES (\'120\', \'80\', \'90\', \'110\', \'50\', \'7.5\', \'asdaasd\', \'zcxzcqweqqw\', \'qweqwe\', \'2024-12-16\', \'300\')')
 4 SYSTEMPATH\Database\BaseConnection.php(636): CodeIgniter\Database\BaseConnection->simpleQuery('INSERT INTO "tbl_patient_records" ("systolic", "diastolic", "fasting", "pp", "weight", "bmi", "illness", "symptoms", "treatment", "followUpDate", "fees") VALUES (\'120\', \'80\', \'90\', \'110\', \'50\', \'7.5\', \'asdaasd\', \'zcxzcqweqqw\', \'qweqwe\', \'2024-12-16\', \'300\')')
 5 SYSTEMPATH\Database\BaseBuilder.php(2325): CodeIgniter\Database\BaseConnection->query('INSERT INTO "tbl_patient_records" ("systolic", "diastolic", "fasting", "pp", "weight", "bmi", "illness", "symptoms", "treatment", "followUpDate", "fees") VALUES (:systolic:, :diastolic:, :fasting:, :pp:, :weight:, :bmi:, :illness:, :symptoms:, :treatment:, :followUpDate:, :fees:)', [...], false)
 6 APPPATH\Controllers\Home.php(1903): CodeIgniter\Database\BaseBuilder->insert([...])
 7 SYSTEMPATH\CodeIgniter.php(933): App\Controllers\Home->patient_details()
 8 SYSTEMPATH\CodeIgniter.php(509): CodeIgniter\CodeIgniter->runController(Object(App\Controllers\Home))
 9 SYSTEMPATH\CodeIgniter.php(355): CodeIgniter\CodeIgniter->handleRequest(null, Object(Config\Cache), false)
10 SYSTEMPATH\Boot.php(312): CodeIgniter\CodeIgniter->run()
11 SYSTEMPATH\Boot.php(67): CodeIgniter\Boot::runCodeIgniter(Object(CodeIgniter\CodeIgniter))
12 FCPATH\index.php(56): CodeIgniter\Boot::bootWeb(Object(Config\Paths))
ERROR - 2024-12-10 05:47:52 --> ErrorException: pg_query(): Query failed: ERROR:  null value in column &quot;id&quot; of relation &quot;tbl_patient_records&quot; violates not-null constraint
DETAIL:  Failing row contains (null, null, null, 120, 80, 50, 90, 110, 7.5, asdaasd, zcxzcqweqqw, qweqwe, 2024-12-16, 300, null, null, null, null, null). in C:\xampp\htdocs\OPDClinic\system\Database\Postgre\Connection.php:193
Stack trace:
#0 [internal function]: CodeIgniter\Debug\Exceptions->errorHandler(2, 'pg_query(): Que...', 'C:\\xampp\\htdocs...', 193)
#1 C:\xampp\htdocs\OPDClinic\system\Database\Postgre\Connection.php(193): pg_query(Object(PgSql\Connection), 'INSERT INTO "tb...')
#2 C:\xampp\htdocs\OPDClinic\system\Database\BaseConnection.php(722): CodeIgniter\Database\Postgre\Connection->execute('INSERT INTO "tb...')
#3 C:\xampp\htdocs\OPDClinic\system\Database\BaseConnection.php(636): CodeIgniter\Database\BaseConnection->simpleQuery('INSERT INTO "tb...')
#4 C:\xampp\htdocs\OPDClinic\system\Database\BaseBuilder.php(2325): CodeIgniter\Database\BaseConnection->query('INSERT INTO "tb...', Array, false)
#5 C:\xampp\htdocs\OPDClinic\app\Controllers\Home.php(1903): CodeIgniter\Database\BaseBuilder->insert(Array)
#6 C:\xampp\htdocs\OPDClinic\system\CodeIgniter.php(933): App\Controllers\Home->patient_details()
#7 C:\xampp\htdocs\OPDClinic\system\CodeIgniter.php(509): CodeIgniter\CodeIgniter->runController(Object(App\Controllers\Home))
#8 C:\xampp\htdocs\OPDClinic\system\CodeIgniter.php(355): CodeIgniter\CodeIgniter->handleRequest(NULL, Object(Config\Cache), false)
#9 C:\xampp\htdocs\OPDClinic\system\Boot.php(312): CodeIgniter\CodeIgniter->run()
#10 C:\xampp\htdocs\OPDClinic\system\Boot.php(67): CodeIgniter\Boot::runCodeIgniter(Object(CodeIgniter\CodeIgniter))
#11 C:\xampp\htdocs\OPDClinic\index.php(56): CodeIgniter\Boot::bootWeb(Object(Config\Paths))
#12 {main}
CRITICAL - 2024-12-10 05:47:52 --> CodeIgniter\Database\Exceptions\DatabaseException: pg_query(): Query failed: ERROR:  null value in column &quot;id&quot; of relation &quot;tbl_patient_records&quot; violates not-null constraint
DETAIL:  Failing row contains (null, null, null, 120, 80, 50, 90, 110, 7.5, asdaasd, zcxzcqweqqw, qweqwe, 2024-12-16, 300, null, null, null, null, null).
[Method: POST, Route: patient-details]
in SYSTEMPATH\Database\BaseConnection.php on line 676.
 1 SYSTEMPATH\Database\BaseBuilder.php(2325): CodeIgniter\Database\BaseConnection->query('INSERT INTO "tbl_patient_records" ("systolic", "diastolic", "fasting", "pp", "weight", "bmi", "illness", "symptoms", "treatment", "followUpDate", "fees") VALUES (:systolic:, :diastolic:, :fasting:, :pp:, :weight:, :bmi:, :illness:, :symptoms:, :treatment:, :followUpDate:, :fees:)', [...], false)
 2 APPPATH\Controllers\Home.php(1903): CodeIgniter\Database\BaseBuilder->insert([...])
 3 SYSTEMPATH\CodeIgniter.php(933): App\Controllers\Home->patient_details()
 4 SYSTEMPATH\CodeIgniter.php(509): CodeIgniter\CodeIgniter->runController(Object(App\Controllers\Home))
 5 SYSTEMPATH\CodeIgniter.php(355): CodeIgniter\CodeIgniter->handleRequest(null, Object(Config\Cache), false)
 6 SYSTEMPATH\Boot.php(312): CodeIgniter\CodeIgniter->run()
 7 SYSTEMPATH\Boot.php(67): CodeIgniter\Boot::runCodeIgniter(Object(CodeIgniter\CodeIgniter))
 8 FCPATH\index.php(56): CodeIgniter\Boot::bootWeb(Object(Config\Paths))
CRITICAL - 2024-12-10 05:47:52 --> [Caused by] CodeIgniter\Database\Exceptions\DatabaseException: pg_query(): Query failed: ERROR:  null value in column &quot;id&quot; of relation &quot;tbl_patient_records&quot; violates not-null constraint
DETAIL:  Failing row contains (null, null, null, 120, 80, 50, 90, 110, 7.5, asdaasd, zcxzcqweqqw, qweqwe, 2024-12-16, 300, null, null, null, null, null).
in SYSTEMPATH\Database\Postgre\Connection.php on line 198.
 1 SYSTEMPATH\Database\BaseConnection.php(722): CodeIgniter\Database\Postgre\Connection->execute('INSERT INTO "tbl_patient_records" ("systolic", "diastolic", "fasting", "pp", "weight", "bmi", "illness", "symptoms", "treatment", "followUpDate", "fees") VALUES (\'120\', \'80\', \'90\', \'110\', \'50\', \'7.5\', \'asdaasd\', \'zcxzcqweqqw\', \'qweqwe\', \'2024-12-16\', \'300\')')
 2 SYSTEMPATH\Database\BaseConnection.php(636): CodeIgniter\Database\BaseConnection->simpleQuery('INSERT INTO "tbl_patient_records" ("systolic", "diastolic", "fasting", "pp", "weight", "bmi", "illness", "symptoms", "treatment", "followUpDate", "fees") VALUES (\'120\', \'80\', \'90\', \'110\', \'50\', \'7.5\', \'asdaasd\', \'zcxzcqweqqw\', \'qweqwe\', \'2024-12-16\', \'300\')')
 3 SYSTEMPATH\Database\BaseBuilder.php(2325): CodeIgniter\Database\BaseConnection->query('INSERT INTO "tbl_patient_records" ("systolic", "diastolic", "fasting", "pp", "weight", "bmi", "illness", "symptoms", "treatment", "followUpDate", "fees") VALUES (:systolic:, :diastolic:, :fasting:, :pp:, :weight:, :bmi:, :illness:, :symptoms:, :treatment:, :followUpDate:, :fees:)', [...], false)
 4 APPPATH\Controllers\Home.php(1903): CodeIgniter\Database\BaseBuilder->insert([...])
 5 SYSTEMPATH\CodeIgniter.php(933): App\Controllers\Home->patient_details()
 6 SYSTEMPATH\CodeIgniter.php(509): CodeIgniter\CodeIgniter->runController(Object(App\Controllers\Home))
 7 SYSTEMPATH\CodeIgniter.php(355): CodeIgniter\CodeIgniter->handleRequest(null, Object(Config\Cache), false)
 8 SYSTEMPATH\Boot.php(312): CodeIgniter\CodeIgniter->run()
 9 SYSTEMPATH\Boot.php(67): CodeIgniter\Boot::runCodeIgniter(Object(CodeIgniter\CodeIgniter))
10 FCPATH\index.php(56): CodeIgniter\Boot::bootWeb(Object(Config\Paths))
CRITICAL - 2024-12-10 05:47:52 --> [Caused by] ErrorException: pg_query(): Query failed: ERROR:  null value in column &quot;id&quot; of relation &quot;tbl_patient_records&quot; violates not-null constraint
DETAIL:  Failing row contains (null, null, null, 120, 80, 50, 90, 110, 7.5, asdaasd, zcxzcqweqqw, qweqwe, 2024-12-16, 300, null, null, null, null, null).
in SYSTEMPATH\Database\Postgre\Connection.php on line 193.
 1 [internal function]: CodeIgniter\Debug\Exceptions->errorHandler(2, 'pg_query(): Query failed: ERROR:  null value in column &quot;id&quot; of relation &quot;tbl_patient_records&quot; violates not-null constraint
DETAIL:  Failing row contains (null, null, null, 120, 80, 50, 90, 110, 7.5, asdaasd, zcxzcqweqqw, qweqwe, 2024-12-16, 300, null, null, null, null, null).', 'C:\\xampp\\htdocs\\OPDClinic\\system\\Database\\Postgre\\Connection.php', 193)
 2 SYSTEMPATH\Database\Postgre\Connection.php(193): pg_query(Object(PgSql\Connection), 'INSERT INTO "tbl_patient_records" ("systolic", "diastolic", "fasting", "pp", "weight", "bmi", "illness", "symptoms", "treatment", "followUpDate", "fees") VALUES (\'120\', \'80\', \'90\', \'110\', \'50\', \'7.5\', \'asdaasd\', \'zcxzcqweqqw\', \'qweqwe\', \'2024-12-16\', \'300\')')
 3 SYSTEMPATH\Database\BaseConnection.php(722): CodeIgniter\Database\Postgre\Connection->execute('INSERT INTO "tbl_patient_records" ("systolic", "diastolic", "fasting", "pp", "weight", "bmi", "illness", "symptoms", "treatment", "followUpDate", "fees") VALUES (\'120\', \'80\', \'90\', \'110\', \'50\', \'7.5\', \'asdaasd\', \'zcxzcqweqqw\', \'qweqwe\', \'2024-12-16\', \'300\')')
 4 SYSTEMPATH\Database\BaseConnection.php(636): CodeIgniter\Database\BaseConnection->simpleQuery('INSERT INTO "tbl_patient_records" ("systolic", "diastolic", "fasting", "pp", "weight", "bmi", "illness", "symptoms", "treatment", "followUpDate", "fees") VALUES (\'120\', \'80\', \'90\', \'110\', \'50\', \'7.5\', \'asdaasd\', \'zcxzcqweqqw\', \'qweqwe\', \'2024-12-16\', \'300\')')
 5 SYSTEMPATH\Database\BaseBuilder.php(2325): CodeIgniter\Database\BaseConnection->query('INSERT INTO "tbl_patient_records" ("systolic", "diastolic", "fasting", "pp", "weight", "bmi", "illness", "symptoms", "treatment", "followUpDate", "fees") VALUES (:systolic:, :diastolic:, :fasting:, :pp:, :weight:, :bmi:, :illness:, :symptoms:, :treatment:, :followUpDate:, :fees:)', [...], false)
 6 APPPATH\Controllers\Home.php(1903): CodeIgniter\Database\BaseBuilder->insert([...])
 7 SYSTEMPATH\CodeIgniter.php(933): App\Controllers\Home->patient_details()
 8 SYSTEMPATH\CodeIgniter.php(509): CodeIgniter\CodeIgniter->runController(Object(App\Controllers\Home))
 9 SYSTEMPATH\CodeIgniter.php(355): CodeIgniter\CodeIgniter->handleRequest(null, Object(Config\Cache), false)
10 SYSTEMPATH\Boot.php(312): CodeIgniter\CodeIgniter->run()
11 SYSTEMPATH\Boot.php(67): CodeIgniter\Boot::runCodeIgniter(Object(CodeIgniter\CodeIgniter))
12 FCPATH\index.php(56): CodeIgniter\Boot::bootWeb(Object(Config\Paths))
ERROR - 2024-12-10 05:54:34 --> ErrorException: pg_query(): Query failed: ERROR:  null value in column &quot;id&quot; of relation &quot;tbl_patient_records&quot; violates not-null constraint
DETAIL:  Failing row contains (null, null, null, 120, 80, 50, 90, 110, 7.5, asdaasd, zcxzcqweqqw, qweqwe, 2024-12-16, 300). in C:\xampp\htdocs\OPDClinic\system\Database\Postgre\Connection.php:193
Stack trace:
#0 [internal function]: CodeIgniter\Debug\Exceptions->errorHandler(2, 'pg_query(): Que...', 'C:\\xampp\\htdocs...', 193)
#1 C:\xampp\htdocs\OPDClinic\system\Database\Postgre\Connection.php(193): pg_query(Object(PgSql\Connection), 'INSERT INTO "tb...')
#2 C:\xampp\htdocs\OPDClinic\system\Database\BaseConnection.php(722): CodeIgniter\Database\Postgre\Connection->execute('INSERT INTO "tb...')
#3 C:\xampp\htdocs\OPDClinic\system\Database\BaseConnection.php(636): CodeIgniter\Database\BaseConnection->simpleQuery('INSERT INTO "tb...')
#4 C:\xampp\htdocs\OPDClinic\system\Database\BaseBuilder.php(2325): CodeIgniter\Database\BaseConnection->query('INSERT INTO "tb...', Array, false)
#5 C:\xampp\htdocs\OPDClinic\app\Controllers\Home.php(1903): CodeIgniter\Database\BaseBuilder->insert(Array)
#6 C:\xampp\htdocs\OPDClinic\system\CodeIgniter.php(933): App\Controllers\Home->patient_details()
#7 C:\xampp\htdocs\OPDClinic\system\CodeIgniter.php(509): CodeIgniter\CodeIgniter->runController(Object(App\Controllers\Home))
#8 C:\xampp\htdocs\OPDClinic\system\CodeIgniter.php(355): CodeIgniter\CodeIgniter->handleRequest(NULL, Object(Config\Cache), false)
#9 C:\xampp\htdocs\OPDClinic\system\Boot.php(312): CodeIgniter\CodeIgniter->run()
#10 C:\xampp\htdocs\OPDClinic\system\Boot.php(67): CodeIgniter\Boot::runCodeIgniter(Object(CodeIgniter\CodeIgniter))
#11 C:\xampp\htdocs\OPDClinic\index.php(56): CodeIgniter\Boot::bootWeb(Object(Config\Paths))
#12 {main}
CRITICAL - 2024-12-10 05:54:34 --> CodeIgniter\Database\Exceptions\DatabaseException: pg_query(): Query failed: ERROR:  null value in column &quot;id&quot; of relation &quot;tbl_patient_records&quot; violates not-null constraint
DETAIL:  Failing row contains (null, null, null, 120, 80, 50, 90, 110, 7.5, asdaasd, zcxzcqweqqw, qweqwe, 2024-12-16, 300).
[Method: POST, Route: patient-details]
in SYSTEMPATH\Database\BaseConnection.php on line 676.
 1 SYSTEMPATH\Database\BaseBuilder.php(2325): CodeIgniter\Database\BaseConnection->query('INSERT INTO "tbl_patient_records" ("systolic", "diastolic", "fasting", "pp", "weight", "bmi", "illness", "symptoms", "treatment", "followUpDate", "fees") VALUES (:systolic:, :diastolic:, :fasting:, :pp:, :weight:, :bmi:, :illness:, :symptoms:, :treatment:, :followUpDate:, :fees:)', [...], false)
 2 APPPATH\Controllers\Home.php(1903): CodeIgniter\Database\BaseBuilder->insert([...])
 3 SYSTEMPATH\CodeIgniter.php(933): App\Controllers\Home->patient_details()
 4 SYSTEMPATH\CodeIgniter.php(509): CodeIgniter\CodeIgniter->runController(Object(App\Controllers\Home))
 5 SYSTEMPATH\CodeIgniter.php(355): CodeIgniter\CodeIgniter->handleRequest(null, Object(Config\Cache), false)
 6 SYSTEMPATH\Boot.php(312): CodeIgniter\CodeIgniter->run()
 7 SYSTEMPATH\Boot.php(67): CodeIgniter\Boot::runCodeIgniter(Object(CodeIgniter\CodeIgniter))
 8 FCPATH\index.php(56): CodeIgniter\Boot::bootWeb(Object(Config\Paths))
CRITICAL - 2024-12-10 05:54:34 --> [Caused by] CodeIgniter\Database\Exceptions\DatabaseException: pg_query(): Query failed: ERROR:  null value in column &quot;id&quot; of relation &quot;tbl_patient_records&quot; violates not-null constraint
DETAIL:  Failing row contains (null, null, null, 120, 80, 50, 90, 110, 7.5, asdaasd, zcxzcqweqqw, qweqwe, 2024-12-16, 300).
in SYSTEMPATH\Database\Postgre\Connection.php on line 198.
 1 SYSTEMPATH\Database\BaseConnection.php(722): CodeIgniter\Database\Postgre\Connection->execute('INSERT INTO "tbl_patient_records" ("systolic", "diastolic", "fasting", "pp", "weight", "bmi", "illness", "symptoms", "treatment", "followUpDate", "fees") VALUES (\'120\', \'80\', \'90\', \'110\', \'50\', \'7.5\', \'asdaasd\', \'zcxzcqweqqw\', \'qweqwe\', \'2024-12-16\', \'300\')')
 2 SYSTEMPATH\Database\BaseConnection.php(636): CodeIgniter\Database\BaseConnection->simpleQuery('INSERT INTO "tbl_patient_records" ("systolic", "diastolic", "fasting", "pp", "weight", "bmi", "illness", "symptoms", "treatment", "followUpDate", "fees") VALUES (\'120\', \'80\', \'90\', \'110\', \'50\', \'7.5\', \'asdaasd\', \'zcxzcqweqqw\', \'qweqwe\', \'2024-12-16\', \'300\')')
 3 SYSTEMPATH\Database\BaseBuilder.php(2325): CodeIgniter\Database\BaseConnection->query('INSERT INTO "tbl_patient_records" ("systolic", "diastolic", "fasting", "pp", "weight", "bmi", "illness", "symptoms", "treatment", "followUpDate", "fees") VALUES (:systolic:, :diastolic:, :fasting:, :pp:, :weight:, :bmi:, :illness:, :symptoms:, :treatment:, :followUpDate:, :fees:)', [...], false)
 4 APPPATH\Controllers\Home.php(1903): CodeIgniter\Database\BaseBuilder->insert([...])
 5 SYSTEMPATH\CodeIgniter.php(933): App\Controllers\Home->patient_details()
 6 SYSTEMPATH\CodeIgniter.php(509): CodeIgniter\CodeIgniter->runController(Object(App\Controllers\Home))
 7 SYSTEMPATH\CodeIgniter.php(355): CodeIgniter\CodeIgniter->handleRequest(null, Object(Config\Cache), false)
 8 SYSTEMPATH\Boot.php(312): CodeIgniter\CodeIgniter->run()
 9 SYSTEMPATH\Boot.php(67): CodeIgniter\Boot::runCodeIgniter(Object(CodeIgniter\CodeIgniter))
10 FCPATH\index.php(56): CodeIgniter\Boot::bootWeb(Object(Config\Paths))
CRITICAL - 2024-12-10 05:54:34 --> [Caused by] ErrorException: pg_query(): Query failed: ERROR:  null value in column &quot;id&quot; of relation &quot;tbl_patient_records&quot; violates not-null constraint
DETAIL:  Failing row contains (null, null, null, 120, 80, 50, 90, 110, 7.5, asdaasd, zcxzcqweqqw, qweqwe, 2024-12-16, 300).
in SYSTEMPATH\Database\Postgre\Connection.php on line 193.
 1 [internal function]: CodeIgniter\Debug\Exceptions->errorHandler(2, 'pg_query(): Query failed: ERROR:  null value in column &quot;id&quot; of relation &quot;tbl_patient_records&quot; violates not-null constraint
DETAIL:  Failing row contains (null, null, null, 120, 80, 50, 90, 110, 7.5, asdaasd, zcxzcqweqqw, qweqwe, 2024-12-16, 300).', 'C:\\xampp\\htdocs\\OPDClinic\\system\\Database\\Postgre\\Connection.php', 193)
 2 SYSTEMPATH\Database\Postgre\Connection.php(193): pg_query(Object(PgSql\Connection), 'INSERT INTO "tbl_patient_records" ("systolic", "diastolic", "fasting", "pp", "weight", "bmi", "illness", "symptoms", "treatment", "followUpDate", "fees") VALUES (\'120\', \'80\', \'90\', \'110\', \'50\', \'7.5\', \'asdaasd\', \'zcxzcqweqqw\', \'qweqwe\', \'2024-12-16\', \'300\')')
 3 SYSTEMPATH\Database\BaseConnection.php(722): CodeIgniter\Database\Postgre\Connection->execute('INSERT INTO "tbl_patient_records" ("systolic", "diastolic", "fasting", "pp", "weight", "bmi", "illness", "symptoms", "treatment", "followUpDate", "fees") VALUES (\'120\', \'80\', \'90\', \'110\', \'50\', \'7.5\', \'asdaasd\', \'zcxzcqweqqw\', \'qweqwe\', \'2024-12-16\', \'300\')')
 4 SYSTEMPATH\Database\BaseConnection.php(636): CodeIgniter\Database\BaseConnection->simpleQuery('INSERT INTO "tbl_patient_records" ("systolic", "diastolic", "fasting", "pp", "weight", "bmi", "illness", "symptoms", "treatment", "followUpDate", "fees") VALUES (\'120\', \'80\', \'90\', \'110\', \'50\', \'7.5\', \'asdaasd\', \'zcxzcqweqqw\', \'qweqwe\', \'2024-12-16\', \'300\')')
 5 SYSTEMPATH\Database\BaseBuilder.php(2325): CodeIgniter\Database\BaseConnection->query('INSERT INTO "tbl_patient_records" ("systolic", "diastolic", "fasting", "pp", "weight", "bmi", "illness", "symptoms", "treatment", "followUpDate", "fees") VALUES (:systolic:, :diastolic:, :fasting:, :pp:, :weight:, :bmi:, :illness:, :symptoms:, :treatment:, :followUpDate:, :fees:)', [...], false)
 6 APPPATH\Controllers\Home.php(1903): CodeIgniter\Database\BaseBuilder->insert([...])
 7 SYSTEMPATH\CodeIgniter.php(933): App\Controllers\Home->patient_details()
 8 SYSTEMPATH\CodeIgniter.php(509): CodeIgniter\CodeIgniter->runController(Object(App\Controllers\Home))
 9 SYSTEMPATH\CodeIgniter.php(355): CodeIgniter\CodeIgniter->handleRequest(null, Object(Config\Cache), false)
10 SYSTEMPATH\Boot.php(312): CodeIgniter\CodeIgniter->run()
11 SYSTEMPATH\Boot.php(67): CodeIgniter\Boot::runCodeIgniter(Object(CodeIgniter\CodeIgniter))
12 FCPATH\index.php(56): CodeIgniter\Boot::bootWeb(Object(Config\Paths))
ERROR - 2024-12-10 06:14:49 --> ErrorException: pg_query(): Query failed: ERROR:  null value in column &quot;id&quot; of relation &quot;tbl_patient_records&quot; violates not-null constraint
DETAIL:  Failing row contains (null, null, null, 120, 80, 50, 90, 110, 7.5, asdaasd, zcxzcqweqqw, qweqwe, 2024-12-16, 300). in C:\xampp\htdocs\OPDClinic\system\Database\Postgre\Connection.php:193
Stack trace:
#0 [internal function]: CodeIgniter\Debug\Exceptions->errorHandler(2, 'pg_query(): Que...', 'C:\\xampp\\htdocs...', 193)
#1 C:\xampp\htdocs\OPDClinic\system\Database\Postgre\Connection.php(193): pg_query(Object(PgSql\Connection), 'INSERT INTO "tb...')
#2 C:\xampp\htdocs\OPDClinic\system\Database\BaseConnection.php(722): CodeIgniter\Database\Postgre\Connection->execute('INSERT INTO "tb...')
#3 C:\xampp\htdocs\OPDClinic\system\Database\BaseConnection.php(636): CodeIgniter\Database\BaseConnection->simpleQuery('INSERT INTO "tb...')
#4 C:\xampp\htdocs\OPDClinic\system\Database\BaseBuilder.php(2325): CodeIgniter\Database\BaseConnection->query('INSERT INTO "tb...', Array, false)
#5 C:\xampp\htdocs\OPDClinic\app\Controllers\Home.php(1903): CodeIgniter\Database\BaseBuilder->insert(Array)
#6 C:\xampp\htdocs\OPDClinic\system\CodeIgniter.php(933): App\Controllers\Home->patient_details()
#7 C:\xampp\htdocs\OPDClinic\system\CodeIgniter.php(509): CodeIgniter\CodeIgniter->runController(Object(App\Controllers\Home))
#8 C:\xampp\htdocs\OPDClinic\system\CodeIgniter.php(355): CodeIgniter\CodeIgniter->handleRequest(NULL, Object(Config\Cache), false)
#9 C:\xampp\htdocs\OPDClinic\system\Boot.php(312): CodeIgniter\CodeIgniter->run()
#10 C:\xampp\htdocs\OPDClinic\system\Boot.php(67): CodeIgniter\Boot::runCodeIgniter(Object(CodeIgniter\CodeIgniter))
#11 C:\xampp\htdocs\OPDClinic\index.php(56): CodeIgniter\Boot::bootWeb(Object(Config\Paths))
#12 {main}
CRITICAL - 2024-12-10 06:14:49 --> CodeIgniter\Database\Exceptions\DatabaseException: pg_query(): Query failed: ERROR:  null value in column &quot;id&quot; of relation &quot;tbl_patient_records&quot; violates not-null constraint
DETAIL:  Failing row contains (null, null, null, 120, 80, 50, 90, 110, 7.5, asdaasd, zcxzcqweqqw, qweqwe, 2024-12-16, 300).
[Method: POST, Route: patient-details]
in SYSTEMPATH\Database\BaseConnection.php on line 676.
 1 SYSTEMPATH\Database\BaseBuilder.php(2325): CodeIgniter\Database\BaseConnection->query('INSERT INTO "tbl_patient_records" ("systolic", "diastolic", "fasting", "pp", "weight", "bmi", "illness", "symptoms", "treatment", "followUpDate", "fees") VALUES (:systolic:, :diastolic:, :fasting:, :pp:, :weight:, :bmi:, :illness:, :symptoms:, :treatment:, :followUpDate:, :fees:)', [...], false)
 2 APPPATH\Controllers\Home.php(1903): CodeIgniter\Database\BaseBuilder->insert([...])
 3 SYSTEMPATH\CodeIgniter.php(933): App\Controllers\Home->patient_details()
 4 SYSTEMPATH\CodeIgniter.php(509): CodeIgniter\CodeIgniter->runController(Object(App\Controllers\Home))
 5 SYSTEMPATH\CodeIgniter.php(355): CodeIgniter\CodeIgniter->handleRequest(null, Object(Config\Cache), false)
 6 SYSTEMPATH\Boot.php(312): CodeIgniter\CodeIgniter->run()
 7 SYSTEMPATH\Boot.php(67): CodeIgniter\Boot::runCodeIgniter(Object(CodeIgniter\CodeIgniter))
 8 FCPATH\index.php(56): CodeIgniter\Boot::bootWeb(Object(Config\Paths))
CRITICAL - 2024-12-10 06:14:49 --> [Caused by] CodeIgniter\Database\Exceptions\DatabaseException: pg_query(): Query failed: ERROR:  null value in column &quot;id&quot; of relation &quot;tbl_patient_records&quot; violates not-null constraint
DETAIL:  Failing row contains (null, null, null, 120, 80, 50, 90, 110, 7.5, asdaasd, zcxzcqweqqw, qweqwe, 2024-12-16, 300).
in SYSTEMPATH\Database\Postgre\Connection.php on line 198.
 1 SYSTEMPATH\Database\BaseConnection.php(722): CodeIgniter\Database\Postgre\Connection->execute('INSERT INTO "tbl_patient_records" ("systolic", "diastolic", "fasting", "pp", "weight", "bmi", "illness", "symptoms", "treatment", "followUpDate", "fees") VALUES (\'120\', \'80\', \'90\', \'110\', \'50\', \'7.5\', \'asdaasd\', \'zcxzcqweqqw\', \'qweqwe\', \'2024-12-16\', \'300\')')
 2 SYSTEMPATH\Database\BaseConnection.php(636): CodeIgniter\Database\BaseConnection->simpleQuery('INSERT INTO "tbl_patient_records" ("systolic", "diastolic", "fasting", "pp", "weight", "bmi", "illness", "symptoms", "treatment", "followUpDate", "fees") VALUES (\'120\', \'80\', \'90\', \'110\', \'50\', \'7.5\', \'asdaasd\', \'zcxzcqweqqw\', \'qweqwe\', \'2024-12-16\', \'300\')')
 3 SYSTEMPATH\Database\BaseBuilder.php(2325): CodeIgniter\Database\BaseConnection->query('INSERT INTO "tbl_patient_records" ("systolic", "diastolic", "fasting", "pp", "weight", "bmi", "illness", "symptoms", "treatment", "followUpDate", "fees") VALUES (:systolic:, :diastolic:, :fasting:, :pp:, :weight:, :bmi:, :illness:, :symptoms:, :treatment:, :followUpDate:, :fees:)', [...], false)
 4 APPPATH\Controllers\Home.php(1903): CodeIgniter\Database\BaseBuilder->insert([...])
 5 SYSTEMPATH\CodeIgniter.php(933): App\Controllers\Home->patient_details()
 6 SYSTEMPATH\CodeIgniter.php(509): CodeIgniter\CodeIgniter->runController(Object(App\Controllers\Home))
 7 SYSTEMPATH\CodeIgniter.php(355): CodeIgniter\CodeIgniter->handleRequest(null, Object(Config\Cache), false)
 8 SYSTEMPATH\Boot.php(312): CodeIgniter\CodeIgniter->run()
 9 SYSTEMPATH\Boot.php(67): CodeIgniter\Boot::runCodeIgniter(Object(CodeIgniter\CodeIgniter))
10 FCPATH\index.php(56): CodeIgniter\Boot::bootWeb(Object(Config\Paths))
CRITICAL - 2024-12-10 06:14:49 --> [Caused by] ErrorException: pg_query(): Query failed: ERROR:  null value in column &quot;id&quot; of relation &quot;tbl_patient_records&quot; violates not-null constraint
DETAIL:  Failing row contains (null, null, null, 120, 80, 50, 90, 110, 7.5, asdaasd, zcxzcqweqqw, qweqwe, 2024-12-16, 300).
in SYSTEMPATH\Database\Postgre\Connection.php on line 193.
 1 [internal function]: CodeIgniter\Debug\Exceptions->errorHandler(2, 'pg_query(): Query failed: ERROR:  null value in column &quot;id&quot; of relation &quot;tbl_patient_records&quot; violates not-null constraint
DETAIL:  Failing row contains (null, null, null, 120, 80, 50, 90, 110, 7.5, asdaasd, zcxzcqweqqw, qweqwe, 2024-12-16, 300).', 'C:\\xampp\\htdocs\\OPDClinic\\system\\Database\\Postgre\\Connection.php', 193)
 2 SYSTEMPATH\Database\Postgre\Connection.php(193): pg_query(Object(PgSql\Connection), 'INSERT INTO "tbl_patient_records" ("systolic", "diastolic", "fasting", "pp", "weight", "bmi", "illness", "symptoms", "treatment", "followUpDate", "fees") VALUES (\'120\', \'80\', \'90\', \'110\', \'50\', \'7.5\', \'asdaasd\', \'zcxzcqweqqw\', \'qweqwe\', \'2024-12-16\', \'300\')')
 3 SYSTEMPATH\Database\BaseConnection.php(722): CodeIgniter\Database\Postgre\Connection->execute('INSERT INTO "tbl_patient_records" ("systolic", "diastolic", "fasting", "pp", "weight", "bmi", "illness", "symptoms", "treatment", "followUpDate", "fees") VALUES (\'120\', \'80\', \'90\', \'110\', \'50\', \'7.5\', \'asdaasd\', \'zcxzcqweqqw\', \'qweqwe\', \'2024-12-16\', \'300\')')
 4 SYSTEMPATH\Database\BaseConnection.php(636): CodeIgniter\Database\BaseConnection->simpleQuery('INSERT INTO "tbl_patient_records" ("systolic", "diastolic", "fasting", "pp", "weight", "bmi", "illness", "symptoms", "treatment", "followUpDate", "fees") VALUES (\'120\', \'80\', \'90\', \'110\', \'50\', \'7.5\', \'asdaasd\', \'zcxzcqweqqw\', \'qweqwe\', \'2024-12-16\', \'300\')')
 5 SYSTEMPATH\Database\BaseBuilder.php(2325): CodeIgniter\Database\BaseConnection->query('INSERT INTO "tbl_patient_records" ("systolic", "diastolic", "fasting", "pp", "weight", "bmi", "illness", "symptoms", "treatment", "followUpDate", "fees") VALUES (:systolic:, :diastolic:, :fasting:, :pp:, :weight:, :bmi:, :illness:, :symptoms:, :treatment:, :followUpDate:, :fees:)', [...], false)
 6 APPPATH\Controllers\Home.php(1903): CodeIgniter\Database\BaseBuilder->insert([...])
 7 SYSTEMPATH\CodeIgniter.php(933): App\Controllers\Home->patient_details()
 8 SYSTEMPATH\CodeIgniter.php(509): CodeIgniter\CodeIgniter->runController(Object(App\Controllers\Home))
 9 SYSTEMPATH\CodeIgniter.php(355): CodeIgniter\CodeIgniter->handleRequest(null, Object(Config\Cache), false)
10 SYSTEMPATH\Boot.php(312): CodeIgniter\CodeIgniter->run()
11 SYSTEMPATH\Boot.php(67): CodeIgniter\Boot::runCodeIgniter(Object(CodeIgniter\CodeIgniter))
12 FCPATH\index.php(56): CodeIgniter\Boot::bootWeb(Object(Config\Paths))
ERROR - 2024-12-10 07:11:04 --> ErrorException: pg_query(): Query failed: ERROR:  column &quot;patientId&quot; of relation &quot;tbl_patient_records&quot; does not exist
LINE 1: ... &quot;symptoms&quot;, &quot;treatment&quot;, &quot;followUpDate&quot;, &quot;fees&quot;, &quot;patientId...
                                                             ^ in C:\xampp\htdocs\OPDClinic\system\Database\Postgre\Connection.php:193
Stack trace:
#0 [internal function]: CodeIgniter\Debug\Exceptions->errorHandler(2, 'pg_query(): Que...', 'C:\\xampp\\htdocs...', 193)
#1 C:\xampp\htdocs\OPDClinic\system\Database\Postgre\Connection.php(193): pg_query(Object(PgSql\Connection), 'INSERT INTO "tb...')
#2 C:\xampp\htdocs\OPDClinic\system\Database\BaseConnection.php(722): CodeIgniter\Database\Postgre\Connection->execute('INSERT INTO "tb...')
#3 C:\xampp\htdocs\OPDClinic\system\Database\BaseConnection.php(636): CodeIgniter\Database\BaseConnection->simpleQuery('INSERT INTO "tb...')
#4 C:\xampp\htdocs\OPDClinic\system\Database\BaseBuilder.php(2325): CodeIgniter\Database\BaseConnection->query('INSERT INTO "tb...', Array, false)
#5 C:\xampp\htdocs\OPDClinic\app\Controllers\Home.php(1903): CodeIgniter\Database\BaseBuilder->insert(Array)
#6 C:\xampp\htdocs\OPDClinic\system\CodeIgniter.php(933): App\Controllers\Home->patient_details()
#7 C:\xampp\htdocs\OPDClinic\system\CodeIgniter.php(509): CodeIgniter\CodeIgniter->runController(Object(App\Controllers\Home))
#8 C:\xampp\htdocs\OPDClinic\system\CodeIgniter.php(355): CodeIgniter\CodeIgniter->handleRequest(NULL, Object(Config\Cache), false)
#9 C:\xampp\htdocs\OPDClinic\system\Boot.php(312): CodeIgniter\CodeIgniter->run()
#10 C:\xampp\htdocs\OPDClinic\system\Boot.php(67): CodeIgniter\Boot::runCodeIgniter(Object(CodeIgniter\CodeIgniter))
#11 C:\xampp\htdocs\OPDClinic\index.php(56): CodeIgniter\Boot::bootWeb(Object(Config\Paths))
#12 {main}
CRITICAL - 2024-12-10 07:11:04 --> CodeIgniter\Database\Exceptions\DatabaseException: pg_query(): Query failed: ERROR:  column &quot;patientId&quot; of relation &quot;tbl_patient_records&quot; does not exist
LINE 1: ... &quot;symptoms&quot;, &quot;treatment&quot;, &quot;followUpDate&quot;, &quot;fees&quot;, &quot;patientId...
                                                             ^
[Method: POST, Route: patient-details]
in SYSTEMPATH\Database\BaseConnection.php on line 676.
 1 SYSTEMPATH\Database\BaseBuilder.php(2325): CodeIgniter\Database\BaseConnection->query('INSERT INTO "tbl_patient_records" ("systolic", "diastolic", "fasting", "pp", "weight", "bmi", "illness", "symptoms", "treatment", "followUpDate", "fees", "patientId") VALUES (:systolic:, :diastolic:, :fasting:, :pp:, :weight:, :bmi:, :illness:, :symptoms:, :treatment:, :followUpDate:, :fees:, :patientId:)', [...], false)
 2 APPPATH\Controllers\Home.php(1903): CodeIgniter\Database\BaseBuilder->insert([...])
 3 SYSTEMPATH\CodeIgniter.php(933): App\Controllers\Home->patient_details()
 4 SYSTEMPATH\CodeIgniter.php(509): CodeIgniter\CodeIgniter->runController(Object(App\Controllers\Home))
 5 SYSTEMPATH\CodeIgniter.php(355): CodeIgniter\CodeIgniter->handleRequest(null, Object(Config\Cache), false)
 6 SYSTEMPATH\Boot.php(312): CodeIgniter\CodeIgniter->run()
 7 SYSTEMPATH\Boot.php(67): CodeIgniter\Boot::runCodeIgniter(Object(CodeIgniter\CodeIgniter))
 8 FCPATH\index.php(56): CodeIgniter\Boot::bootWeb(Object(Config\Paths))
CRITICAL - 2024-12-10 07:11:04 --> [Caused by] CodeIgniter\Database\Exceptions\DatabaseException: pg_query(): Query failed: ERROR:  column &quot;patientId&quot; of relation &quot;tbl_patient_records&quot; does not exist
LINE 1: ... &quot;symptoms&quot;, &quot;treatment&quot;, &quot;followUpDate&quot;, &quot;fees&quot;, &quot;patientId...
                                                             ^
in SYSTEMPATH\Database\Postgre\Connection.php on line 198.
 1 SYSTEMPATH\Database\BaseConnection.php(722): CodeIgniter\Database\Postgre\Connection->execute('INSERT INTO "tbl_patient_records" ("systolic", "diastolic", "fasting", "pp", "weight", "bmi", "illness", "symptoms", "treatment", "followUpDate", "fees", "patientId") VALUES (\'120\', \'80\', \'90\', \'110\', \'50\', \'7.5\', \'asdsad\', \'zxczc\', \'qweqwewq\', \'2024-12-16\', \'300\', \'3\')')
 2 SYSTEMPATH\Database\BaseConnection.php(636): CodeIgniter\Database\BaseConnection->simpleQuery('INSERT INTO "tbl_patient_records" ("systolic", "diastolic", "fasting", "pp", "weight", "bmi", "illness", "symptoms", "treatment", "followUpDate", "fees", "patientId") VALUES (\'120\', \'80\', \'90\', \'110\', \'50\', \'7.5\', \'asdsad\', \'zxczc\', \'qweqwewq\', \'2024-12-16\', \'300\', \'3\')')
 3 SYSTEMPATH\Database\BaseBuilder.php(2325): CodeIgniter\Database\BaseConnection->query('INSERT INTO "tbl_patient_records" ("systolic", "diastolic", "fasting", "pp", "weight", "bmi", "illness", "symptoms", "treatment", "followUpDate", "fees", "patientId") VALUES (:systolic:, :diastolic:, :fasting:, :pp:, :weight:, :bmi:, :illness:, :symptoms:, :treatment:, :followUpDate:, :fees:, :patientId:)', [...], false)
 4 APPPATH\Controllers\Home.php(1903): CodeIgniter\Database\BaseBuilder->insert([...])
 5 SYSTEMPATH\CodeIgniter.php(933): App\Controllers\Home->patient_details()
 6 SYSTEMPATH\CodeIgniter.php(509): CodeIgniter\CodeIgniter->runController(Object(App\Controllers\Home))
 7 SYSTEMPATH\CodeIgniter.php(355): CodeIgniter\CodeIgniter->handleRequest(null, Object(Config\Cache), false)
 8 SYSTEMPATH\Boot.php(312): CodeIgniter\CodeIgniter->run()
 9 SYSTEMPATH\Boot.php(67): CodeIgniter\Boot::runCodeIgniter(Object(CodeIgniter\CodeIgniter))
10 FCPATH\index.php(56): CodeIgniter\Boot::bootWeb(Object(Config\Paths))
CRITICAL - 2024-12-10 07:11:04 --> [Caused by] ErrorException: pg_query(): Query failed: ERROR:  column &quot;patientId&quot; of relation &quot;tbl_patient_records&quot; does not exist
LINE 1: ... &quot;symptoms&quot;, &quot;treatment&quot;, &quot;followUpDate&quot;, &quot;fees&quot;, &quot;patientId...
                                                             ^
in SYSTEMPATH\Database\Postgre\Connection.php on line 193.
 1 [internal function]: CodeIgniter\Debug\Exceptions->errorHandler(2, 'pg_query(): Query failed: ERROR:  column &quot;patientId&quot; of relation &quot;tbl_patient_records&quot; does not exist
LINE 1: ... &quot;symptoms&quot;, &quot;treatment&quot;, &quot;followUpDate&quot;, &quot;fees&quot;, &quot;patientId...
                                                             ^', 'C:\\xampp\\htdocs\\OPDClinic\\system\\Database\\Postgre\\Connection.php', 193)
 2 SYSTEMPATH\Database\Postgre\Connection.php(193): pg_query(Object(PgSql\Connection), 'INSERT INTO "tbl_patient_records" ("systolic", "diastolic", "fasting", "pp", "weight", "bmi", "illness", "symptoms", "treatment", "followUpDate", "fees", "patientId") VALUES (\'120\', \'80\', \'90\', \'110\', \'50\', \'7.5\', \'asdsad\', \'zxczc\', \'qweqwewq\', \'2024-12-16\', \'300\', \'3\')')
 3 SYSTEMPATH\Database\BaseConnection.php(722): CodeIgniter\Database\Postgre\Connection->execute('INSERT INTO "tbl_patient_records" ("systolic", "diastolic", "fasting", "pp", "weight", "bmi", "illness", "symptoms", "treatment", "followUpDate", "fees", "patientId") VALUES (\'120\', \'80\', \'90\', \'110\', \'50\', \'7.5\', \'asdsad\', \'zxczc\', \'qweqwewq\', \'2024-12-16\', \'300\', \'3\')')
 4 SYSTEMPATH\Database\BaseConnection.php(636): CodeIgniter\Database\BaseConnection->simpleQuery('INSERT INTO "tbl_patient_records" ("systolic", "diastolic", "fasting", "pp", "weight", "bmi", "illness", "symptoms", "treatment", "followUpDate", "fees", "patientId") VALUES (\'120\', \'80\', \'90\', \'110\', \'50\', \'7.5\', \'asdsad\', \'zxczc\', \'qweqwewq\', \'2024-12-16\', \'300\', \'3\')')
 5 SYSTEMPATH\Database\BaseBuilder.php(2325): CodeIgniter\Database\BaseConnection->query('INSERT INTO "tbl_patient_records" ("systolic", "diastolic", "fasting", "pp", "weight", "bmi", "illness", "symptoms", "treatment", "followUpDate", "fees", "patientId") VALUES (:systolic:, :diastolic:, :fasting:, :pp:, :weight:, :bmi:, :illness:, :symptoms:, :treatment:, :followUpDate:, :fees:, :patientId:)', [...], false)
 6 APPPATH\Controllers\Home.php(1903): CodeIgniter\Database\BaseBuilder->insert([...])
 7 SYSTEMPATH\CodeIgniter.php(933): App\Controllers\Home->patient_details()
 8 SYSTEMPATH\CodeIgniter.php(509): CodeIgniter\CodeIgniter->runController(Object(App\Controllers\Home))
 9 SYSTEMPATH\CodeIgniter.php(355): CodeIgniter\CodeIgniter->handleRequest(null, Object(Config\Cache), false)
10 SYSTEMPATH\Boot.php(312): CodeIgniter\CodeIgniter->run()
11 SYSTEMPATH\Boot.php(67): CodeIgniter\Boot::runCodeIgniter(Object(CodeIgniter\CodeIgniter))
12 FCPATH\index.php(56): CodeIgniter\Boot::bootWeb(Object(Config\Paths))
ERROR - 2024-12-10 08:33:20 --> Error connecting to the database: ErrorException: pg_connect(): Unable to connect to PostgreSQL server: could not translate host name &quot;db-postgresql-nyc3-77473-do-user-18019081-0.g.db.ondigitalocean.com&quot; to address: Unknown host in C:\xampp\htdocs\OPDClinic\system\Database\Postgre\Connection.php:78
Stack trace:
#0 [internal function]: CodeIgniter\Debug\Exceptions->errorHandler(2, 'pg_connect(): U...', 'C:\\xampp\\htdocs...', 78)
#1 C:\xampp\htdocs\OPDClinic\system\Database\Postgre\Connection.php(78): pg_connect('host=db-postgre...')
#2 C:\xampp\htdocs\OPDClinic\system\Database\BaseConnection.php(421): CodeIgniter\Database\Postgre\Connection->connect(false)
#3 C:\xampp\htdocs\OPDClinic\system\Database\BaseConnection.php(604): CodeIgniter\Database\BaseConnection->initialize()
#4 C:\xampp\htdocs\OPDClinic\app\Controllers\Home.php(273): CodeIgniter\Database\BaseConnection->query('CALL spReadData...', Array)
#5 C:\xampp\htdocs\OPDClinic\system\CodeIgniter.php(933): App\Controllers\Home->read('tbl_labtest')
#6 C:\xampp\htdocs\OPDClinic\system\CodeIgniter.php(509): CodeIgniter\CodeIgniter->runController(Object(App\Controllers\Home))
#7 C:\xampp\htdocs\OPDClinic\system\CodeIgniter.php(355): CodeIgniter\CodeIgniter->handleRequest(NULL, Object(Config\Cache), false)
#8 C:\xampp\htdocs\OPDClinic\system\Boot.php(312): CodeIgniter\CodeIgniter->run()
#9 C:\xampp\htdocs\OPDClinic\system\Boot.php(67): CodeIgniter\Boot::runCodeIgniter(Object(CodeIgniter\CodeIgniter))
#10 C:\xampp\htdocs\OPDClinic\index.php(56): CodeIgniter\Boot::bootWeb(Object(Config\Paths))
#11 {main}
CRITICAL - 2024-12-10 08:33:20 --> CodeIgniter\Database\Exceptions\DatabaseException: Unable to connect to the database.
Main connection [Postgre]: pg_connect(): Unable to connect to PostgreSQL server: could not translate host name &quot;db-postgresql-nyc3-77473-do-user-18019081-0.g.db.ondigitalocean.com&quot; to address: Unknown host
[Method: GET, Route: read/tbl_labtest]
in SYSTEMPATH\Database\BaseConnection.php on line 457.
 1 SYSTEMPATH\Database\BaseConnection.php(604): CodeIgniter\Database\BaseConnection->initialize()
 2 APPPATH\Controllers\Home.php(273): CodeIgniter\Database\BaseConnection->query('CALL spReadData(NULL, ?, ?)', [...])
 3 SYSTEMPATH\CodeIgniter.php(933): App\Controllers\Home->read('tbl_labtest')
 4 SYSTEMPATH\CodeIgniter.php(509): CodeIgniter\CodeIgniter->runController(Object(App\Controllers\Home))
 5 SYSTEMPATH\CodeIgniter.php(355): CodeIgniter\CodeIgniter->handleRequest(null, Object(Config\Cache), false)
 6 SYSTEMPATH\Boot.php(312): CodeIgniter\CodeIgniter->run()
 7 SYSTEMPATH\Boot.php(67): CodeIgniter\Boot::runCodeIgniter(Object(CodeIgniter\CodeIgniter))
 8 FCPATH\index.php(56): CodeIgniter\Boot::bootWeb(Object(Config\Paths))
ERROR - 2024-12-10 08:33:20 --> Error connecting to the database: ErrorException: pg_connect(): Unable to connect to PostgreSQL server: could not translate host name &quot;db-postgresql-nyc3-77473-do-user-18019081-0.g.db.ondigitalocean.com&quot; to address: Unknown host in C:\xampp\htdocs\OPDClinic\system\Database\Postgre\Connection.php:78
Stack trace:
#0 [internal function]: CodeIgniter\Debug\Exceptions->errorHandler(2, 'pg_connect(): U...', 'C:\\xampp\\htdocs...', 78)
#1 C:\xampp\htdocs\OPDClinic\system\Database\Postgre\Connection.php(78): pg_connect('host=db-postgre...')
#2 C:\xampp\htdocs\OPDClinic\system\Database\BaseConnection.php(421): CodeIgniter\Database\Postgre\Connection->connect(false)
#3 C:\xampp\htdocs\OPDClinic\system\Database\BaseConnection.php(604): CodeIgniter\Database\BaseConnection->initialize()
#4 C:\xampp\htdocs\OPDClinic\app\Controllers\Home.php(273): CodeIgniter\Database\BaseConnection->query('CALL spReadData...', Array)
#5 C:\xampp\htdocs\OPDClinic\system\CodeIgniter.php(933): App\Controllers\Home->read('tbl_radiologyte...')
#6 C:\xampp\htdocs\OPDClinic\system\CodeIgniter.php(509): CodeIgniter\CodeIgniter->runController(Object(App\Controllers\Home))
#7 C:\xampp\htdocs\OPDClinic\system\CodeIgniter.php(355): CodeIgniter\CodeIgniter->handleRequest(NULL, Object(Config\Cache), false)
#8 C:\xampp\htdocs\OPDClinic\system\Boot.php(312): CodeIgniter\CodeIgniter->run()
#9 C:\xampp\htdocs\OPDClinic\system\Boot.php(67): CodeIgniter\Boot::runCodeIgniter(Object(CodeIgniter\CodeIgniter))
#10 C:\xampp\htdocs\OPDClinic\index.php(56): CodeIgniter\Boot::bootWeb(Object(Config\Paths))
#11 {main}
CRITICAL - 2024-12-10 08:33:20 --> CodeIgniter\Database\Exceptions\DatabaseException: Unable to connect to the database.
Main connection [Postgre]: pg_connect(): Unable to connect to PostgreSQL server: could not translate host name &quot;db-postgresql-nyc3-77473-do-user-18019081-0.g.db.ondigitalocean.com&quot; to address: Unknown host
[Method: GET, Route: read/tbl_radiologytest]
in SYSTEMPATH\Database\BaseConnection.php on line 457.
 1 SYSTEMPATH\Database\BaseConnection.php(604): CodeIgniter\Database\BaseConnection->initialize()
 2 APPPATH\Controllers\Home.php(273): CodeIgniter\Database\BaseConnection->query('CALL spReadData(NULL, ?, ?)', [...])
 3 SYSTEMPATH\CodeIgniter.php(933): App\Controllers\Home->read('tbl_radiologytest')
 4 SYSTEMPATH\CodeIgniter.php(509): CodeIgniter\CodeIgniter->runController(Object(App\Controllers\Home))
 5 SYSTEMPATH\CodeIgniter.php(355): CodeIgniter\CodeIgniter->handleRequest(null, Object(Config\Cache), false)
 6 SYSTEMPATH\Boot.php(312): CodeIgniter\CodeIgniter->run()
 7 SYSTEMPATH\Boot.php(67): CodeIgniter\Boot::runCodeIgniter(Object(CodeIgniter\CodeIgniter))
 8 FCPATH\index.php(56): CodeIgniter\Boot::bootWeb(Object(Config\Paths))
