ERROR - 2024-10-17 06:42:18 --> [Microsoft][ODBC Driver 17 for SQL Server][SQL Server]Conversion failed when converting the varchar value 'N' to data type bit.
CRITICAL - 2024-10-17 06:42:18 --> CodeIgniter\Database\Exceptions\DatabaseException: [Microsoft][ODBC Driver 17 for SQL Server][SQL Server]Conversion failed when converting the varchar value 'N' to data type bit.
[Method: GET, Route: read/tbl_radiologytest]
in SYSTEMPATH\Database\BaseConnection.php on line 676.
 1 SYSTEMPATH\Database\SQLSRV\Builder.php(632): CodeIgniter\Database\BaseConnection->query('SELECT *
FROM "OPDclinic"."dbo"."tbl_radiologytest"
WHERE "is_deleted" = :is_deleted:', [...], false)
 2 APPPATH\Controllers\Home.php(153): CodeIgniter\Database\SQLSRV\Builder->get()
 3 SYSTEMPATH\CodeIgniter.php(933): App\Controllers\Home->read('tbl_radiologytest')
 4 SYSTEMPATH\CodeIgniter.php(509): CodeIgniter\CodeIgniter->runController(Object(App\Controllers\Home))
 5 SYSTEMPATH\CodeIgniter.php(355): CodeIgniter\CodeIgniter->handleRequest(null, Object(Config\Cache), false)
 6 SYSTEMPATH\Boot.php(312): CodeIgniter\CodeIgniter->run()
 7 SYSTEMPATH\Boot.php(67): CodeIgniter\Boot::runCodeIgniter(Object(CodeIgniter\CodeIgniter))
 8 FCPATH\index.php(56): CodeIgniter\Boot::bootWeb(Object(Config\Paths))
CRITICAL - 2024-10-17 06:42:18 --> [Caused by] CodeIgniter\Database\Exceptions\DatabaseException: [Microsoft][ODBC Driver 17 for SQL Server][SQL Server]Conversion failed when converting the varchar value 'N' to data type bit.
in SYSTEMPATH\Database\SQLSRV\Connection.php on line 484.
 1 SYSTEMPATH\Database\BaseConnection.php(722): CodeIgniter\Database\SQLSRV\Connection->execute('SELECT *
FROM "OPDclinic"."dbo"."tbl_radiologytest"
WHERE "is_deleted" = \'N\'')
 2 SYSTEMPATH\Database\BaseConnection.php(636): CodeIgniter\Database\BaseConnection->simpleQuery('SELECT *
FROM "OPDclinic"."dbo"."tbl_radiologytest"
WHERE "is_deleted" = \'N\'')
 3 SYSTEMPATH\Database\SQLSRV\Builder.php(632): CodeIgniter\Database\BaseConnection->query('SELECT *
FROM "OPDclinic"."dbo"."tbl_radiologytest"
WHERE "is_deleted" = :is_deleted:', [...], false)
 4 APPPATH\Controllers\Home.php(153): CodeIgniter\Database\SQLSRV\Builder->get()
 5 SYSTEMPATH\CodeIgniter.php(933): App\Controllers\Home->read('tbl_radiologytest')
 6 SYSTEMPATH\CodeIgniter.php(509): CodeIgniter\CodeIgniter->runController(Object(App\Controllers\Home))
 7 SYSTEMPATH\CodeIgniter.php(355): CodeIgniter\CodeIgniter->handleRequest(null, Object(Config\Cache), false)
 8 SYSTEMPATH\Boot.php(312): CodeIgniter\CodeIgniter->run()
 9 SYSTEMPATH\Boot.php(67): CodeIgniter\Boot::runCodeIgniter(Object(CodeIgniter\CodeIgniter))
10 FCPATH\index.php(56): CodeIgniter\Boot::bootWeb(Object(Config\Paths))
ERROR - 2024-10-17 06:43:33 --> [Microsoft][ODBC Driver 17 for SQL Server][SQL Server]Conversion failed when converting the varchar value 'N' to data type bit.
CRITICAL - 2024-10-17 06:43:33 --> CodeIgniter\Database\Exceptions\DatabaseException: [Microsoft][ODBC Driver 17 for SQL Server][SQL Server]Conversion failed when converting the varchar value 'N' to data type bit.
[Method: GET, Route: read/tbl_radiologytest]
in SYSTEMPATH\Database\BaseConnection.php on line 676.
 1 SYSTEMPATH\Database\SQLSRV\Builder.php(632): CodeIgniter\Database\BaseConnection->query('SELECT *
FROM "OPDclinic"."dbo"."tbl_radiologytest"
WHERE "is_deleted" = :is_deleted:', [...], false)
 2 APPPATH\Controllers\Home.php(153): CodeIgniter\Database\SQLSRV\Builder->get()
 3 SYSTEMPATH\CodeIgniter.php(933): App\Controllers\Home->read('tbl_radiologytest')
 4 SYSTEMPATH\CodeIgniter.php(509): CodeIgniter\CodeIgniter->runController(Object(App\Controllers\Home))
 5 SYSTEMPATH\CodeIgniter.php(355): CodeIgniter\CodeIgniter->handleRequest(null, Object(Config\Cache), false)
 6 SYSTEMPATH\Boot.php(312): CodeIgniter\CodeIgniter->run()
 7 SYSTEMPATH\Boot.php(67): CodeIgniter\Boot::runCodeIgniter(Object(CodeIgniter\CodeIgniter))
 8 FCPATH\index.php(56): CodeIgniter\Boot::bootWeb(Object(Config\Paths))
CRITICAL - 2024-10-17 06:43:33 --> [Caused by] CodeIgniter\Database\Exceptions\DatabaseException: [Microsoft][ODBC Driver 17 for SQL Server][SQL Server]Conversion failed when converting the varchar value 'N' to data type bit.
in SYSTEMPATH\Database\SQLSRV\Connection.php on line 484.
 1 SYSTEMPATH\Database\BaseConnection.php(722): CodeIgniter\Database\SQLSRV\Connection->execute('SELECT *
FROM "OPDclinic"."dbo"."tbl_radiologytest"
WHERE "is_deleted" = \'N\'')
 2 SYSTEMPATH\Database\BaseConnection.php(636): CodeIgniter\Database\BaseConnection->simpleQuery('SELECT *
FROM "OPDclinic"."dbo"."tbl_radiologytest"
WHERE "is_deleted" = \'N\'')
 3 SYSTEMPATH\Database\SQLSRV\Builder.php(632): CodeIgniter\Database\BaseConnection->query('SELECT *
FROM "OPDclinic"."dbo"."tbl_radiologytest"
WHERE "is_deleted" = :is_deleted:', [...], false)
 4 APPPATH\Controllers\Home.php(153): CodeIgniter\Database\SQLSRV\Builder->get()
 5 SYSTEMPATH\CodeIgniter.php(933): App\Controllers\Home->read('tbl_radiologytest')
 6 SYSTEMPATH\CodeIgniter.php(509): CodeIgniter\CodeIgniter->runController(Object(App\Controllers\Home))
 7 SYSTEMPATH\CodeIgniter.php(355): CodeIgniter\CodeIgniter->handleRequest(null, Object(Config\Cache), false)
 8 SYSTEMPATH\Boot.php(312): CodeIgniter\CodeIgniter->run()
 9 SYSTEMPATH\Boot.php(67): CodeIgniter\Boot::runCodeIgniter(Object(CodeIgniter\CodeIgniter))
10 FCPATH\index.php(56): CodeIgniter\Boot::bootWeb(Object(Config\Paths))
ERROR - 2024-10-17 06:44:15 --> [Microsoft][ODBC Driver 17 for SQL Server][SQL Server]Conversion failed when converting the varchar value 'N' to data type bit.
CRITICAL - 2024-10-17 06:44:15 --> CodeIgniter\Database\Exceptions\DatabaseException: [Microsoft][ODBC Driver 17 for SQL Server][SQL Server]Conversion failed when converting the varchar value 'N' to data type bit.
[Method: GET, Route: read/tbl_radiologytest]
in SYSTEMPATH\Database\BaseConnection.php on line 676.
 1 SYSTEMPATH\Database\SQLSRV\Builder.php(632): CodeIgniter\Database\BaseConnection->query('SELECT *
FROM "OPDclinic"."dbo"."tbl_radiologytest"
WHERE "is_deleted" = :is_deleted:', [...], false)
 2 APPPATH\Controllers\Home.php(153): CodeIgniter\Database\SQLSRV\Builder->get()
 3 SYSTEMPATH\CodeIgniter.php(933): App\Controllers\Home->read('tbl_radiologytest')
 4 SYSTEMPATH\CodeIgniter.php(509): CodeIgniter\CodeIgniter->runController(Object(App\Controllers\Home))
 5 SYSTEMPATH\CodeIgniter.php(355): CodeIgniter\CodeIgniter->handleRequest(null, Object(Config\Cache), false)
 6 SYSTEMPATH\Boot.php(312): CodeIgniter\CodeIgniter->run()
 7 SYSTEMPATH\Boot.php(67): CodeIgniter\Boot::runCodeIgniter(Object(CodeIgniter\CodeIgniter))
 8 FCPATH\index.php(56): CodeIgniter\Boot::bootWeb(Object(Config\Paths))
CRITICAL - 2024-10-17 06:44:15 --> [Caused by] CodeIgniter\Database\Exceptions\DatabaseException: [Microsoft][ODBC Driver 17 for SQL Server][SQL Server]Conversion failed when converting the varchar value 'N' to data type bit.
in SYSTEMPATH\Database\SQLSRV\Connection.php on line 484.
 1 SYSTEMPATH\Database\BaseConnection.php(722): CodeIgniter\Database\SQLSRV\Connection->execute('SELECT *
FROM "OPDclinic"."dbo"."tbl_radiologytest"
WHERE "is_deleted" = \'N\'')
 2 SYSTEMPATH\Database\BaseConnection.php(636): CodeIgniter\Database\BaseConnection->simpleQuery('SELECT *
FROM "OPDclinic"."dbo"."tbl_radiologytest"
WHERE "is_deleted" = \'N\'')
 3 SYSTEMPATH\Database\SQLSRV\Builder.php(632): CodeIgniter\Database\BaseConnection->query('SELECT *
FROM "OPDclinic"."dbo"."tbl_radiologytest"
WHERE "is_deleted" = :is_deleted:', [...], false)
 4 APPPATH\Controllers\Home.php(153): CodeIgniter\Database\SQLSRV\Builder->get()
 5 SYSTEMPATH\CodeIgniter.php(933): App\Controllers\Home->read('tbl_radiologytest')
 6 SYSTEMPATH\CodeIgniter.php(509): CodeIgniter\CodeIgniter->runController(Object(App\Controllers\Home))
 7 SYSTEMPATH\CodeIgniter.php(355): CodeIgniter\CodeIgniter->handleRequest(null, Object(Config\Cache), false)
 8 SYSTEMPATH\Boot.php(312): CodeIgniter\CodeIgniter->run()
 9 SYSTEMPATH\Boot.php(67): CodeIgniter\Boot::runCodeIgniter(Object(CodeIgniter\CodeIgniter))
10 FCPATH\index.php(56): CodeIgniter\Boot::bootWeb(Object(Config\Paths))
ERROR - 2024-10-17 06:44:30 --> [Microsoft][ODBC Driver 17 for SQL Server][SQL Server]Conversion failed when converting the varchar value 'N' to data type bit.
CRITICAL - 2024-10-17 06:44:30 --> CodeIgniter\Database\Exceptions\DatabaseException: [Microsoft][ODBC Driver 17 for SQL Server][SQL Server]Conversion failed when converting the varchar value 'N' to data type bit.
[Method: GET, Route: read/tbl_radiologytest]
in SYSTEMPATH\Database\BaseConnection.php on line 676.
 1 SYSTEMPATH\Database\SQLSRV\Builder.php(632): CodeIgniter\Database\BaseConnection->query('SELECT *
FROM "OPDclinic"."dbo"."tbl_radiologytest"
WHERE "is_deleted" = :is_deleted:', [...], false)
 2 APPPATH\Controllers\Home.php(153): CodeIgniter\Database\SQLSRV\Builder->get()
 3 SYSTEMPATH\CodeIgniter.php(933): App\Controllers\Home->read('tbl_radiologytest')
 4 SYSTEMPATH\CodeIgniter.php(509): CodeIgniter\CodeIgniter->runController(Object(App\Controllers\Home))
 5 SYSTEMPATH\CodeIgniter.php(355): CodeIgniter\CodeIgniter->handleRequest(null, Object(Config\Cache), false)
 6 SYSTEMPATH\Boot.php(312): CodeIgniter\CodeIgniter->run()
 7 SYSTEMPATH\Boot.php(67): CodeIgniter\Boot::runCodeIgniter(Object(CodeIgniter\CodeIgniter))
 8 FCPATH\index.php(56): CodeIgniter\Boot::bootWeb(Object(Config\Paths))
CRITICAL - 2024-10-17 06:44:30 --> [Caused by] CodeIgniter\Database\Exceptions\DatabaseException: [Microsoft][ODBC Driver 17 for SQL Server][SQL Server]Conversion failed when converting the varchar value 'N' to data type bit.
in SYSTEMPATH\Database\SQLSRV\Connection.php on line 484.
 1 SYSTEMPATH\Database\BaseConnection.php(722): CodeIgniter\Database\SQLSRV\Connection->execute('SELECT *
FROM "OPDclinic"."dbo"."tbl_radiologytest"
WHERE "is_deleted" = \'N\'')
 2 SYSTEMPATH\Database\BaseConnection.php(636): CodeIgniter\Database\BaseConnection->simpleQuery('SELECT *
FROM "OPDclinic"."dbo"."tbl_radiologytest"
WHERE "is_deleted" = \'N\'')
 3 SYSTEMPATH\Database\SQLSRV\Builder.php(632): CodeIgniter\Database\BaseConnection->query('SELECT *
FROM "OPDclinic"."dbo"."tbl_radiologytest"
WHERE "is_deleted" = :is_deleted:', [...], false)
 4 APPPATH\Controllers\Home.php(153): CodeIgniter\Database\SQLSRV\Builder->get()
 5 SYSTEMPATH\CodeIgniter.php(933): App\Controllers\Home->read('tbl_radiologytest')
 6 SYSTEMPATH\CodeIgniter.php(509): CodeIgniter\CodeIgniter->runController(Object(App\Controllers\Home))
 7 SYSTEMPATH\CodeIgniter.php(355): CodeIgniter\CodeIgniter->handleRequest(null, Object(Config\Cache), false)
 8 SYSTEMPATH\Boot.php(312): CodeIgniter\CodeIgniter->run()
 9 SYSTEMPATH\Boot.php(67): CodeIgniter\Boot::runCodeIgniter(Object(CodeIgniter\CodeIgniter))
10 FCPATH\index.php(56): CodeIgniter\Boot::bootWeb(Object(Config\Paths))
ERROR - 2024-10-17 06:44:33 --> [Microsoft][ODBC Driver 17 for SQL Server][SQL Server]Conversion failed when converting the varchar value 'N' to data type bit.
CRITICAL - 2024-10-17 06:44:33 --> CodeIgniter\Database\Exceptions\DatabaseException: [Microsoft][ODBC Driver 17 for SQL Server][SQL Server]Conversion failed when converting the varchar value 'N' to data type bit.
[Method: GET, Route: read/tbl_radiologytest]
in SYSTEMPATH\Database\BaseConnection.php on line 676.
 1 SYSTEMPATH\Database\SQLSRV\Builder.php(632): CodeIgniter\Database\BaseConnection->query('SELECT *
FROM "OPDclinic"."dbo"."tbl_radiologytest"
WHERE "is_deleted" = :is_deleted:', [...], false)
 2 APPPATH\Controllers\Home.php(153): CodeIgniter\Database\SQLSRV\Builder->get()
 3 SYSTEMPATH\CodeIgniter.php(933): App\Controllers\Home->read('tbl_radiologytest')
 4 SYSTEMPATH\CodeIgniter.php(509): CodeIgniter\CodeIgniter->runController(Object(App\Controllers\Home))
 5 SYSTEMPATH\CodeIgniter.php(355): CodeIgniter\CodeIgniter->handleRequest(null, Object(Config\Cache), false)
 6 SYSTEMPATH\Boot.php(312): CodeIgniter\CodeIgniter->run()
 7 SYSTEMPATH\Boot.php(67): CodeIgniter\Boot::runCodeIgniter(Object(CodeIgniter\CodeIgniter))
 8 FCPATH\index.php(56): CodeIgniter\Boot::bootWeb(Object(Config\Paths))
CRITICAL - 2024-10-17 06:44:33 --> [Caused by] CodeIgniter\Database\Exceptions\DatabaseException: [Microsoft][ODBC Driver 17 for SQL Server][SQL Server]Conversion failed when converting the varchar value 'N' to data type bit.
in SYSTEMPATH\Database\SQLSRV\Connection.php on line 484.
 1 SYSTEMPATH\Database\BaseConnection.php(722): CodeIgniter\Database\SQLSRV\Connection->execute('SELECT *
FROM "OPDclinic"."dbo"."tbl_radiologytest"
WHERE "is_deleted" = \'N\'')
 2 SYSTEMPATH\Database\BaseConnection.php(636): CodeIgniter\Database\BaseConnection->simpleQuery('SELECT *
FROM "OPDclinic"."dbo"."tbl_radiologytest"
WHERE "is_deleted" = \'N\'')
 3 SYSTEMPATH\Database\SQLSRV\Builder.php(632): CodeIgniter\Database\BaseConnection->query('SELECT *
FROM "OPDclinic"."dbo"."tbl_radiologytest"
WHERE "is_deleted" = :is_deleted:', [...], false)
 4 APPPATH\Controllers\Home.php(153): CodeIgniter\Database\SQLSRV\Builder->get()
 5 SYSTEMPATH\CodeIgniter.php(933): App\Controllers\Home->read('tbl_radiologytest')
 6 SYSTEMPATH\CodeIgniter.php(509): CodeIgniter\CodeIgniter->runController(Object(App\Controllers\Home))
 7 SYSTEMPATH\CodeIgniter.php(355): CodeIgniter\CodeIgniter->handleRequest(null, Object(Config\Cache), false)
 8 SYSTEMPATH\Boot.php(312): CodeIgniter\CodeIgniter->run()
 9 SYSTEMPATH\Boot.php(67): CodeIgniter\Boot::runCodeIgniter(Object(CodeIgniter\CodeIgniter))
10 FCPATH\index.php(56): CodeIgniter\Boot::bootWeb(Object(Config\Paths))
ERROR - 2024-10-17 06:45:12 --> [Microsoft][ODBC Driver 17 for SQL Server][SQL Server]Conversion failed when converting the varchar value 'N' to data type bit.
CRITICAL - 2024-10-17 06:45:12 --> CodeIgniter\Database\Exceptions\DatabaseException: [Microsoft][ODBC Driver 17 for SQL Server][SQL Server]Conversion failed when converting the varchar value 'N' to data type bit.
[Method: GET, Route: read/tbl_radiologytest]
in SYSTEMPATH\Database\BaseConnection.php on line 676.
 1 SYSTEMPATH\Database\SQLSRV\Builder.php(632): CodeIgniter\Database\BaseConnection->query('SELECT *
FROM "OPDclinic"."dbo"."tbl_radiologytest"
WHERE "is_deleted" = :is_deleted:', [...], false)
 2 APPPATH\Controllers\Home.php(153): CodeIgniter\Database\SQLSRV\Builder->get()
 3 SYSTEMPATH\CodeIgniter.php(933): App\Controllers\Home->read('tbl_radiologytest')
 4 SYSTEMPATH\CodeIgniter.php(509): CodeIgniter\CodeIgniter->runController(Object(App\Controllers\Home))
 5 SYSTEMPATH\CodeIgniter.php(355): CodeIgniter\CodeIgniter->handleRequest(null, Object(Config\Cache), false)
 6 SYSTEMPATH\Boot.php(312): CodeIgniter\CodeIgniter->run()
 7 SYSTEMPATH\Boot.php(67): CodeIgniter\Boot::runCodeIgniter(Object(CodeIgniter\CodeIgniter))
 8 FCPATH\index.php(56): CodeIgniter\Boot::bootWeb(Object(Config\Paths))
CRITICAL - 2024-10-17 06:45:12 --> [Caused by] CodeIgniter\Database\Exceptions\DatabaseException: [Microsoft][ODBC Driver 17 for SQL Server][SQL Server]Conversion failed when converting the varchar value 'N' to data type bit.
in SYSTEMPATH\Database\SQLSRV\Connection.php on line 484.
 1 SYSTEMPATH\Database\BaseConnection.php(722): CodeIgniter\Database\SQLSRV\Connection->execute('SELECT *
FROM "OPDclinic"."dbo"."tbl_radiologytest"
WHERE "is_deleted" = \'N\'')
 2 SYSTEMPATH\Database\BaseConnection.php(636): CodeIgniter\Database\BaseConnection->simpleQuery('SELECT *
FROM "OPDclinic"."dbo"."tbl_radiologytest"
WHERE "is_deleted" = \'N\'')
 3 SYSTEMPATH\Database\SQLSRV\Builder.php(632): CodeIgniter\Database\BaseConnection->query('SELECT *
FROM "OPDclinic"."dbo"."tbl_radiologytest"
WHERE "is_deleted" = :is_deleted:', [...], false)
 4 APPPATH\Controllers\Home.php(153): CodeIgniter\Database\SQLSRV\Builder->get()
 5 SYSTEMPATH\CodeIgniter.php(933): App\Controllers\Home->read('tbl_radiologytest')
 6 SYSTEMPATH\CodeIgniter.php(509): CodeIgniter\CodeIgniter->runController(Object(App\Controllers\Home))
 7 SYSTEMPATH\CodeIgniter.php(355): CodeIgniter\CodeIgniter->handleRequest(null, Object(Config\Cache), false)
 8 SYSTEMPATH\Boot.php(312): CodeIgniter\CodeIgniter->run()
 9 SYSTEMPATH\Boot.php(67): CodeIgniter\Boot::runCodeIgniter(Object(CodeIgniter\CodeIgniter))
10 FCPATH\index.php(56): CodeIgniter\Boot::bootWeb(Object(Config\Paths))
ERROR - 2024-10-17 06:53:11 --> [Microsoft][ODBC Driver 17 for SQL Server][SQL Server]Conversion failed when converting the varchar value 'N' to data type bit.
CRITICAL - 2024-10-17 06:53:11 --> CodeIgniter\Database\Exceptions\DatabaseException: [Microsoft][ODBC Driver 17 for SQL Server][SQL Server]Conversion failed when converting the varchar value 'N' to data type bit.
[Method: GET, Route: read/tbl_radiologytest]
in SYSTEMPATH\Database\BaseConnection.php on line 676.
 1 SYSTEMPATH\Database\SQLSRV\Builder.php(632): CodeIgniter\Database\BaseConnection->query('SELECT *
FROM "OPDclinic"."dbo"."tbl_radiologytest"
WHERE "is_deleted" = :is_deleted:', [...], false)
 2 APPPATH\Controllers\Home.php(153): CodeIgniter\Database\SQLSRV\Builder->get()
 3 SYSTEMPATH\CodeIgniter.php(933): App\Controllers\Home->read('tbl_radiologytest')
 4 SYSTEMPATH\CodeIgniter.php(509): CodeIgniter\CodeIgniter->runController(Object(App\Controllers\Home))
 5 SYSTEMPATH\CodeIgniter.php(355): CodeIgniter\CodeIgniter->handleRequest(null, Object(Config\Cache), false)
 6 SYSTEMPATH\Boot.php(312): CodeIgniter\CodeIgniter->run()
 7 SYSTEMPATH\Boot.php(67): CodeIgniter\Boot::runCodeIgniter(Object(CodeIgniter\CodeIgniter))
 8 FCPATH\index.php(56): CodeIgniter\Boot::bootWeb(Object(Config\Paths))
CRITICAL - 2024-10-17 06:53:11 --> [Caused by] CodeIgniter\Database\Exceptions\DatabaseException: [Microsoft][ODBC Driver 17 for SQL Server][SQL Server]Conversion failed when converting the varchar value 'N' to data type bit.
in SYSTEMPATH\Database\SQLSRV\Connection.php on line 484.
 1 SYSTEMPATH\Database\BaseConnection.php(722): CodeIgniter\Database\SQLSRV\Connection->execute('SELECT *
FROM "OPDclinic"."dbo"."tbl_radiologytest"
WHERE "is_deleted" = \'N\'')
 2 SYSTEMPATH\Database\BaseConnection.php(636): CodeIgniter\Database\BaseConnection->simpleQuery('SELECT *
FROM "OPDclinic"."dbo"."tbl_radiologytest"
WHERE "is_deleted" = \'N\'')
 3 SYSTEMPATH\Database\SQLSRV\Builder.php(632): CodeIgniter\Database\BaseConnection->query('SELECT *
FROM "OPDclinic"."dbo"."tbl_radiologytest"
WHERE "is_deleted" = :is_deleted:', [...], false)
 4 APPPATH\Controllers\Home.php(153): CodeIgniter\Database\SQLSRV\Builder->get()
 5 SYSTEMPATH\CodeIgniter.php(933): App\Controllers\Home->read('tbl_radiologytest')
 6 SYSTEMPATH\CodeIgniter.php(509): CodeIgniter\CodeIgniter->runController(Object(App\Controllers\Home))
 7 SYSTEMPATH\CodeIgniter.php(355): CodeIgniter\CodeIgniter->handleRequest(null, Object(Config\Cache), false)
 8 SYSTEMPATH\Boot.php(312): CodeIgniter\CodeIgniter->run()
 9 SYSTEMPATH\Boot.php(67): CodeIgniter\Boot::runCodeIgniter(Object(CodeIgniter\CodeIgniter))
10 FCPATH\index.php(56): CodeIgniter\Boot::bootWeb(Object(Config\Paths))
ERROR - 2024-10-17 06:58:56 --> [Microsoft][ODBC Driver 17 for SQL Server][SQL Server]Conversion failed when converting the varchar value 'N' to data type bit.
CRITICAL - 2024-10-17 06:58:56 --> CodeIgniter\Database\Exceptions\DatabaseException: [Microsoft][ODBC Driver 17 for SQL Server][SQL Server]Conversion failed when converting the varchar value 'N' to data type bit.
[Method: GET, Route: read/tbl_radiologytest]
in SYSTEMPATH\Database\BaseConnection.php on line 676.
 1 SYSTEMPATH\Database\SQLSRV\Builder.php(632): CodeIgniter\Database\BaseConnection->query('SELECT *
FROM "OPDclinic"."dbo"."tbl_radiologytest"
WHERE "is_deleted" = :is_deleted:', [...], false)
 2 APPPATH\Controllers\Home.php(153): CodeIgniter\Database\SQLSRV\Builder->get()
 3 SYSTEMPATH\CodeIgniter.php(933): App\Controllers\Home->read('tbl_radiologytest')
 4 SYSTEMPATH\CodeIgniter.php(509): CodeIgniter\CodeIgniter->runController(Object(App\Controllers\Home))
 5 SYSTEMPATH\CodeIgniter.php(355): CodeIgniter\CodeIgniter->handleRequest(null, Object(Config\Cache), false)
 6 SYSTEMPATH\Boot.php(312): CodeIgniter\CodeIgniter->run()
 7 SYSTEMPATH\Boot.php(67): CodeIgniter\Boot::runCodeIgniter(Object(CodeIgniter\CodeIgniter))
 8 FCPATH\index.php(56): CodeIgniter\Boot::bootWeb(Object(Config\Paths))
CRITICAL - 2024-10-17 06:58:56 --> [Caused by] CodeIgniter\Database\Exceptions\DatabaseException: [Microsoft][ODBC Driver 17 for SQL Server][SQL Server]Conversion failed when converting the varchar value 'N' to data type bit.
in SYSTEMPATH\Database\SQLSRV\Connection.php on line 484.
 1 SYSTEMPATH\Database\BaseConnection.php(722): CodeIgniter\Database\SQLSRV\Connection->execute('SELECT *
FROM "OPDclinic"."dbo"."tbl_radiologytest"
WHERE "is_deleted" = \'N\'')
 2 SYSTEMPATH\Database\BaseConnection.php(636): CodeIgniter\Database\BaseConnection->simpleQuery('SELECT *
FROM "OPDclinic"."dbo"."tbl_radiologytest"
WHERE "is_deleted" = \'N\'')
 3 SYSTEMPATH\Database\SQLSRV\Builder.php(632): CodeIgniter\Database\BaseConnection->query('SELECT *
FROM "OPDclinic"."dbo"."tbl_radiologytest"
WHERE "is_deleted" = :is_deleted:', [...], false)
 4 APPPATH\Controllers\Home.php(153): CodeIgniter\Database\SQLSRV\Builder->get()
 5 SYSTEMPATH\CodeIgniter.php(933): App\Controllers\Home->read('tbl_radiologytest')
 6 SYSTEMPATH\CodeIgniter.php(509): CodeIgniter\CodeIgniter->runController(Object(App\Controllers\Home))
 7 SYSTEMPATH\CodeIgniter.php(355): CodeIgniter\CodeIgniter->handleRequest(null, Object(Config\Cache), false)
 8 SYSTEMPATH\Boot.php(312): CodeIgniter\CodeIgniter->run()
 9 SYSTEMPATH\Boot.php(67): CodeIgniter\Boot::runCodeIgniter(Object(CodeIgniter\CodeIgniter))
10 FCPATH\index.php(56): CodeIgniter\Boot::bootWeb(Object(Config\Paths))
