DEBUG - 2025-03-27 04:36:53 --> Received branch Data: {"name":"dummy duumy","salon_name":"dummy","mobile":"4444444444","password":"Pass@123"}
ERROR - 2025-03-27 04:37:23 --> ErrorException: pg_query(): Query failed: ERROR:  column s.Price does not exist
LINE 13:                     'price', COALESCE(s.&quot;Price&quot;, '')::text, ...
                                               ^
HINT:  Perhaps you meant to reference the column &quot;s.price&quot;.
QUERY:  SELECT jsonb_build_object(
            'status', 200,
            'message', 'Pending appointments retrieved successfully',
            'data', jsonb_agg(
                jsonb_build_object(
                    'id', a.id,
                    'branch', a.branch,
                    'consultant', a.consultant,
                    'section', a.section,
                    'slot', a.slot,
                    'appointment_status', a.appointment_status,
                    'slots_time', s.slots_time,
                    'price', COALESCE(s.&quot;Price&quot;, '')::text,  -- Use &quot;Price&quot; with quotes for case-sensitivity
                    'branch_name', b.branch_name,
                    'consultant_name', r.name,
                    'section_name', sec.section_name,
                    'full_name', a.full_name,
                    'mobile_no', a.mobile_no,
                    'email_id', a.email_id,
                    'locations', a.locations,
                    'startdate', a.startdate,
                    'dates', a.dates,  -- Include 'dates' column
                    'created_at', a.created_at
                )
            )
    )
                         FROM tbl_appointment a
    LEFT JOIN tbl_slots s ON CAST(a.slot AS INTEGER) = s.id
    LEFT JOIN tbl_register r ON a.consultant = r.id
    LEFT JOIN tbl_branch b ON a.branch = b.id
    LEFT JOIN tbl_section sec ON a.section = sec.id
    WHERE a.is_deleted = 'N'
    AND a.appointment_status = 'PE'  -- Only pending appointments
    AND a.dates &lt;= CURRENT_DATE
CONTEXT:  PL/pgSQL function get_pending_appointments() line 4 at SQL statement in C:\xampp\htdocs\salonClinic\system\Database\Postgre\Connection.php:193
Stack trace:
#0 [internal function]: CodeIgniter\Debug\Exceptions->errorHandler(2, 'pg_query(): Que...', 'C:\\xampp\\htdocs...', 193)
#1 C:\xampp\htdocs\salonClinic\system\Database\Postgre\Connection.php(193): pg_query(Object(PgSql\Connection), 'CALL get_pendin...')
#2 C:\xampp\htdocs\salonClinic\system\Database\BaseConnection.php(722): CodeIgniter\Database\Postgre\Connection->execute('CALL get_pendin...')
#3 C:\xampp\htdocs\salonClinic\system\Database\BaseConnection.php(636): CodeIgniter\Database\BaseConnection->simpleQuery('CALL get_pendin...')
#4 C:\xampp\htdocs\salonClinic\app\Controllers\Home.php(1723): CodeIgniter\Database\BaseConnection->query('CALL get_pendin...', Array)
#5 C:\xampp\htdocs\salonClinic\system\CodeIgniter.php(933): App\Controllers\Home->getPendingAppointments()
#6 C:\xampp\htdocs\salonClinic\system\CodeIgniter.php(509): CodeIgniter\CodeIgniter->runController(Object(App\Controllers\Home))
#7 C:\xampp\htdocs\salonClinic\system\CodeIgniter.php(355): CodeIgniter\CodeIgniter->handleRequest(NULL, Object(Config\Cache), false)
#8 C:\xampp\htdocs\salonClinic\system\Boot.php(312): CodeIgniter\CodeIgniter->run()
#9 C:\xampp\htdocs\salonClinic\system\Boot.php(67): CodeIgniter\Boot::runCodeIgniter(Object(CodeIgniter\CodeIgniter))
#10 C:\xampp\htdocs\salonClinic\index.php(56): CodeIgniter\Boot::bootWeb(Object(Config\Paths))
#11 {main}
CRITICAL - 2025-03-27 04:37:23 --> CodeIgniter\Database\Exceptions\DatabaseException: pg_query(): Query failed: ERROR:  column s.Price does not exist
LINE 13:                     'price', COALESCE(s.&quot;Price&quot;, '')::text, ...
                                               ^
HINT:  Perhaps you meant to reference the column &quot;s.price&quot;.
QUERY:  SELECT jsonb_build_object(
            'status', 200,
            'message', 'Pending appointments retrieved successfully',
            'data', jsonb_agg(
                jsonb_build_object(
                    'id', a.id,
                    'branch', a.branch,
                    'consultant', a.consultant,
                    'section', a.section,
                    'slot', a.slot,
                    'appointment_status', a.appointment_status,
                    'slots_time', s.slots_time,
                    'price', COALESCE(s.&quot;Price&quot;, '')::text,  -- Use &quot;Price&quot; with quotes for case-sensitivity
                    'branch_name', b.branch_name,
                    'consultant_name', r.name,
                    'section_name', sec.section_name,
                    'full_name', a.full_name,
                    'mobile_no', a.mobile_no,
                    'email_id', a.email_id,
                    'locations', a.locations,
                    'startdate', a.startdate,
                    'dates', a.dates,  -- Include 'dates' column
                    'created_at', a.created_at
                )
            )
    )
                         FROM tbl_appointment a
    LEFT JOIN tbl_slots s ON CAST(a.slot AS INTEGER) = s.id
    LEFT JOIN tbl_register r ON a.consultant = r.id
    LEFT JOIN tbl_branch b ON a.branch = b.id
    LEFT JOIN tbl_section sec ON a.section = sec.id
    WHERE a.is_deleted = 'N'
    AND a.appointment_status = 'PE'  -- Only pending appointments
    AND a.dates &lt;= CURRENT_DATE
CONTEXT:  PL/pgSQL function get_pending_appointments() line 4 at SQL statement
[Method: GET, Route: get_pending_appointments]
in SYSTEMPATH\Database\BaseConnection.php on line 676.
 1 APPPATH\Controllers\Home.php(1723): CodeIgniter\Database\BaseConnection->query('CALL get_pending_appointments(?)', [...])
 2 SYSTEMPATH\CodeIgniter.php(933): App\Controllers\Home->getPendingAppointments()
 3 SYSTEMPATH\CodeIgniter.php(509): CodeIgniter\CodeIgniter->runController(Object(App\Controllers\Home))
 4 SYSTEMPATH\CodeIgniter.php(355): CodeIgniter\CodeIgniter->handleRequest(null, Object(Config\Cache), false)
 5 SYSTEMPATH\Boot.php(312): CodeIgniter\CodeIgniter->run()
 6 SYSTEMPATH\Boot.php(67): CodeIgniter\Boot::runCodeIgniter(Object(CodeIgniter\CodeIgniter))
 7 FCPATH\index.php(56): CodeIgniter\Boot::bootWeb(Object(Config\Paths))
CRITICAL - 2025-03-27 04:37:23 --> [Caused by] CodeIgniter\Database\Exceptions\DatabaseException: pg_query(): Query failed: ERROR:  column s.Price does not exist
LINE 13:                     'price', COALESCE(s.&quot;Price&quot;, '')::text, ...
                                               ^
HINT:  Perhaps you meant to reference the column &quot;s.price&quot;.
QUERY:  SELECT jsonb_build_object(
            'status', 200,
            'message', 'Pending appointments retrieved successfully',
            'data', jsonb_agg(
                jsonb_build_object(
                    'id', a.id,
                    'branch', a.branch,
                    'consultant', a.consultant,
                    'section', a.section,
                    'slot', a.slot,
                    'appointment_status', a.appointment_status,
                    'slots_time', s.slots_time,
                    'price', COALESCE(s.&quot;Price&quot;, '')::text,  -- Use &quot;Price&quot; with quotes for case-sensitivity
                    'branch_name', b.branch_name,
                    'consultant_name', r.name,
                    'section_name', sec.section_name,
                    'full_name', a.full_name,
                    'mobile_no', a.mobile_no,
                    'email_id', a.email_id,
                    'locations', a.locations,
                    'startdate', a.startdate,
                    'dates', a.dates,  -- Include 'dates' column
                    'created_at', a.created_at
                )
            )
    )
                         FROM tbl_appointment a
    LEFT JOIN tbl_slots s ON CAST(a.slot AS INTEGER) = s.id
    LEFT JOIN tbl_register r ON a.consultant = r.id
    LEFT JOIN tbl_branch b ON a.branch = b.id
    LEFT JOIN tbl_section sec ON a.section = sec.id
    WHERE a.is_deleted = 'N'
    AND a.appointment_status = 'PE'  -- Only pending appointments
    AND a.dates &lt;= CURRENT_DATE
CONTEXT:  PL/pgSQL function get_pending_appointments() line 4 at SQL statement
in SYSTEMPATH\Database\Postgre\Connection.php on line 198.
 1 SYSTEMPATH\Database\BaseConnection.php(722): CodeIgniter\Database\Postgre\Connection->execute('CALL get_pending_appointments(NULL)')
 2 SYSTEMPATH\Database\BaseConnection.php(636): CodeIgniter\Database\BaseConnection->simpleQuery('CALL get_pending_appointments(NULL)')
 3 APPPATH\Controllers\Home.php(1723): CodeIgniter\Database\BaseConnection->query('CALL get_pending_appointments(?)', [...])
 4 SYSTEMPATH\CodeIgniter.php(933): App\Controllers\Home->getPendingAppointments()
 5 SYSTEMPATH\CodeIgniter.php(509): CodeIgniter\CodeIgniter->runController(Object(App\Controllers\Home))
 6 SYSTEMPATH\CodeIgniter.php(355): CodeIgniter\CodeIgniter->handleRequest(null, Object(Config\Cache), false)
 7 SYSTEMPATH\Boot.php(312): CodeIgniter\CodeIgniter->run()
 8 SYSTEMPATH\Boot.php(67): CodeIgniter\Boot::runCodeIgniter(Object(CodeIgniter\CodeIgniter))
 9 FCPATH\index.php(56): CodeIgniter\Boot::bootWeb(Object(Config\Paths))
CRITICAL - 2025-03-27 04:37:23 --> [Caused by] ErrorException: pg_query(): Query failed: ERROR:  column s.Price does not exist
LINE 13:                     'price', COALESCE(s.&quot;Price&quot;, '')::text, ...
                                               ^
HINT:  Perhaps you meant to reference the column &quot;s.price&quot;.
QUERY:  SELECT jsonb_build_object(
            'status', 200,
            'message', 'Pending appointments retrieved successfully',
            'data', jsonb_agg(
                jsonb_build_object(
                    'id', a.id,
                    'branch', a.branch,
                    'consultant', a.consultant,
                    'section', a.section,
                    'slot', a.slot,
                    'appointment_status', a.appointment_status,
                    'slots_time', s.slots_time,
                    'price', COALESCE(s.&quot;Price&quot;, '')::text,  -- Use &quot;Price&quot; with quotes for case-sensitivity
                    'branch_name', b.branch_name,
                    'consultant_name', r.name,
                    'section_name', sec.section_name,
                    'full_name', a.full_name,
                    'mobile_no', a.mobile_no,
                    'email_id', a.email_id,
                    'locations', a.locations,
                    'startdate', a.startdate,
                    'dates', a.dates,  -- Include 'dates' column
                    'created_at', a.created_at
                )
            )
    )
                         FROM tbl_appointment a
    LEFT JOIN tbl_slots s ON CAST(a.slot AS INTEGER) = s.id
    LEFT JOIN tbl_register r ON a.consultant = r.id
    LEFT JOIN tbl_branch b ON a.branch = b.id
    LEFT JOIN tbl_section sec ON a.section = sec.id
    WHERE a.is_deleted = 'N'
    AND a.appointment_status = 'PE'  -- Only pending appointments
    AND a.dates &lt;= CURRENT_DATE
CONTEXT:  PL/pgSQL function get_pending_appointments() line 4 at SQL statement
in SYSTEMPATH\Database\Postgre\Connection.php on line 193.
 1 [internal function]: CodeIgniter\Debug\Exceptions->errorHandler(2, 'pg_query(): Query failed: ERROR:  column s.Price does not exist
LINE 13:                     \'price\', COALESCE(s.&quot;Price&quot;, \'\')::text, ...
                                               ^
HINT:  Perhaps you meant to reference the column &quot;s.price&quot;.
QUERY:  SELECT jsonb_build_object(
            \'status\', 200,
            \'message\', \'Pending appointments retrieved successfully\',
            \'data\', jsonb_agg(
                jsonb_build_object(
                    \'id\', a.id,
                    \'branch\', a.branch,
                    \'consultant\', a.consultant,
                    \'section\', a.section,
                    \'slot\', a.slot,
                    \'appointment_status\', a.appointment_status,
                    \'slots_time\', s.slots_time,
                    \'price\', COALESCE(s.&quot;Price&quot;, \'\')::text,  -- Use &quot;Price&quot; with quotes for case-sensitivity
                    \'branch_name\', b.branch_name,
                    \'consultant_name\', r.name,
                    \'section_name\', sec.section_name,
                    \'full_name\', a.full_name,
                    \'mobile_no\', a.mobile_no,
                    \'email_id\', a.email_id,
                    \'locations\', a.locations,
                    \'startdate\', a.startdate,
                    \'dates\', a.dates,  -- Include \'dates\' column
                    \'created_at\', a.created_at
                )
            )
    )
                         FROM tbl_appointment a
    LEFT JOIN tbl_slots s ON CAST(a.slot AS INTEGER) = s.id
    LEFT JOIN tbl_register r ON a.consultant = r.id
    LEFT JOIN tbl_branch b ON a.branch = b.id
    LEFT JOIN tbl_section sec ON a.section = sec.id
    WHERE a.is_deleted = \'N\'
    AND a.appointment_status = \'PE\'  -- Only pending appointments
    AND a.dates &lt;= CURRENT_DATE
CONTEXT:  PL/pgSQL function get_pending_appointments() line 4 at SQL statement', 'C:\\xampp\\htdocs\\salonClinic\\system\\Database\\Postgre\\Connection.php', 193)
 2 SYSTEMPATH\Database\Postgre\Connection.php(193): pg_query(Object(PgSql\Connection), 'CALL get_pending_appointments(NULL)')
 3 SYSTEMPATH\Database\BaseConnection.php(722): CodeIgniter\Database\Postgre\Connection->execute('CALL get_pending_appointments(NULL)')
 4 SYSTEMPATH\Database\BaseConnection.php(636): CodeIgniter\Database\BaseConnection->simpleQuery('CALL get_pending_appointments(NULL)')
 5 APPPATH\Controllers\Home.php(1723): CodeIgniter\Database\BaseConnection->query('CALL get_pending_appointments(?)', [...])
 6 SYSTEMPATH\CodeIgniter.php(933): App\Controllers\Home->getPendingAppointments()
 7 SYSTEMPATH\CodeIgniter.php(509): CodeIgniter\CodeIgniter->runController(Object(App\Controllers\Home))
 8 SYSTEMPATH\CodeIgniter.php(355): CodeIgniter\CodeIgniter->handleRequest(null, Object(Config\Cache), false)
 9 SYSTEMPATH\Boot.php(312): CodeIgniter\CodeIgniter->run()
10 SYSTEMPATH\Boot.php(67): CodeIgniter\Boot::runCodeIgniter(Object(CodeIgniter\CodeIgniter))
11 FCPATH\index.php(56): CodeIgniter\Boot::bootWeb(Object(Config\Paths))
DEBUG - 2025-03-27 06:16:03 --> Received branch Data: {"name":"Hair Spa","duration":"60","bufferTime":"15","price":"500","needRepetition":"no","repetitionFrequency":null,"is_active":"N","is_deleted":"Y"}
ERROR - 2025-03-27 06:16:05 --> ErrorException: pg_query(): Query failed: ERROR:  Record creation failed: column &quot;repetitionFrequency&quot; of relation &quot;tbl_servicemst&quot; does not exist
CONTEXT:  PL/pgSQL function dynamic_insert(text,jsonb) line 43 at RAISE in C:\xampp\htdocs\salonClinic\system\Database\Postgre\Connection.php:193
Stack trace:
#0 [internal function]: CodeIgniter\Debug\Exceptions->errorHandler(2, 'pg_query(): Que...', 'C:\\xampp\\htdocs...', 193)
#1 C:\xampp\htdocs\salonClinic\system\Database\Postgre\Connection.php(193): pg_query(Object(PgSql\Connection), 'CALL dynamic_in...')
#2 C:\xampp\htdocs\salonClinic\system\Database\BaseConnection.php(722): CodeIgniter\Database\Postgre\Connection->execute('CALL dynamic_in...')
#3 C:\xampp\htdocs\salonClinic\system\Database\BaseConnection.php(636): CodeIgniter\Database\BaseConnection->simpleQuery('CALL dynamic_in...')
#4 C:\xampp\htdocs\salonClinic\app\Controllers\Home.php(371): CodeIgniter\Database\BaseConnection->query('CALL dynamic_in...', Array)
#5 C:\xampp\htdocs\salonClinic\system\CodeIgniter.php(933): App\Controllers\Home->create('tbl_servicemst')
#6 C:\xampp\htdocs\salonClinic\system\CodeIgniter.php(509): CodeIgniter\CodeIgniter->runController(Object(App\Controllers\Home))
#7 C:\xampp\htdocs\salonClinic\system\CodeIgniter.php(355): CodeIgniter\CodeIgniter->handleRequest(NULL, Object(Config\Cache), false)
#8 C:\xampp\htdocs\salonClinic\system\Boot.php(312): CodeIgniter\CodeIgniter->run()
#9 C:\xampp\htdocs\salonClinic\system\Boot.php(67): CodeIgniter\Boot::runCodeIgniter(Object(CodeIgniter\CodeIgniter))
#10 C:\xampp\htdocs\salonClinic\index.php(56): CodeIgniter\Boot::bootWeb(Object(Config\Paths))
#11 {main}
CRITICAL - 2025-03-27 06:16:05 --> CodeIgniter\Database\Exceptions\DatabaseException: pg_query(): Query failed: ERROR:  Record creation failed: column &quot;repetitionFrequency&quot; of relation &quot;tbl_servicemst&quot; does not exist
CONTEXT:  PL/pgSQL function dynamic_insert(text,jsonb) line 43 at RAISE
[Method: POST, Route: create/tbl_servicemst]
in SYSTEMPATH\Database\BaseConnection.php on line 676.
 1 APPPATH\Controllers\Home.php(371): CodeIgniter\Database\BaseConnection->query('CALL dynamic_insert(?, ?::jsonb)', [...])
 2 SYSTEMPATH\CodeIgniter.php(933): App\Controllers\Home->create('tbl_servicemst')
 3 SYSTEMPATH\CodeIgniter.php(509): CodeIgniter\CodeIgniter->runController(Object(App\Controllers\Home))
 4 SYSTEMPATH\CodeIgniter.php(355): CodeIgniter\CodeIgniter->handleRequest(null, Object(Config\Cache), false)
 5 SYSTEMPATH\Boot.php(312): CodeIgniter\CodeIgniter->run()
 6 SYSTEMPATH\Boot.php(67): CodeIgniter\Boot::runCodeIgniter(Object(CodeIgniter\CodeIgniter))
 7 FCPATH\index.php(56): CodeIgniter\Boot::bootWeb(Object(Config\Paths))
CRITICAL - 2025-03-27 06:16:05 --> [Caused by] CodeIgniter\Database\Exceptions\DatabaseException: pg_query(): Query failed: ERROR:  Record creation failed: column &quot;repetitionFrequency&quot; of relation &quot;tbl_servicemst&quot; does not exist
CONTEXT:  PL/pgSQL function dynamic_insert(text,jsonb) line 43 at RAISE
in SYSTEMPATH\Database\Postgre\Connection.php on line 198.
 1 SYSTEMPATH\Database\BaseConnection.php(722): CodeIgniter\Database\Postgre\Connection->execute('CALL dynamic_insert(\'tbl_servicemst\', \'{"name":"Hair Spa","duration":"60","bufferTime":"15","price":"500","needRepetition":"no","repetitionFrequency":null,"is_active":"N","is_deleted":"Y"}\'::jsonb)')
 2 SYSTEMPATH\Database\BaseConnection.php(636): CodeIgniter\Database\BaseConnection->simpleQuery('CALL dynamic_insert(\'tbl_servicemst\', \'{"name":"Hair Spa","duration":"60","bufferTime":"15","price":"500","needRepetition":"no","repetitionFrequency":null,"is_active":"N","is_deleted":"Y"}\'::jsonb)')
 3 APPPATH\Controllers\Home.php(371): CodeIgniter\Database\BaseConnection->query('CALL dynamic_insert(?, ?::jsonb)', [...])
 4 SYSTEMPATH\CodeIgniter.php(933): App\Controllers\Home->create('tbl_servicemst')
 5 SYSTEMPATH\CodeIgniter.php(509): CodeIgniter\CodeIgniter->runController(Object(App\Controllers\Home))
 6 SYSTEMPATH\CodeIgniter.php(355): CodeIgniter\CodeIgniter->handleRequest(null, Object(Config\Cache), false)
 7 SYSTEMPATH\Boot.php(312): CodeIgniter\CodeIgniter->run()
 8 SYSTEMPATH\Boot.php(67): CodeIgniter\Boot::runCodeIgniter(Object(CodeIgniter\CodeIgniter))
 9 FCPATH\index.php(56): CodeIgniter\Boot::bootWeb(Object(Config\Paths))
CRITICAL - 2025-03-27 06:16:05 --> [Caused by] ErrorException: pg_query(): Query failed: ERROR:  Record creation failed: column &quot;repetitionFrequency&quot; of relation &quot;tbl_servicemst&quot; does not exist
CONTEXT:  PL/pgSQL function dynamic_insert(text,jsonb) line 43 at RAISE
in SYSTEMPATH\Database\Postgre\Connection.php on line 193.
 1 [internal function]: CodeIgniter\Debug\Exceptions->errorHandler(2, 'pg_query(): Query failed: ERROR:  Record creation failed: column &quot;repetitionFrequency&quot; of relation &quot;tbl_servicemst&quot; does not exist
CONTEXT:  PL/pgSQL function dynamic_insert(text,jsonb) line 43 at RAISE', 'C:\\xampp\\htdocs\\salonClinic\\system\\Database\\Postgre\\Connection.php', 193)
 2 SYSTEMPATH\Database\Postgre\Connection.php(193): pg_query(Object(PgSql\Connection), 'CALL dynamic_insert(\'tbl_servicemst\', \'{"name":"Hair Spa","duration":"60","bufferTime":"15","price":"500","needRepetition":"no","repetitionFrequency":null,"is_active":"N","is_deleted":"Y"}\'::jsonb)')
 3 SYSTEMPATH\Database\BaseConnection.php(722): CodeIgniter\Database\Postgre\Connection->execute('CALL dynamic_insert(\'tbl_servicemst\', \'{"name":"Hair Spa","duration":"60","bufferTime":"15","price":"500","needRepetition":"no","repetitionFrequency":null,"is_active":"N","is_deleted":"Y"}\'::jsonb)')
 4 SYSTEMPATH\Database\BaseConnection.php(636): CodeIgniter\Database\BaseConnection->simpleQuery('CALL dynamic_insert(\'tbl_servicemst\', \'{"name":"Hair Spa","duration":"60","bufferTime":"15","price":"500","needRepetition":"no","repetitionFrequency":null,"is_active":"N","is_deleted":"Y"}\'::jsonb)')
 5 APPPATH\Controllers\Home.php(371): CodeIgniter\Database\BaseConnection->query('CALL dynamic_insert(?, ?::jsonb)', [...])
 6 SYSTEMPATH\CodeIgniter.php(933): App\Controllers\Home->create('tbl_servicemst')
 7 SYSTEMPATH\CodeIgniter.php(509): CodeIgniter\CodeIgniter->runController(Object(App\Controllers\Home))
 8 SYSTEMPATH\CodeIgniter.php(355): CodeIgniter\CodeIgniter->handleRequest(null, Object(Config\Cache), false)
 9 SYSTEMPATH\Boot.php(312): CodeIgniter\CodeIgniter->run()
10 SYSTEMPATH\Boot.php(67): CodeIgniter\Boot::runCodeIgniter(Object(CodeIgniter\CodeIgniter))
11 FCPATH\index.php(56): CodeIgniter\Boot::bootWeb(Object(Config\Paths))
DEBUG - 2025-03-27 06:18:27 --> Received branch Data: {"name":"Hair Spa","duration":"60","bufferTime":"15","price":"500","needRepetition":"no","repetitionFrequency":null,"is_active":"N","is_deleted":"Y"}
DEBUG - 2025-03-27 06:22:32 --> Received branch Data: {"name":"Hair Spa","duration":"60","bufferTime":"15","price":"500","needRepetition":"no","repetitionFrequency":null,"is_active":"Y","is_deleted":"N"}
DEBUG - 2025-03-27 06:45:43 --> Received branch Data: {"name":"Beard Trimming","duration":"15","bufferTime":"0","price":"200","needRepetition":"yes","repetitionFrequency":"weekly","is_active":"Y","is_deleted":"N"}
DEBUG - 2025-03-27 06:48:48 --> Received branch Data: {"name":"Facial - Basic","duration":"40","bufferTime":"10","price":"600","needRepetition":"no","repetitionFrequency":null,"is_active":"Y","is_deleted":"N"}
DEBUG - 2025-03-27 06:50:03 --> Received branch Data: {"name":"Manicure","duration":"30","bufferTime":"10","price":"300","needRepetition":"yes","repetitionFrequency":"monthly","is_active":"Y","is_deleted":"N"}
ERROR - 2025-03-27 09:15:11 --> ErrorException: pg_query(): Query failed: ERROR:  syntax error at or near &quot;)&quot;
LINE 11:                 )
                         ^ in C:\xampp\htdocs\salonClinic\system\Database\Postgre\Connection.php:193
Stack trace:
#0 [internal function]: CodeIgniter\Debug\Exceptions->errorHandler(2, 'pg_query(): Que...', 'C:\\xampp\\htdocs...', 193)
#1 C:\xampp\htdocs\salonClinic\system\Database\Postgre\Connection.php(193): pg_query(Object(PgSql\Connection), 'CALL sp_manage_...')
#2 C:\xampp\htdocs\salonClinic\system\Database\BaseConnection.php(722): CodeIgniter\Database\Postgre\Connection->execute('CALL sp_manage_...')
#3 C:\xampp\htdocs\salonClinic\system\Database\BaseConnection.php(636): CodeIgniter\Database\BaseConnection->simpleQuery('CALL sp_manage_...')
#4 C:\xampp\htdocs\salonClinic\app\Controllers\Home.php(549): CodeIgniter\Database\BaseConnection->query('CALL sp_manage_...', Array)
#5 C:\xampp\htdocs\salonClinic\system\CodeIgniter.php(933): App\Controllers\Home->createcunsltant('tbl_register', '0')
#6 C:\xampp\htdocs\salonClinic\system\CodeIgniter.php(509): CodeIgniter\CodeIgniter->runController(Object(App\Controllers\Home))
#7 C:\xampp\htdocs\salonClinic\system\CodeIgniter.php(355): CodeIgniter\CodeIgniter->handleRequest(NULL, Object(Config\Cache), false)
#8 C:\xampp\htdocs\salonClinic\system\Boot.php(312): CodeIgniter\CodeIgniter->run()
#9 C:\xampp\htdocs\salonClinic\system\Boot.php(67): CodeIgniter\Boot::runCodeIgniter(Object(CodeIgniter\CodeIgniter))
#10 C:\xampp\htdocs\salonClinic\index.php(56): CodeIgniter\Boot::bootWeb(Object(Config\Paths))
#11 {main}
CRITICAL - 2025-03-27 09:15:11 --> CodeIgniter\Database\Exceptions\DatabaseException: pg_query(): Query failed: ERROR:  syntax error at or near &quot;)&quot;
LINE 11:                 )
                         ^
[Method: POST, Route: createcunsltant/tbl_register/0]
in SYSTEMPATH\Database\BaseConnection.php on line 676.
 1 APPPATH\Controllers\Home.php(549): CodeIgniter\Database\BaseConnection->query('CALL sp_manage_Consultant(
                    CAST(? AS INTEGER),  -- ID will be null for insert
                    CAST(? AS VARCHAR),
                    CAST(? AS VARCHAR),
                 
                    CAST(? AS VARCHAR),
                    CAST(? AS VARCHAR),
                    CAST(? AS VARCHAR),
                    CAST(? AS VARCHAR),  -- Access levels as VARCHAR
                   
                )', [...])
 2 SYSTEMPATH\CodeIgniter.php(933): App\Controllers\Home->createcunsltant('tbl_register', '0')
 3 SYSTEMPATH\CodeIgniter.php(509): CodeIgniter\CodeIgniter->runController(Object(App\Controllers\Home))
 4 SYSTEMPATH\CodeIgniter.php(355): CodeIgniter\CodeIgniter->handleRequest(null, Object(Config\Cache), false)
 5 SYSTEMPATH\Boot.php(312): CodeIgniter\CodeIgniter->run()
 6 SYSTEMPATH\Boot.php(67): CodeIgniter\Boot::runCodeIgniter(Object(CodeIgniter\CodeIgniter))
 7 FCPATH\index.php(56): CodeIgniter\Boot::bootWeb(Object(Config\Paths))
CRITICAL - 2025-03-27 09:15:11 --> [Caused by] CodeIgniter\Database\Exceptions\DatabaseException: pg_query(): Query failed: ERROR:  syntax error at or near &quot;)&quot;
LINE 11:                 )
                         ^
in SYSTEMPATH\Database\Postgre\Connection.php on line 198.
 1 SYSTEMPATH\Database\BaseConnection.php(722): CodeIgniter\Database\Postgre\Connection->execute('CALL sp_manage_Consultant(
                    CAST(\'0\' AS INTEGER),  -- ID will be null for insert
                    CAST(\'Shardul\' AS VARCHAR),
                    CAST(\'Diploma in Cosmetology\' AS VARCHAR),
                 
                    CAST(\'Consultant\' AS VARCHAR),
                    CAST(\'$2y$10$ODSsP50ch5lcyOZ2dRqK2ut5RwX4LxK9y.IGGiXfQnCpWNoAGhen.\' AS VARCHAR),
                    CAST(\'9999999999\' AS VARCHAR),
                    CAST(\'[5,9,10,11,12]\' AS VARCHAR),  -- Access levels as VARCHAR
                   
                )')
 2 SYSTEMPATH\Database\BaseConnection.php(636): CodeIgniter\Database\BaseConnection->simpleQuery('CALL sp_manage_Consultant(
                    CAST(\'0\' AS INTEGER),  -- ID will be null for insert
                    CAST(\'Shardul\' AS VARCHAR),
                    CAST(\'Diploma in Cosmetology\' AS VARCHAR),
                 
                    CAST(\'Consultant\' AS VARCHAR),
                    CAST(\'$2y$10$ODSsP50ch5lcyOZ2dRqK2ut5RwX4LxK9y.IGGiXfQnCpWNoAGhen.\' AS VARCHAR),
                    CAST(\'9999999999\' AS VARCHAR),
                    CAST(\'[5,9,10,11,12]\' AS VARCHAR),  -- Access levels as VARCHAR
                   
                )')
 3 APPPATH\Controllers\Home.php(549): CodeIgniter\Database\BaseConnection->query('CALL sp_manage_Consultant(
                    CAST(? AS INTEGER),  -- ID will be null for insert
                    CAST(? AS VARCHAR),
                    CAST(? AS VARCHAR),
                 
                    CAST(? AS VARCHAR),
                    CAST(? AS VARCHAR),
                    CAST(? AS VARCHAR),
                    CAST(? AS VARCHAR),  -- Access levels as VARCHAR
                   
                )', [...])
 4 SYSTEMPATH\CodeIgniter.php(933): App\Controllers\Home->createcunsltant('tbl_register', '0')
 5 SYSTEMPATH\CodeIgniter.php(509): CodeIgniter\CodeIgniter->runController(Object(App\Controllers\Home))
 6 SYSTEMPATH\CodeIgniter.php(355): CodeIgniter\CodeIgniter->handleRequest(null, Object(Config\Cache), false)
 7 SYSTEMPATH\Boot.php(312): CodeIgniter\CodeIgniter->run()
 8 SYSTEMPATH\Boot.php(67): CodeIgniter\Boot::runCodeIgniter(Object(CodeIgniter\CodeIgniter))
 9 FCPATH\index.php(56): CodeIgniter\Boot::bootWeb(Object(Config\Paths))
CRITICAL - 2025-03-27 09:15:11 --> [Caused by] ErrorException: pg_query(): Query failed: ERROR:  syntax error at or near &quot;)&quot;
LINE 11:                 )
                         ^
in SYSTEMPATH\Database\Postgre\Connection.php on line 193.
 1 [internal function]: CodeIgniter\Debug\Exceptions->errorHandler(2, 'pg_query(): Query failed: ERROR:  syntax error at or near &quot;)&quot;
LINE 11:                 )
                         ^', 'C:\\xampp\\htdocs\\salonClinic\\system\\Database\\Postgre\\Connection.php', 193)
 2 SYSTEMPATH\Database\Postgre\Connection.php(193): pg_query(Object(PgSql\Connection), 'CALL sp_manage_Consultant(
                    CAST(\'0\' AS INTEGER),  -- ID will be null for insert
                    CAST(\'Shardul\' AS VARCHAR),
                    CAST(\'Diploma in Cosmetology\' AS VARCHAR),
                 
                    CAST(\'Consultant\' AS VARCHAR),
                    CAST(\'$2y$10$ODSsP50ch5lcyOZ2dRqK2ut5RwX4LxK9y.IGGiXfQnCpWNoAGhen.\' AS VARCHAR),
                    CAST(\'9999999999\' AS VARCHAR),
                    CAST(\'[5,9,10,11,12]\' AS VARCHAR),  -- Access levels as VARCHAR
                   
                )')
 3 SYSTEMPATH\Database\BaseConnection.php(722): CodeIgniter\Database\Postgre\Connection->execute('CALL sp_manage_Consultant(
                    CAST(\'0\' AS INTEGER),  -- ID will be null for insert
                    CAST(\'Shardul\' AS VARCHAR),
                    CAST(\'Diploma in Cosmetology\' AS VARCHAR),
                 
                    CAST(\'Consultant\' AS VARCHAR),
                    CAST(\'$2y$10$ODSsP50ch5lcyOZ2dRqK2ut5RwX4LxK9y.IGGiXfQnCpWNoAGhen.\' AS VARCHAR),
                    CAST(\'9999999999\' AS VARCHAR),
                    CAST(\'[5,9,10,11,12]\' AS VARCHAR),  -- Access levels as VARCHAR
                   
                )')
 4 SYSTEMPATH\Database\BaseConnection.php(636): CodeIgniter\Database\BaseConnection->simpleQuery('CALL sp_manage_Consultant(
                    CAST(\'0\' AS INTEGER),  -- ID will be null for insert
                    CAST(\'Shardul\' AS VARCHAR),
                    CAST(\'Diploma in Cosmetology\' AS VARCHAR),
                 
                    CAST(\'Consultant\' AS VARCHAR),
                    CAST(\'$2y$10$ODSsP50ch5lcyOZ2dRqK2ut5RwX4LxK9y.IGGiXfQnCpWNoAGhen.\' AS VARCHAR),
                    CAST(\'9999999999\' AS VARCHAR),
                    CAST(\'[5,9,10,11,12]\' AS VARCHAR),  -- Access levels as VARCHAR
                   
                )')
 5 APPPATH\Controllers\Home.php(549): CodeIgniter\Database\BaseConnection->query('CALL sp_manage_Consultant(
                    CAST(? AS INTEGER),  -- ID will be null for insert
                    CAST(? AS VARCHAR),
                    CAST(? AS VARCHAR),
                 
                    CAST(? AS VARCHAR),
                    CAST(? AS VARCHAR),
                    CAST(? AS VARCHAR),
                    CAST(? AS VARCHAR),  -- Access levels as VARCHAR
                   
                )', [...])
 6 SYSTEMPATH\CodeIgniter.php(933): App\Controllers\Home->createcunsltant('tbl_register', '0')
 7 SYSTEMPATH\CodeIgniter.php(509): CodeIgniter\CodeIgniter->runController(Object(App\Controllers\Home))
 8 SYSTEMPATH\CodeIgniter.php(355): CodeIgniter\CodeIgniter->handleRequest(null, Object(Config\Cache), false)
 9 SYSTEMPATH\Boot.php(312): CodeIgniter\CodeIgniter->run()
10 SYSTEMPATH\Boot.php(67): CodeIgniter\Boot::runCodeIgniter(Object(CodeIgniter\CodeIgniter))
11 FCPATH\index.php(56): CodeIgniter\Boot::bootWeb(Object(Config\Paths))
ERROR - 2025-03-27 09:33:36 --> ErrorException: pg_query(): Query failed: ERROR:  syntax error at or near &quot;)&quot;
LINE 11:                 )
                         ^ in C:\xampp\htdocs\salonClinic\system\Database\Postgre\Connection.php:193
Stack trace:
#0 [internal function]: CodeIgniter\Debug\Exceptions->errorHandler(2, 'pg_query(): Que...', 'C:\\xampp\\htdocs...', 193)
#1 C:\xampp\htdocs\salonClinic\system\Database\Postgre\Connection.php(193): pg_query(Object(PgSql\Connection), 'CALL sp_manage_...')
#2 C:\xampp\htdocs\salonClinic\system\Database\BaseConnection.php(722): CodeIgniter\Database\Postgre\Connection->execute('CALL sp_manage_...')
#3 C:\xampp\htdocs\salonClinic\system\Database\BaseConnection.php(636): CodeIgniter\Database\BaseConnection->simpleQuery('CALL sp_manage_...')
#4 C:\xampp\htdocs\salonClinic\app\Controllers\Home.php(549): CodeIgniter\Database\BaseConnection->query('CALL sp_manage_...', Array)
#5 C:\xampp\htdocs\salonClinic\system\CodeIgniter.php(933): App\Controllers\Home->createcunsltant('tbl_consultants', '0')
#6 C:\xampp\htdocs\salonClinic\system\CodeIgniter.php(509): CodeIgniter\CodeIgniter->runController(Object(App\Controllers\Home))
#7 C:\xampp\htdocs\salonClinic\system\CodeIgniter.php(355): CodeIgniter\CodeIgniter->handleRequest(NULL, Object(Config\Cache), false)
#8 C:\xampp\htdocs\salonClinic\system\Boot.php(312): CodeIgniter\CodeIgniter->run()
#9 C:\xampp\htdocs\salonClinic\system\Boot.php(67): CodeIgniter\Boot::runCodeIgniter(Object(CodeIgniter\CodeIgniter))
#10 C:\xampp\htdocs\salonClinic\index.php(56): CodeIgniter\Boot::bootWeb(Object(Config\Paths))
#11 {main}
CRITICAL - 2025-03-27 09:33:36 --> CodeIgniter\Database\Exceptions\DatabaseException: pg_query(): Query failed: ERROR:  syntax error at or near &quot;)&quot;
LINE 11:                 )
                         ^
[Method: POST, Route: createcunsltant/tbl_consultants/0]
in SYSTEMPATH\Database\BaseConnection.php on line 676.
 1 APPPATH\Controllers\Home.php(549): CodeIgniter\Database\BaseConnection->query('CALL sp_manage_Consultant(
                    CAST(? AS INTEGER),  -- ID will be null for insert
                    CAST(? AS VARCHAR),
                    CAST(? AS VARCHAR),
                 
                    CAST(? AS VARCHAR),
                    CAST(? AS VARCHAR),
                    CAST(? AS VARCHAR),
                    CAST(? AS VARCHAR),  -- Access levels as VARCHAR
                   
                )', [...])
 2 SYSTEMPATH\CodeIgniter.php(933): App\Controllers\Home->createcunsltant('tbl_consultants', '0')
 3 SYSTEMPATH\CodeIgniter.php(509): CodeIgniter\CodeIgniter->runController(Object(App\Controllers\Home))
 4 SYSTEMPATH\CodeIgniter.php(355): CodeIgniter\CodeIgniter->handleRequest(null, Object(Config\Cache), false)
 5 SYSTEMPATH\Boot.php(312): CodeIgniter\CodeIgniter->run()
 6 SYSTEMPATH\Boot.php(67): CodeIgniter\Boot::runCodeIgniter(Object(CodeIgniter\CodeIgniter))
 7 FCPATH\index.php(56): CodeIgniter\Boot::bootWeb(Object(Config\Paths))
CRITICAL - 2025-03-27 09:33:36 --> [Caused by] CodeIgniter\Database\Exceptions\DatabaseException: pg_query(): Query failed: ERROR:  syntax error at or near &quot;)&quot;
LINE 11:                 )
                         ^
in SYSTEMPATH\Database\Postgre\Connection.php on line 198.
 1 SYSTEMPATH\Database\BaseConnection.php(722): CodeIgniter\Database\Postgre\Connection->execute('CALL sp_manage_Consultant(
                    CAST(\'0\' AS INTEGER),  -- ID will be null for insert
                    CAST(\'Charu\' AS VARCHAR),
                    CAST(\'Diploma in Cosmetology\' AS VARCHAR),
                 
                    CAST(\'Consultant\' AS VARCHAR),
                    CAST(\'$2y$10$u7mieVc4UWlvSgxQpA7/teMPnZrnRGi9HWXJtSmvtxnyQYhyRy0Dq\' AS VARCHAR),
                    CAST(\'9999999999\' AS VARCHAR),
                    CAST(\'[5,9,10,11,12]\' AS VARCHAR),  -- Access levels as VARCHAR
                   
                )')
 2 SYSTEMPATH\Database\BaseConnection.php(636): CodeIgniter\Database\BaseConnection->simpleQuery('CALL sp_manage_Consultant(
                    CAST(\'0\' AS INTEGER),  -- ID will be null for insert
                    CAST(\'Charu\' AS VARCHAR),
                    CAST(\'Diploma in Cosmetology\' AS VARCHAR),
                 
                    CAST(\'Consultant\' AS VARCHAR),
                    CAST(\'$2y$10$u7mieVc4UWlvSgxQpA7/teMPnZrnRGi9HWXJtSmvtxnyQYhyRy0Dq\' AS VARCHAR),
                    CAST(\'9999999999\' AS VARCHAR),
                    CAST(\'[5,9,10,11,12]\' AS VARCHAR),  -- Access levels as VARCHAR
                   
                )')
 3 APPPATH\Controllers\Home.php(549): CodeIgniter\Database\BaseConnection->query('CALL sp_manage_Consultant(
                    CAST(? AS INTEGER),  -- ID will be null for insert
                    CAST(? AS VARCHAR),
                    CAST(? AS VARCHAR),
                 
                    CAST(? AS VARCHAR),
                    CAST(? AS VARCHAR),
                    CAST(? AS VARCHAR),
                    CAST(? AS VARCHAR),  -- Access levels as VARCHAR
                   
                )', [...])
 4 SYSTEMPATH\CodeIgniter.php(933): App\Controllers\Home->createcunsltant('tbl_consultants', '0')
 5 SYSTEMPATH\CodeIgniter.php(509): CodeIgniter\CodeIgniter->runController(Object(App\Controllers\Home))
 6 SYSTEMPATH\CodeIgniter.php(355): CodeIgniter\CodeIgniter->handleRequest(null, Object(Config\Cache), false)
 7 SYSTEMPATH\Boot.php(312): CodeIgniter\CodeIgniter->run()
 8 SYSTEMPATH\Boot.php(67): CodeIgniter\Boot::runCodeIgniter(Object(CodeIgniter\CodeIgniter))
 9 FCPATH\index.php(56): CodeIgniter\Boot::bootWeb(Object(Config\Paths))
CRITICAL - 2025-03-27 09:33:36 --> [Caused by] ErrorException: pg_query(): Query failed: ERROR:  syntax error at or near &quot;)&quot;
LINE 11:                 )
                         ^
in SYSTEMPATH\Database\Postgre\Connection.php on line 193.
 1 [internal function]: CodeIgniter\Debug\Exceptions->errorHandler(2, 'pg_query(): Query failed: ERROR:  syntax error at or near &quot;)&quot;
LINE 11:                 )
                         ^', 'C:\\xampp\\htdocs\\salonClinic\\system\\Database\\Postgre\\Connection.php', 193)
 2 SYSTEMPATH\Database\Postgre\Connection.php(193): pg_query(Object(PgSql\Connection), 'CALL sp_manage_Consultant(
                    CAST(\'0\' AS INTEGER),  -- ID will be null for insert
                    CAST(\'Charu\' AS VARCHAR),
                    CAST(\'Diploma in Cosmetology\' AS VARCHAR),
                 
                    CAST(\'Consultant\' AS VARCHAR),
                    CAST(\'$2y$10$u7mieVc4UWlvSgxQpA7/teMPnZrnRGi9HWXJtSmvtxnyQYhyRy0Dq\' AS VARCHAR),
                    CAST(\'9999999999\' AS VARCHAR),
                    CAST(\'[5,9,10,11,12]\' AS VARCHAR),  -- Access levels as VARCHAR
                   
                )')
 3 SYSTEMPATH\Database\BaseConnection.php(722): CodeIgniter\Database\Postgre\Connection->execute('CALL sp_manage_Consultant(
                    CAST(\'0\' AS INTEGER),  -- ID will be null for insert
                    CAST(\'Charu\' AS VARCHAR),
                    CAST(\'Diploma in Cosmetology\' AS VARCHAR),
                 
                    CAST(\'Consultant\' AS VARCHAR),
                    CAST(\'$2y$10$u7mieVc4UWlvSgxQpA7/teMPnZrnRGi9HWXJtSmvtxnyQYhyRy0Dq\' AS VARCHAR),
                    CAST(\'9999999999\' AS VARCHAR),
                    CAST(\'[5,9,10,11,12]\' AS VARCHAR),  -- Access levels as VARCHAR
                   
                )')
 4 SYSTEMPATH\Database\BaseConnection.php(636): CodeIgniter\Database\BaseConnection->simpleQuery('CALL sp_manage_Consultant(
                    CAST(\'0\' AS INTEGER),  -- ID will be null for insert
                    CAST(\'Charu\' AS VARCHAR),
                    CAST(\'Diploma in Cosmetology\' AS VARCHAR),
                 
                    CAST(\'Consultant\' AS VARCHAR),
                    CAST(\'$2y$10$u7mieVc4UWlvSgxQpA7/teMPnZrnRGi9HWXJtSmvtxnyQYhyRy0Dq\' AS VARCHAR),
                    CAST(\'9999999999\' AS VARCHAR),
                    CAST(\'[5,9,10,11,12]\' AS VARCHAR),  -- Access levels as VARCHAR
                   
                )')
 5 APPPATH\Controllers\Home.php(549): CodeIgniter\Database\BaseConnection->query('CALL sp_manage_Consultant(
                    CAST(? AS INTEGER),  -- ID will be null for insert
                    CAST(? AS VARCHAR),
                    CAST(? AS VARCHAR),
                 
                    CAST(? AS VARCHAR),
                    CAST(? AS VARCHAR),
                    CAST(? AS VARCHAR),
                    CAST(? AS VARCHAR),  -- Access levels as VARCHAR
                   
                )', [...])
 6 SYSTEMPATH\CodeIgniter.php(933): App\Controllers\Home->createcunsltant('tbl_consultants', '0')
 7 SYSTEMPATH\CodeIgniter.php(509): CodeIgniter\CodeIgniter->runController(Object(App\Controllers\Home))
 8 SYSTEMPATH\CodeIgniter.php(355): CodeIgniter\CodeIgniter->handleRequest(null, Object(Config\Cache), false)
 9 SYSTEMPATH\Boot.php(312): CodeIgniter\CodeIgniter->run()
10 SYSTEMPATH\Boot.php(67): CodeIgniter\Boot::runCodeIgniter(Object(CodeIgniter\CodeIgniter))
11 FCPATH\index.php(56): CodeIgniter\Boot::bootWeb(Object(Config\Paths))
ERROR - 2025-03-27 09:53:13 --> ErrorException: pg_query(): Query failed: ERROR:  column &quot;services&quot; of relation &quot;tbl_register&quot; does not exist
LINE 1: ...INTO tbl_register (name, degree, password, mobile, services)
                                                              ^
QUERY:  INSERT INTO tbl_register (name, degree, password, mobile, services)
            VALUES (p_name, p_degree, p_password, p_mobile, p_services)
CONTEXT:  PL/pgSQL function sp_manage_consultant(integer,character varying,character varying,character varying,character varying,character varying) line 7 at SQL statement in C:\xampp\htdocs\salonClinic\system\Database\Postgre\Connection.php:193
Stack trace:
#0 [internal function]: CodeIgniter\Debug\Exceptions->errorHandler(2, 'pg_query(): Que...', 'C:\\xampp\\htdocs...', 193)
#1 C:\xampp\htdocs\salonClinic\system\Database\Postgre\Connection.php(193): pg_query(Object(PgSql\Connection), 'CALL sp_manage_...')
#2 C:\xampp\htdocs\salonClinic\system\Database\BaseConnection.php(722): CodeIgniter\Database\Postgre\Connection->execute('CALL sp_manage_...')
#3 C:\xampp\htdocs\salonClinic\system\Database\BaseConnection.php(636): CodeIgniter\Database\BaseConnection->simpleQuery('CALL sp_manage_...')
#4 C:\xampp\htdocs\salonClinic\app\Controllers\Home.php(517): CodeIgniter\Database\BaseConnection->query('CALL sp_manage_...', Array)
#5 C:\xampp\htdocs\salonClinic\system\CodeIgniter.php(933): App\Controllers\Home->createcunsltant('tbl_consultants', '0')
#6 C:\xampp\htdocs\salonClinic\system\CodeIgniter.php(509): CodeIgniter\CodeIgniter->runController(Object(App\Controllers\Home))
#7 C:\xampp\htdocs\salonClinic\system\CodeIgniter.php(355): CodeIgniter\CodeIgniter->handleRequest(NULL, Object(Config\Cache), false)
#8 C:\xampp\htdocs\salonClinic\system\Boot.php(312): CodeIgniter\CodeIgniter->run()
#9 C:\xampp\htdocs\salonClinic\system\Boot.php(67): CodeIgniter\Boot::runCodeIgniter(Object(CodeIgniter\CodeIgniter))
#10 C:\xampp\htdocs\salonClinic\index.php(56): CodeIgniter\Boot::bootWeb(Object(Config\Paths))
#11 {main}
CRITICAL - 2025-03-27 09:53:13 --> CodeIgniter\Database\Exceptions\DatabaseException: pg_query(): Query failed: ERROR:  column &quot;services&quot; of relation &quot;tbl_register&quot; does not exist
LINE 1: ...INTO tbl_register (name, degree, password, mobile, services)
                                                              ^
QUERY:  INSERT INTO tbl_register (name, degree, password, mobile, services)
            VALUES (p_name, p_degree, p_password, p_mobile, p_services)
CONTEXT:  PL/pgSQL function sp_manage_consultant(integer,character varying,character varying,character varying,character varying,character varying) line 7 at SQL statement
[Method: POST, Route: createcunsltant/tbl_consultants/0]
in SYSTEMPATH\Database\BaseConnection.php on line 676.
 1 APPPATH\Controllers\Home.php(517): CodeIgniter\Database\BaseConnection->query('CALL sp_manage_Consultant(
        CAST(? AS INTEGER), 
        CAST(? AS VARCHAR),
        CAST(? AS VARCHAR),
        CAST(? AS VARCHAR),
        CAST(? AS VARCHAR),
        CAST(? AS TEXT) -- Added for services
    )', [...])
 2 SYSTEMPATH\CodeIgniter.php(933): App\Controllers\Home->createcunsltant('tbl_consultants', '0')
 3 SYSTEMPATH\CodeIgniter.php(509): CodeIgniter\CodeIgniter->runController(Object(App\Controllers\Home))
 4 SYSTEMPATH\CodeIgniter.php(355): CodeIgniter\CodeIgniter->handleRequest(null, Object(Config\Cache), false)
 5 SYSTEMPATH\Boot.php(312): CodeIgniter\CodeIgniter->run()
 6 SYSTEMPATH\Boot.php(67): CodeIgniter\Boot::runCodeIgniter(Object(CodeIgniter\CodeIgniter))
 7 FCPATH\index.php(56): CodeIgniter\Boot::bootWeb(Object(Config\Paths))
CRITICAL - 2025-03-27 09:53:13 --> [Caused by] CodeIgniter\Database\Exceptions\DatabaseException: pg_query(): Query failed: ERROR:  column &quot;services&quot; of relation &quot;tbl_register&quot; does not exist
LINE 1: ...INTO tbl_register (name, degree, password, mobile, services)
                                                              ^
QUERY:  INSERT INTO tbl_register (name, degree, password, mobile, services)
            VALUES (p_name, p_degree, p_password, p_mobile, p_services)
CONTEXT:  PL/pgSQL function sp_manage_consultant(integer,character varying,character varying,character varying,character varying,character varying) line 7 at SQL statement
in SYSTEMPATH\Database\Postgre\Connection.php on line 198.
 1 SYSTEMPATH\Database\BaseConnection.php(722): CodeIgniter\Database\Postgre\Connection->execute('CALL sp_manage_Consultant(
        CAST(0 AS INTEGER), 
        CAST(\'Charu\' AS VARCHAR),
        CAST(\'Diploma in Cosmetology\' AS VARCHAR),
        CAST(\'$2y$10$2XdnOefiz7OQOnGHsEw7Qu/kjNEiTOTZHH5L6Ce64jRGt7Art8lEu\' AS VARCHAR),
        CAST(\'9999999999\' AS VARCHAR),
        CAST(\'[3,6,9]\' AS TEXT) -- Added for services
    )')
 2 SYSTEMPATH\Database\BaseConnection.php(636): CodeIgniter\Database\BaseConnection->simpleQuery('CALL sp_manage_Consultant(
        CAST(0 AS INTEGER), 
        CAST(\'Charu\' AS VARCHAR),
        CAST(\'Diploma in Cosmetology\' AS VARCHAR),
        CAST(\'$2y$10$2XdnOefiz7OQOnGHsEw7Qu/kjNEiTOTZHH5L6Ce64jRGt7Art8lEu\' AS VARCHAR),
        CAST(\'9999999999\' AS VARCHAR),
        CAST(\'[3,6,9]\' AS TEXT) -- Added for services
    )')
 3 APPPATH\Controllers\Home.php(517): CodeIgniter\Database\BaseConnection->query('CALL sp_manage_Consultant(
        CAST(? AS INTEGER), 
        CAST(? AS VARCHAR),
        CAST(? AS VARCHAR),
        CAST(? AS VARCHAR),
        CAST(? AS VARCHAR),
        CAST(? AS TEXT) -- Added for services
    )', [...])
 4 SYSTEMPATH\CodeIgniter.php(933): App\Controllers\Home->createcunsltant('tbl_consultants', '0')
 5 SYSTEMPATH\CodeIgniter.php(509): CodeIgniter\CodeIgniter->runController(Object(App\Controllers\Home))
 6 SYSTEMPATH\CodeIgniter.php(355): CodeIgniter\CodeIgniter->handleRequest(null, Object(Config\Cache), false)
 7 SYSTEMPATH\Boot.php(312): CodeIgniter\CodeIgniter->run()
 8 SYSTEMPATH\Boot.php(67): CodeIgniter\Boot::runCodeIgniter(Object(CodeIgniter\CodeIgniter))
 9 FCPATH\index.php(56): CodeIgniter\Boot::bootWeb(Object(Config\Paths))
CRITICAL - 2025-03-27 09:53:13 --> [Caused by] ErrorException: pg_query(): Query failed: ERROR:  column &quot;services&quot; of relation &quot;tbl_register&quot; does not exist
LINE 1: ...INTO tbl_register (name, degree, password, mobile, services)
                                                              ^
QUERY:  INSERT INTO tbl_register (name, degree, password, mobile, services)
            VALUES (p_name, p_degree, p_password, p_mobile, p_services)
CONTEXT:  PL/pgSQL function sp_manage_consultant(integer,character varying,character varying,character varying,character varying,character varying) line 7 at SQL statement
in SYSTEMPATH\Database\Postgre\Connection.php on line 193.
 1 [internal function]: CodeIgniter\Debug\Exceptions->errorHandler(2, 'pg_query(): Query failed: ERROR:  column &quot;services&quot; of relation &quot;tbl_register&quot; does not exist
LINE 1: ...INTO tbl_register (name, degree, password, mobile, services)
                                                              ^
QUERY:  INSERT INTO tbl_register (name, degree, password, mobile, services)
            VALUES (p_name, p_degree, p_password, p_mobile, p_services)
CONTEXT:  PL/pgSQL function sp_manage_consultant(integer,character varying,character varying,character varying,character varying,character varying) line 7 at SQL statement', 'C:\\xampp\\htdocs\\salonClinic\\system\\Database\\Postgre\\Connection.php', 193)
 2 SYSTEMPATH\Database\Postgre\Connection.php(193): pg_query(Object(PgSql\Connection), 'CALL sp_manage_Consultant(
        CAST(0 AS INTEGER), 
        CAST(\'Charu\' AS VARCHAR),
        CAST(\'Diploma in Cosmetology\' AS VARCHAR),
        CAST(\'$2y$10$2XdnOefiz7OQOnGHsEw7Qu/kjNEiTOTZHH5L6Ce64jRGt7Art8lEu\' AS VARCHAR),
        CAST(\'9999999999\' AS VARCHAR),
        CAST(\'[3,6,9]\' AS TEXT) -- Added for services
    )')
 3 SYSTEMPATH\Database\BaseConnection.php(722): CodeIgniter\Database\Postgre\Connection->execute('CALL sp_manage_Consultant(
        CAST(0 AS INTEGER), 
        CAST(\'Charu\' AS VARCHAR),
        CAST(\'Diploma in Cosmetology\' AS VARCHAR),
        CAST(\'$2y$10$2XdnOefiz7OQOnGHsEw7Qu/kjNEiTOTZHH5L6Ce64jRGt7Art8lEu\' AS VARCHAR),
        CAST(\'9999999999\' AS VARCHAR),
        CAST(\'[3,6,9]\' AS TEXT) -- Added for services
    )')
 4 SYSTEMPATH\Database\BaseConnection.php(636): CodeIgniter\Database\BaseConnection->simpleQuery('CALL sp_manage_Consultant(
        CAST(0 AS INTEGER), 
        CAST(\'Charu\' AS VARCHAR),
        CAST(\'Diploma in Cosmetology\' AS VARCHAR),
        CAST(\'$2y$10$2XdnOefiz7OQOnGHsEw7Qu/kjNEiTOTZHH5L6Ce64jRGt7Art8lEu\' AS VARCHAR),
        CAST(\'9999999999\' AS VARCHAR),
        CAST(\'[3,6,9]\' AS TEXT) -- Added for services
    )')
 5 APPPATH\Controllers\Home.php(517): CodeIgniter\Database\BaseConnection->query('CALL sp_manage_Consultant(
        CAST(? AS INTEGER), 
        CAST(? AS VARCHAR),
        CAST(? AS VARCHAR),
        CAST(? AS VARCHAR),
        CAST(? AS VARCHAR),
        CAST(? AS TEXT) -- Added for services
    )', [...])
 6 SYSTEMPATH\CodeIgniter.php(933): App\Controllers\Home->createcunsltant('tbl_consultants', '0')
 7 SYSTEMPATH\CodeIgniter.php(509): CodeIgniter\CodeIgniter->runController(Object(App\Controllers\Home))
 8 SYSTEMPATH\CodeIgniter.php(355): CodeIgniter\CodeIgniter->handleRequest(null, Object(Config\Cache), false)
 9 SYSTEMPATH\Boot.php(312): CodeIgniter\CodeIgniter->run()
10 SYSTEMPATH\Boot.php(67): CodeIgniter\Boot::runCodeIgniter(Object(CodeIgniter\CodeIgniter))
11 FCPATH\index.php(56): CodeIgniter\Boot::bootWeb(Object(Config\Paths))
ERROR - 2025-03-27 09:55:51 --> ErrorException: pg_query(): Query failed: ERROR:  column &quot;mobile&quot; is of type bigint but expression is of type character varying
LINE 2:             VALUES (p_name, p_degree, p_password, p_mobile, ...
                                                          ^
HINT:  You will need to rewrite or cast the expression.
QUERY:  INSERT INTO tbl_consultants (name, degree, password, mobile, services)
            VALUES (p_name, p_degree, p_password, p_mobile, p_services)
CONTEXT:  PL/pgSQL function sp_manage_consultant(integer,character varying,character varying,character varying,character varying,character varying) line 7 at SQL statement in C:\xampp\htdocs\salonClinic\system\Database\Postgre\Connection.php:193
Stack trace:
#0 [internal function]: CodeIgniter\Debug\Exceptions->errorHandler(2, 'pg_query(): Que...', 'C:\\xampp\\htdocs...', 193)
#1 C:\xampp\htdocs\salonClinic\system\Database\Postgre\Connection.php(193): pg_query(Object(PgSql\Connection), 'CALL sp_manage_...')
#2 C:\xampp\htdocs\salonClinic\system\Database\BaseConnection.php(722): CodeIgniter\Database\Postgre\Connection->execute('CALL sp_manage_...')
#3 C:\xampp\htdocs\salonClinic\system\Database\BaseConnection.php(636): CodeIgniter\Database\BaseConnection->simpleQuery('CALL sp_manage_...')
#4 C:\xampp\htdocs\salonClinic\app\Controllers\Home.php(517): CodeIgniter\Database\BaseConnection->query('CALL sp_manage_...', Array)
#5 C:\xampp\htdocs\salonClinic\system\CodeIgniter.php(933): App\Controllers\Home->createcunsltant('tbl_consultants', '0')
#6 C:\xampp\htdocs\salonClinic\system\CodeIgniter.php(509): CodeIgniter\CodeIgniter->runController(Object(App\Controllers\Home))
#7 C:\xampp\htdocs\salonClinic\system\CodeIgniter.php(355): CodeIgniter\CodeIgniter->handleRequest(NULL, Object(Config\Cache), false)
#8 C:\xampp\htdocs\salonClinic\system\Boot.php(312): CodeIgniter\CodeIgniter->run()
#9 C:\xampp\htdocs\salonClinic\system\Boot.php(67): CodeIgniter\Boot::runCodeIgniter(Object(CodeIgniter\CodeIgniter))
#10 C:\xampp\htdocs\salonClinic\index.php(56): CodeIgniter\Boot::bootWeb(Object(Config\Paths))
#11 {main}
CRITICAL - 2025-03-27 09:55:51 --> CodeIgniter\Database\Exceptions\DatabaseException: pg_query(): Query failed: ERROR:  column &quot;mobile&quot; is of type bigint but expression is of type character varying
LINE 2:             VALUES (p_name, p_degree, p_password, p_mobile, ...
                                                          ^
HINT:  You will need to rewrite or cast the expression.
QUERY:  INSERT INTO tbl_consultants (name, degree, password, mobile, services)
            VALUES (p_name, p_degree, p_password, p_mobile, p_services)
CONTEXT:  PL/pgSQL function sp_manage_consultant(integer,character varying,character varying,character varying,character varying,character varying) line 7 at SQL statement
[Method: POST, Route: createcunsltant/tbl_consultants/0]
in SYSTEMPATH\Database\BaseConnection.php on line 676.
 1 APPPATH\Controllers\Home.php(517): CodeIgniter\Database\BaseConnection->query('CALL sp_manage_Consultant(
        CAST(? AS INTEGER), 
        CAST(? AS VARCHAR),
        CAST(? AS VARCHAR),
        CAST(? AS VARCHAR),
        CAST(? AS VARCHAR),
        CAST(? AS TEXT) -- Added for services
    )', [...])
 2 SYSTEMPATH\CodeIgniter.php(933): App\Controllers\Home->createcunsltant('tbl_consultants', '0')
 3 SYSTEMPATH\CodeIgniter.php(509): CodeIgniter\CodeIgniter->runController(Object(App\Controllers\Home))
 4 SYSTEMPATH\CodeIgniter.php(355): CodeIgniter\CodeIgniter->handleRequest(null, Object(Config\Cache), false)
 5 SYSTEMPATH\Boot.php(312): CodeIgniter\CodeIgniter->run()
 6 SYSTEMPATH\Boot.php(67): CodeIgniter\Boot::runCodeIgniter(Object(CodeIgniter\CodeIgniter))
 7 FCPATH\index.php(56): CodeIgniter\Boot::bootWeb(Object(Config\Paths))
CRITICAL - 2025-03-27 09:55:51 --> [Caused by] CodeIgniter\Database\Exceptions\DatabaseException: pg_query(): Query failed: ERROR:  column &quot;mobile&quot; is of type bigint but expression is of type character varying
LINE 2:             VALUES (p_name, p_degree, p_password, p_mobile, ...
                                                          ^
HINT:  You will need to rewrite or cast the expression.
QUERY:  INSERT INTO tbl_consultants (name, degree, password, mobile, services)
            VALUES (p_name, p_degree, p_password, p_mobile, p_services)
CONTEXT:  PL/pgSQL function sp_manage_consultant(integer,character varying,character varying,character varying,character varying,character varying) line 7 at SQL statement
in SYSTEMPATH\Database\Postgre\Connection.php on line 198.
 1 SYSTEMPATH\Database\BaseConnection.php(722): CodeIgniter\Database\Postgre\Connection->execute('CALL sp_manage_Consultant(
        CAST(0 AS INTEGER), 
        CAST(\'Charu\' AS VARCHAR),
        CAST(\'Diploma in Cosmetology\' AS VARCHAR),
        CAST(\'$2y$10$h9M/0OHFxzy1lSP6T1g25efTY7cr1I4ruRUB4AI7D7j7igmVyD71C\' AS VARCHAR),
        CAST(\'9999999999\' AS VARCHAR),
        CAST(\'[3,6,9]\' AS TEXT) -- Added for services
    )')
 2 SYSTEMPATH\Database\BaseConnection.php(636): CodeIgniter\Database\BaseConnection->simpleQuery('CALL sp_manage_Consultant(
        CAST(0 AS INTEGER), 
        CAST(\'Charu\' AS VARCHAR),
        CAST(\'Diploma in Cosmetology\' AS VARCHAR),
        CAST(\'$2y$10$h9M/0OHFxzy1lSP6T1g25efTY7cr1I4ruRUB4AI7D7j7igmVyD71C\' AS VARCHAR),
        CAST(\'9999999999\' AS VARCHAR),
        CAST(\'[3,6,9]\' AS TEXT) -- Added for services
    )')
 3 APPPATH\Controllers\Home.php(517): CodeIgniter\Database\BaseConnection->query('CALL sp_manage_Consultant(
        CAST(? AS INTEGER), 
        CAST(? AS VARCHAR),
        CAST(? AS VARCHAR),
        CAST(? AS VARCHAR),
        CAST(? AS VARCHAR),
        CAST(? AS TEXT) -- Added for services
    )', [...])
 4 SYSTEMPATH\CodeIgniter.php(933): App\Controllers\Home->createcunsltant('tbl_consultants', '0')
 5 SYSTEMPATH\CodeIgniter.php(509): CodeIgniter\CodeIgniter->runController(Object(App\Controllers\Home))
 6 SYSTEMPATH\CodeIgniter.php(355): CodeIgniter\CodeIgniter->handleRequest(null, Object(Config\Cache), false)
 7 SYSTEMPATH\Boot.php(312): CodeIgniter\CodeIgniter->run()
 8 SYSTEMPATH\Boot.php(67): CodeIgniter\Boot::runCodeIgniter(Object(CodeIgniter\CodeIgniter))
 9 FCPATH\index.php(56): CodeIgniter\Boot::bootWeb(Object(Config\Paths))
CRITICAL - 2025-03-27 09:55:51 --> [Caused by] ErrorException: pg_query(): Query failed: ERROR:  column &quot;mobile&quot; is of type bigint but expression is of type character varying
LINE 2:             VALUES (p_name, p_degree, p_password, p_mobile, ...
                                                          ^
HINT:  You will need to rewrite or cast the expression.
QUERY:  INSERT INTO tbl_consultants (name, degree, password, mobile, services)
            VALUES (p_name, p_degree, p_password, p_mobile, p_services)
CONTEXT:  PL/pgSQL function sp_manage_consultant(integer,character varying,character varying,character varying,character varying,character varying) line 7 at SQL statement
in SYSTEMPATH\Database\Postgre\Connection.php on line 193.
 1 [internal function]: CodeIgniter\Debug\Exceptions->errorHandler(2, 'pg_query(): Query failed: ERROR:  column &quot;mobile&quot; is of type bigint but expression is of type character varying
LINE 2:             VALUES (p_name, p_degree, p_password, p_mobile, ...
                                                          ^
HINT:  You will need to rewrite or cast the expression.
QUERY:  INSERT INTO tbl_consultants (name, degree, password, mobile, services)
            VALUES (p_name, p_degree, p_password, p_mobile, p_services)
CONTEXT:  PL/pgSQL function sp_manage_consultant(integer,character varying,character varying,character varying,character varying,character varying) line 7 at SQL statement', 'C:\\xampp\\htdocs\\salonClinic\\system\\Database\\Postgre\\Connection.php', 193)
 2 SYSTEMPATH\Database\Postgre\Connection.php(193): pg_query(Object(PgSql\Connection), 'CALL sp_manage_Consultant(
        CAST(0 AS INTEGER), 
        CAST(\'Charu\' AS VARCHAR),
        CAST(\'Diploma in Cosmetology\' AS VARCHAR),
        CAST(\'$2y$10$h9M/0OHFxzy1lSP6T1g25efTY7cr1I4ruRUB4AI7D7j7igmVyD71C\' AS VARCHAR),
        CAST(\'9999999999\' AS VARCHAR),
        CAST(\'[3,6,9]\' AS TEXT) -- Added for services
    )')
 3 SYSTEMPATH\Database\BaseConnection.php(722): CodeIgniter\Database\Postgre\Connection->execute('CALL sp_manage_Consultant(
        CAST(0 AS INTEGER), 
        CAST(\'Charu\' AS VARCHAR),
        CAST(\'Diploma in Cosmetology\' AS VARCHAR),
        CAST(\'$2y$10$h9M/0OHFxzy1lSP6T1g25efTY7cr1I4ruRUB4AI7D7j7igmVyD71C\' AS VARCHAR),
        CAST(\'9999999999\' AS VARCHAR),
        CAST(\'[3,6,9]\' AS TEXT) -- Added for services
    )')
 4 SYSTEMPATH\Database\BaseConnection.php(636): CodeIgniter\Database\BaseConnection->simpleQuery('CALL sp_manage_Consultant(
        CAST(0 AS INTEGER), 
        CAST(\'Charu\' AS VARCHAR),
        CAST(\'Diploma in Cosmetology\' AS VARCHAR),
        CAST(\'$2y$10$h9M/0OHFxzy1lSP6T1g25efTY7cr1I4ruRUB4AI7D7j7igmVyD71C\' AS VARCHAR),
        CAST(\'9999999999\' AS VARCHAR),
        CAST(\'[3,6,9]\' AS TEXT) -- Added for services
    )')
 5 APPPATH\Controllers\Home.php(517): CodeIgniter\Database\BaseConnection->query('CALL sp_manage_Consultant(
        CAST(? AS INTEGER), 
        CAST(? AS VARCHAR),
        CAST(? AS VARCHAR),
        CAST(? AS VARCHAR),
        CAST(? AS VARCHAR),
        CAST(? AS TEXT) -- Added for services
    )', [...])
 6 SYSTEMPATH\CodeIgniter.php(933): App\Controllers\Home->createcunsltant('tbl_consultants', '0')
 7 SYSTEMPATH\CodeIgniter.php(509): CodeIgniter\CodeIgniter->runController(Object(App\Controllers\Home))
 8 SYSTEMPATH\CodeIgniter.php(355): CodeIgniter\CodeIgniter->handleRequest(null, Object(Config\Cache), false)
 9 SYSTEMPATH\Boot.php(312): CodeIgniter\CodeIgniter->run()
10 SYSTEMPATH\Boot.php(67): CodeIgniter\Boot::runCodeIgniter(Object(CodeIgniter\CodeIgniter))
11 FCPATH\index.php(56): CodeIgniter\Boot::bootWeb(Object(Config\Paths))
ERROR - 2025-03-27 10:00:35 --> ErrorException: pg_query(): Query failed: ERROR:  value too long for type character varying(20)
CONTEXT:  SQL statement &quot;INSERT INTO tbl_consultants (name, degree, password, mobile, services)
            VALUES (p_name, p_degree, p_password, p_mobile, p_services)&quot;
PL/pgSQL function sp_manage_consultant(integer,character varying,character varying,character varying,character varying,character varying) line 7 at SQL statement in C:\xampp\htdocs\salonClinic\system\Database\Postgre\Connection.php:193
Stack trace:
#0 [internal function]: CodeIgniter\Debug\Exceptions->errorHandler(2, 'pg_query(): Que...', 'C:\\xampp\\htdocs...', 193)
#1 C:\xampp\htdocs\salonClinic\system\Database\Postgre\Connection.php(193): pg_query(Object(PgSql\Connection), 'CALL sp_manage_...')
#2 C:\xampp\htdocs\salonClinic\system\Database\BaseConnection.php(722): CodeIgniter\Database\Postgre\Connection->execute('CALL sp_manage_...')
#3 C:\xampp\htdocs\salonClinic\system\Database\BaseConnection.php(636): CodeIgniter\Database\BaseConnection->simpleQuery('CALL sp_manage_...')
#4 C:\xampp\htdocs\salonClinic\app\Controllers\Home.php(517): CodeIgniter\Database\BaseConnection->query('CALL sp_manage_...', Array)
#5 C:\xampp\htdocs\salonClinic\system\CodeIgniter.php(933): App\Controllers\Home->createcunsltant('tbl_consultants', '0')
#6 C:\xampp\htdocs\salonClinic\system\CodeIgniter.php(509): CodeIgniter\CodeIgniter->runController(Object(App\Controllers\Home))
#7 C:\xampp\htdocs\salonClinic\system\CodeIgniter.php(355): CodeIgniter\CodeIgniter->handleRequest(NULL, Object(Config\Cache), false)
#8 C:\xampp\htdocs\salonClinic\system\Boot.php(312): CodeIgniter\CodeIgniter->run()
#9 C:\xampp\htdocs\salonClinic\system\Boot.php(67): CodeIgniter\Boot::runCodeIgniter(Object(CodeIgniter\CodeIgniter))
#10 C:\xampp\htdocs\salonClinic\index.php(56): CodeIgniter\Boot::bootWeb(Object(Config\Paths))
#11 {main}
CRITICAL - 2025-03-27 10:00:35 --> CodeIgniter\Database\Exceptions\DatabaseException: pg_query(): Query failed: ERROR:  value too long for type character varying(20)
CONTEXT:  SQL statement &quot;INSERT INTO tbl_consultants (name, degree, password, mobile, services)
            VALUES (p_name, p_degree, p_password, p_mobile, p_services)&quot;
PL/pgSQL function sp_manage_consultant(integer,character varying,character varying,character varying,character varying,character varying) line 7 at SQL statement
[Method: POST, Route: createcunsltant/tbl_consultants/0]
in SYSTEMPATH\Database\BaseConnection.php on line 676.
 1 APPPATH\Controllers\Home.php(517): CodeIgniter\Database\BaseConnection->query('CALL sp_manage_Consultant(
        CAST(? AS INTEGER), 
        CAST(? AS VARCHAR),
        CAST(? AS VARCHAR),
        CAST(? AS VARCHAR),
        CAST(? AS VARCHAR),
        CAST(? AS TEXT) -- Added for services
    )', [...])
 2 SYSTEMPATH\CodeIgniter.php(933): App\Controllers\Home->createcunsltant('tbl_consultants', '0')
 3 SYSTEMPATH\CodeIgniter.php(509): CodeIgniter\CodeIgniter->runController(Object(App\Controllers\Home))
 4 SYSTEMPATH\CodeIgniter.php(355): CodeIgniter\CodeIgniter->handleRequest(null, Object(Config\Cache), false)
 5 SYSTEMPATH\Boot.php(312): CodeIgniter\CodeIgniter->run()
 6 SYSTEMPATH\Boot.php(67): CodeIgniter\Boot::runCodeIgniter(Object(CodeIgniter\CodeIgniter))
 7 FCPATH\index.php(56): CodeIgniter\Boot::bootWeb(Object(Config\Paths))
CRITICAL - 2025-03-27 10:00:35 --> [Caused by] CodeIgniter\Database\Exceptions\DatabaseException: pg_query(): Query failed: ERROR:  value too long for type character varying(20)
CONTEXT:  SQL statement &quot;INSERT INTO tbl_consultants (name, degree, password, mobile, services)
            VALUES (p_name, p_degree, p_password, p_mobile, p_services)&quot;
PL/pgSQL function sp_manage_consultant(integer,character varying,character varying,character varying,character varying,character varying) line 7 at SQL statement
in SYSTEMPATH\Database\Postgre\Connection.php on line 198.
 1 SYSTEMPATH\Database\BaseConnection.php(722): CodeIgniter\Database\Postgre\Connection->execute('CALL sp_manage_Consultant(
        CAST(0 AS INTEGER), 
        CAST(\'Charu\' AS VARCHAR),
        CAST(\'Diploma in Cosmetology\' AS VARCHAR),
        CAST(\'$2y$10$n42Ep3xdrgCYEB.Yk72T2.L7uzkC5GfxwOmSsGDgB6Hfg4dxH4xBq\' AS VARCHAR),
        CAST(\'9999999999\' AS VARCHAR),
        CAST(\'[3,6,9]\' AS TEXT) -- Added for services
    )')
 2 SYSTEMPATH\Database\BaseConnection.php(636): CodeIgniter\Database\BaseConnection->simpleQuery('CALL sp_manage_Consultant(
        CAST(0 AS INTEGER), 
        CAST(\'Charu\' AS VARCHAR),
        CAST(\'Diploma in Cosmetology\' AS VARCHAR),
        CAST(\'$2y$10$n42Ep3xdrgCYEB.Yk72T2.L7uzkC5GfxwOmSsGDgB6Hfg4dxH4xBq\' AS VARCHAR),
        CAST(\'9999999999\' AS VARCHAR),
        CAST(\'[3,6,9]\' AS TEXT) -- Added for services
    )')
 3 APPPATH\Controllers\Home.php(517): CodeIgniter\Database\BaseConnection->query('CALL sp_manage_Consultant(
        CAST(? AS INTEGER), 
        CAST(? AS VARCHAR),
        CAST(? AS VARCHAR),
        CAST(? AS VARCHAR),
        CAST(? AS VARCHAR),
        CAST(? AS TEXT) -- Added for services
    )', [...])
 4 SYSTEMPATH\CodeIgniter.php(933): App\Controllers\Home->createcunsltant('tbl_consultants', '0')
 5 SYSTEMPATH\CodeIgniter.php(509): CodeIgniter\CodeIgniter->runController(Object(App\Controllers\Home))
 6 SYSTEMPATH\CodeIgniter.php(355): CodeIgniter\CodeIgniter->handleRequest(null, Object(Config\Cache), false)
 7 SYSTEMPATH\Boot.php(312): CodeIgniter\CodeIgniter->run()
 8 SYSTEMPATH\Boot.php(67): CodeIgniter\Boot::runCodeIgniter(Object(CodeIgniter\CodeIgniter))
 9 FCPATH\index.php(56): CodeIgniter\Boot::bootWeb(Object(Config\Paths))
CRITICAL - 2025-03-27 10:00:35 --> [Caused by] ErrorException: pg_query(): Query failed: ERROR:  value too long for type character varying(20)
CONTEXT:  SQL statement &quot;INSERT INTO tbl_consultants (name, degree, password, mobile, services)
            VALUES (p_name, p_degree, p_password, p_mobile, p_services)&quot;
PL/pgSQL function sp_manage_consultant(integer,character varying,character varying,character varying,character varying,character varying) line 7 at SQL statement
in SYSTEMPATH\Database\Postgre\Connection.php on line 193.
 1 [internal function]: CodeIgniter\Debug\Exceptions->errorHandler(2, 'pg_query(): Query failed: ERROR:  value too long for type character varying(20)
CONTEXT:  SQL statement &quot;INSERT INTO tbl_consultants (name, degree, password, mobile, services)
            VALUES (p_name, p_degree, p_password, p_mobile, p_services)&quot;
PL/pgSQL function sp_manage_consultant(integer,character varying,character varying,character varying,character varying,character varying) line 7 at SQL statement', 'C:\\xampp\\htdocs\\salonClinic\\system\\Database\\Postgre\\Connection.php', 193)
 2 SYSTEMPATH\Database\Postgre\Connection.php(193): pg_query(Object(PgSql\Connection), 'CALL sp_manage_Consultant(
        CAST(0 AS INTEGER), 
        CAST(\'Charu\' AS VARCHAR),
        CAST(\'Diploma in Cosmetology\' AS VARCHAR),
        CAST(\'$2y$10$n42Ep3xdrgCYEB.Yk72T2.L7uzkC5GfxwOmSsGDgB6Hfg4dxH4xBq\' AS VARCHAR),
        CAST(\'9999999999\' AS VARCHAR),
        CAST(\'[3,6,9]\' AS TEXT) -- Added for services
    )')
 3 SYSTEMPATH\Database\BaseConnection.php(722): CodeIgniter\Database\Postgre\Connection->execute('CALL sp_manage_Consultant(
        CAST(0 AS INTEGER), 
        CAST(\'Charu\' AS VARCHAR),
        CAST(\'Diploma in Cosmetology\' AS VARCHAR),
        CAST(\'$2y$10$n42Ep3xdrgCYEB.Yk72T2.L7uzkC5GfxwOmSsGDgB6Hfg4dxH4xBq\' AS VARCHAR),
        CAST(\'9999999999\' AS VARCHAR),
        CAST(\'[3,6,9]\' AS TEXT) -- Added for services
    )')
 4 SYSTEMPATH\Database\BaseConnection.php(636): CodeIgniter\Database\BaseConnection->simpleQuery('CALL sp_manage_Consultant(
        CAST(0 AS INTEGER), 
        CAST(\'Charu\' AS VARCHAR),
        CAST(\'Diploma in Cosmetology\' AS VARCHAR),
        CAST(\'$2y$10$n42Ep3xdrgCYEB.Yk72T2.L7uzkC5GfxwOmSsGDgB6Hfg4dxH4xBq\' AS VARCHAR),
        CAST(\'9999999999\' AS VARCHAR),
        CAST(\'[3,6,9]\' AS TEXT) -- Added for services
    )')
 5 APPPATH\Controllers\Home.php(517): CodeIgniter\Database\BaseConnection->query('CALL sp_manage_Consultant(
        CAST(? AS INTEGER), 
        CAST(? AS VARCHAR),
        CAST(? AS VARCHAR),
        CAST(? AS VARCHAR),
        CAST(? AS VARCHAR),
        CAST(? AS TEXT) -- Added for services
    )', [...])
 6 SYSTEMPATH\CodeIgniter.php(933): App\Controllers\Home->createcunsltant('tbl_consultants', '0')
 7 SYSTEMPATH\CodeIgniter.php(509): CodeIgniter\CodeIgniter->runController(Object(App\Controllers\Home))
 8 SYSTEMPATH\CodeIgniter.php(355): CodeIgniter\CodeIgniter->handleRequest(null, Object(Config\Cache), false)
 9 SYSTEMPATH\Boot.php(312): CodeIgniter\CodeIgniter->run()
10 SYSTEMPATH\Boot.php(67): CodeIgniter\Boot::runCodeIgniter(Object(CodeIgniter\CodeIgniter))
11 FCPATH\index.php(56): CodeIgniter\Boot::bootWeb(Object(Config\Paths))
